--------- beginning of main
06-18 15:17:34.192  1021  1561 I bauth_FPBAuthService: pcf : 0x1012, 0 ,2 ,0 ,0 ,0 ,2, 7.0.0.1
06-18 15:17:34.192  1021  1561 I bauth_FPBAuthService: thread id : 2, preenroll_flag : 0, nd cnt : 1, cso : 1, et : 0
06-18 15:17:34.192  1021  1561 I bauth_FPBAuthService: FPBAuthService, 11463
06-18 15:17:34.571  1209  1563 D SemNscXgbMsL1: Probability - Cloud gaming: [0.008574161]
06-18 15:17:34.572  1209  1563 D SemNscXgbMsL1: Probability - Real time: [0.97018874]
06-18 15:17:34.572  1209  1563 D SemNscXgbMsL1: Probability - Non real time: [0.60358304]
06-18 15:17:34.572  1209  1563 D SemNscXgbMsL1: 1 sample inference time: 1.151 msecs
06-18 15:17:34.574  1209  1563 D SemNscXgbL2Rt: L2 RT 1 sample inference time: 1.585115 msecs
06-18 15:17:34.576  1209  1563 D SemNscXgbL2Nrt: L2 NRT 1 sample inference time: 1.555654 msecs
06-18 15:17:34.801 20713  9232 W adbd    : timed out while waiting for FUNCTIONFS_BIND, trying again
06-18 15:17:34.801 20713  9232 I adbd    : UsbFfs: connection terminated: monitor thread finished
06-18 15:17:34.847 20713 20718 I adbd    : opening control endpoint /dev/usb-ffs/adb/ep0
06-18 15:17:35.078  1209  1563 D SemNscXgbMsL1: Probability - Cloud gaming: [0.013697167]
06-18 15:17:35.078  1209  1563 D SemNscXgbMsL1: Probability - Real time: [0.9874851]
06-18 15:17:35.078  1209  1563 D SemNscXgbMsL1: Probability - Non real time: [0.6193279]
06-18 15:17:35.078  1209  1563 D SemNscXgbMsL1: 1 sample inference time: 1.015154 msecs
06-18 15:17:35.080  1209  1563 D SemNscXgbL2Rt: L2 RT 1 sample inference time: 1.2005 msecs
06-18 15:17:35.081  1209  1563 D SemNscXgbL2Nrt: L2 NRT 1 sample inference time: 1.125808 msecs
06-18 15:17:35.192  1021  1561 I bauth_FPBAuthService: pcf : 0x1012, 0 ,2 ,0 ,0 ,0 ,2, 7.0.0.1
06-18 15:17:35.192  1021  1561 I bauth_FPBAuthService: thread id : 2, preenroll_flag : 0, nd cnt : 1, cso : 1, et : 0
06-18 15:17:35.192  1021  1561 I bauth_FPBAuthService: FPBAuthService, 11463
06-18 15:17:35.583  1209  1563 D SemNscXgbMsL1: Probability - Cloud gaming: [0.007026046]
06-18 15:17:35.583  1209  1563 D SemNscXgbMsL1: Probability - Real time: [0.90839136]
06-18 15:17:35.584  1209  1563 D SemNscXgbMsL1: Probability - Non real time: [0.7220393]
06-18 15:17:35.584  1209  1563 D SemNscXgbMsL1: 1 sample inference time: 1.111615 msecs
06-18 15:17:35.586  1209  1563 D SemNscXgbL2Rt: L2 RT 1 sample inference time: 2.273577 msecs
06-18 15:17:35.590  1209  1563 D SemNscXgbL2Nrt: L2 NRT 1 sample inference time: 1.441884 msecs
06-18 15:17:35.849 20713  9235 W adbd    : timed out while waiting for FUNCTIONFS_BIND, trying again
06-18 15:17:35.849 20713  9235 I adbd    : UsbFfs: connection terminated: monitor thread finished
06-18 15:17:35.880 23055  9116 I NearbyMediums: Found Fast Ble Advertisements :
06-18 15:17:35.880 23055  9116 I NearbyMediums: BleAdvertisement { version=2, socketVersion=2, isFast=true, serviceIdHash=null, data=[ 0x23 0x34 0x38 0x42 0x56 0x11 0x32 0x1f 0x05 0xb1 0x77 0xec 0xd3 0x0c 0x69 0x6b 0x66 0x92 0x1f 0x2a 0xff 0x50 0x3f ], deviceToken=[ 0xe4 0x5b ], rxAdvertisement=null } : 4 times.
06-18 15:17:35.880 23055  9116 I NearbyMediums: Total 4 fast advertisements from 1 unique advertisers.
06-18 15:17:35.880 23055  9116 I NearbyMediums: Current Tracked Scanning Clients are : {NearbyConnections.EnvironmentMonitor, NearbySharing, NearbyConnections.TxAdvertisement}
06-18 15:17:35.882 23055  9115 I NearbyConnections: Processing lost BlePeripheral BlePeripheral{advertisement=BleAdvertisement { version=2, socketVersion=2, isFast=true, serviceIdHash=null, data=[ 0x23 0x52 0x38 0x54 0x46 0x11 0x32 0xcd 0x75 0xe6 0x64 0x04 0x3e 0x65 0xdd 0xb2 0xb9 0x89 0xe6 0xda 0xef 0xc2 0x3b ], deviceToken=[ 0x71 0x82 ], rxAdvertisement=null }, dctAdvertisement=null, address=null, psm=0, deviceToken=<ByteString@8a2abb1 size=2 contents="q\202">, isSecondProfile=false, rxInstantConnectionAdv=null}.
06-18 15:17:35.882 23055  9115 I NearbyConnections: Lost BleEndpoint for BlePeripheral BlePeripheral{advertisement=BleAdvertisement { version=2, socketVersion=2, isFast=true, serviceIdHash=null, data=[ 0x23 0x52 0x38 0x54 0x46 0x11 0x32 0xcd 0x75 0xe6 0x64 0x04 0x3e 0x65 0xdd 0xb2 0xb9 0x89 0xe6 0xda 0xef 0xc2 0x3b ], deviceToken=[ 0x71 0x82 ], rxAdvertisement=null }, dctAdvertisement=null, address=null, psm=0, deviceToken=<ByteString@8a2abb1 size=2 contents="q\202">, isSecondProfile=false, rxInstantConnectionAdv=null} (with EndpointId R8TF and EndpointInfo [ 0x32 0xcd 0x75 0xe6 0x64 0x04 0x3e 0x65 0xdd 0xb2 0xb9 0x89 0xe6 0xda 0xef 0xc2 0x3b ]).
06-18 15:17:35.884 23055  9115 I NearbyConnections: ClientProxy(174291486) reporting onEndpointLost(R8TF)
06-18 15:17:35.885 23055  9236 I NearbySharing: NearbySharing Internal event EndpointLost(endpointId=R8TF)
06-18 15:17:35.887 20713 20718 I adbd    : opening control endpoint /dev/usb-ffs/adb/ep0
06-18 15:17:36.192  1021  1561 I bauth_FPBAuthService: pcf : 0x1012, 0 ,2 ,0 ,0 ,0 ,2, 7.0.0.1
06-18 15:17:36.193  1021  1561 I bauth_FPBAuthService: thread id : 2, preenroll_flag : 0, nd cnt : 1, cso : 1, et : 0
06-18 15:17:36.193  1021  1561 I bauth_FPBAuthService: FPBAuthService, 11463
06-18 15:17:36.382  1209 25662 D SemWifiUsabilityStatsMonitor: onWifiUsabilityStats - seqNum 80908, isSameBssidAndFreq true
06-18 15:17:36.385  1209  1565 I SemWifiLinkQualityMonitor: Link Qos Query: 0.640 ms / 12.496 Mbps (52 / 0.000 / 4.161)
06-18 15:17:36.563  1209  1563 D SemNscXgbMsL1: Probability - Cloud gaming: [0.01567315]
06-18 15:17:36.563  1209  1563 D SemNscXgbMsL1: Probability - Real time: [0.9704553]
06-18 15:17:36.564  1209  1563 D SemNscXgbMsL1: Probability - Non real time: [0.836201]
06-18 15:17:36.564  1209  1563 D SemNscXgbMsL1: 1 sample inference time: 1.216154 msecs
06-18 15:17:36.566  1209  1563 D SemNscXgbL2Rt: L2 RT 1 sample inference time: 1.618731 msecs
06-18 15:17:36.567  1209  1563 D SemNscXgbL2Nrt: L2 NRT 1 sample inference time: 1.647 msecs
06-18 15:17:36.891 20713  9237 W adbd    : timed out while waiting for FUNCTIONFS_BIND, trying again
06-18 15:17:36.891 20713  9237 I adbd    : UsbFfs: connection terminated: monitor thread finished
06-18 15:17:36.931 20713 20718 I adbd    : opening control endpoint /dev/usb-ffs/adb/ep0
06-18 15:17:37.068  1209  1563 D SemNscXgbMsL1: Probability - Cloud gaming: [0.008961292]
06-18 15:17:37.070  1209  1563 D SemNscXgbMsL1: Probability - Real time: [0.8606697]
06-18 15:17:37.070  1209  1563 D SemNscXgbMsL1: Probability - Non real time: [0.86743706]
06-18 15:17:37.070  1209  1563 D SemNscXgbMsL1: 1 sample inference time: 2.16523 msecs
06-18 15:17:37.072  1209  1563 D SemNscXgbL2Rt: L2 RT 1 sample inference time: 1.614384 msecs
06-18 15:17:37.074  1209  1563 D SemNscXgbL2Nrt: L2 NRT 1 sample inference time: 1.700154 msecs
06-18 15:17:37.193  1021  1561 I bauth_FPBAuthService: pcf : 0x1012, 0 ,2 ,0 ,0 ,0 ,2, 7.0.0.1
06-18 15:17:37.193  1021  1561 I bauth_FPBAuthService: thread id : 2, preenroll_flag : 0, nd cnt : 1, cso : 1, et : 0
06-18 15:17:37.193  1021  1561 I bauth_FPBAuthService: FPBAuthService, 11463
06-18 15:17:37.575  1209  1563 D SemNscXgbMsL1: Probability - Cloud gaming: [0.0067543243]
06-18 15:17:37.576  1209  1563 D SemNscXgbMsL1: Probability - Real time: [0.9423111]
06-18 15:17:37.576  1209  1563 D SemNscXgbMsL1: Probability - Non real time: [0.80892575]
06-18 15:17:37.576  1209  1563 D SemNscXgbMsL1: 1 sample inference time: 1.154038 msecs
06-18 15:17:37.578  1209  1563 D SemNscXgbL2Rt: L2 RT 1 sample inference time: 1.645346 msecs
06-18 15:17:37.581  1209  1563 D SemNscXgbL2Nrt: L2 NRT 1 sample inference time: 1.482 msecs
06-18 15:17:37.679   980   401 D AudioAnalytics: gc(1700, 2000): log size:1700 item map size:21, item map items:1700
06-18 15:17:37.934 20713  9238 W adbd    : timed out while waiting for FUNCTIONFS_BIND, trying again
06-18 15:17:37.935 20713  9238 I adbd    : UsbFfs: connection terminated: monitor thread finished
06-18 15:17:37.975 20713 20718 I adbd    : opening control endpoint /dev/usb-ffs/adb/ep0
06-18 15:17:38.081  1209  1563 D SemNscXgbMsL1: Probability - Cloud gaming: [0.002582815]
06-18 15:17:38.081  1209  1563 D SemNscXgbMsL1: Probability - Real time: [0.963828]
06-18 15:17:38.081  1209  1563 D SemNscXgbMsL1: Probability - Non real time: [0.7698914]
06-18 15:17:38.081  1209  1563 D SemNscXgbMsL1: 1 sample inference time: 0.812115 msecs
06-18 15:17:38.083  1209  1563 D SemNscXgbL2Rt: L2 RT 1 sample inference time: 1.268731 msecs
06-18 15:17:38.085  1209  1563 D SemNscXgbL2Nrt: L2 NRT 1 sample inference time: 1.342231 msecs
--------- beginning of system
06-18 15:17:38.126 27731 27731 I wpa_supplicant: Heartbeat 426
06-18 15:17:38.194  1021  1561 I bauth_FPBAuthService: pcf : 0x1012, 0 ,2 ,0 ,0 ,0 ,2, 7.0.0.1
06-18 15:17:38.194  1021  1561 I bauth_FPBAuthService: thread id : 2, preenroll_flag : 0, nd cnt : 1, cso : 1, et : 0
06-18 15:17:38.194  1021  1561 I bauth_FPBAuthService: FPBAuthService, 11463
06-18 15:17:38.585  1209  1563 D SemNscXgbMsL1: Probability - Cloud gaming: [0.0060798326]
06-18 15:17:38.586  1209  1563 D SemNscXgbMsL1: Probability - Real time: [0.982625]
06-18 15:17:38.586  1209  1563 D SemNscXgbMsL1: Probability - Non real time: [0.9145324]
06-18 15:17:38.586  1209  1563 D SemNscXgbMsL1: 1 sample inference time: 1.475423 msecs
06-18 15:17:38.588  1209  1563 D SemNscXgbL2Rt: L2 RT 1 sample inference time: 1.680385 msecs
06-18 15:17:38.590  1209  1563 D SemNscXgbL2Nrt: L2 NRT 1 sample inference time: 1.162192 msecs
06-18 15:17:38.978 20713  9239 W adbd    : timed out while waiting for FUNCTIONFS_BIND, trying again
06-18 15:17:38.978 20713  9239 I adbd    : UsbFfs: connection terminated: monitor thread finished
06-18 15:17:39.031 20713 20718 I adbd    : opening control endpoint /dev/usb-ffs/adb/ep0
06-18 15:17:39.194  1021  1561 I bauth_FPBAuthService: pcf : 0x1012, 0 ,2 ,0 ,0 ,0 ,2, 7.0.0.1
06-18 15:17:39.194  1021  1561 I bauth_FPBAuthService: thread id : 2, preenroll_flag : 0, nd cnt : 1, cso : 1, et : 0
06-18 15:17:39.194  1021  1561 I bauth_FPBAuthService: FPBAuthService, 11463
06-18 15:17:39.396  1209 25662 D SemWifiUsabilityStatsMonitor: onWifiUsabilityStats - seqNum 80909, isSameBssidAndFreq true
06-18 15:17:39.398  1209  1565 I SemWifiLinkQualityMonitor: Link Qos Query: 0.952 ms / 8.405 Mbps (39 / 0.000 / 4.640)
06-18 15:17:39.566  1209  1563 D SemNscXgbMsL1: Probability - Cloud gaming: [0.0035652386]
06-18 15:17:39.567  1209  1563 D SemNscXgbMsL1: Probability - Real time: [0.9820064]
06-18 15:17:39.568  1209  1563 D SemNscXgbMsL1: Probability - Non real time: [0.7185289]
06-18 15:17:39.568  1209  1563 D SemNscXgbMsL1: 1 sample inference time: 1.457461 msecs
06-18 15:17:39.570  1209  1563 D SemNscXgbL2Rt: L2 RT 1 sample inference time: 2.525154 msecs
06-18 15:17:39.572  1209  1563 D SemNscXgbL2Nrt: L2 NRT 1 sample inference time: 1.2695 msecs
06-18 15:17:39.843 27630 27871 D BtGatt.GattService: onScanResult to scannerId: 4- eventType=0x10, addressType=1, address=017E35_9, primaryPhy=1, secondaryPhy=0, advertisingSid=0xff, txPower=127, rssi=-86, periodicAdvInt=0x0
06-18 15:17:40.034 20713  9240 W adbd    : timed out while waiting for FUNCTIONFS_BIND, trying again
06-18 15:17:40.035 20713  9240 I adbd    : UsbFfs: connection terminated: monitor thread finished
06-18 15:17:40.074  1209  1563 D SemNscXgbMsL1: Probability - Cloud gaming: [0.045276687]
06-18 15:17:40.075  1209  1563 D SemNscXgbMsL1: Probability - Real time: [0.9294498]
06-18 15:17:40.076  1209  1563 D SemNscXgbMsL1: Probability - Non real time: [0.9646908]
06-18 15:17:40.076  1209  1563 D SemNscXgbMsL1: 1 sample inference time: 2.190884 msecs
06-18 15:17:40.079  1209  1563 D SemNscXgbL2Rt: L2 RT 1 sample inference time: 2.846192 msecs
06-18 15:17:40.079 20713 20718 I adbd    : opening control endpoint /dev/usb-ffs/adb/ep0
06-18 15:17:40.081  1209  1563 D SemNscXgbL2Nrt: L2 NRT 1 sample inference time: 1.834461 msecs
06-18 15:17:40.195  1021  1561 I bauth_FPBAuthService: pcf : 0x1012, 0 ,2 ,0 ,0 ,0 ,2, 7.0.0.1
06-18 15:17:40.195  1021  1561 I bauth_FPBAuthService: thread id : 2, preenroll_flag : 0, nd cnt : 1, cso : 1, et : 0
06-18 15:17:40.195  1021  1561 I bauth_FPBAuthService: FPBAuthService, 11463
06-18 15:17:40.314 27630 27871 D BtGatt.GattService: onScanResult to scannerId: 4- eventType=0x0, addressType=1, address=0B6A75_5, primaryPhy=1, secondaryPhy=1, advertisingSid=0x3, txPower=127, rssi=-84, periodicAdvInt=0x0
06-18 15:17:40.317 23055  9236 I NearbyConnections: Found BleAdvertisement [ 0x23 0x52 0x38 0x54 0x46 0x11 0x32 0xcd 0x75 0xe6 0x64 0x04 0x3e 0x65 0xdd 0xb2 0xb9 0x89 0xe6 0xda 0xef 0xc2 0x3b ] (with EndpointId R8TF and EndpointInfo [ 0x32 0xcd 0x75 0xe6 0x64 0x04 0x3e 0x65 0xdd 0xb2 0xb9 0x89 0xe6 0xda 0xef 0xc2 0x3b ])
06-18 15:17:40.319 23055  9236 I NearbyConnections: ClientProxy(174291486 0p:com.google.android.gms.nearby.sharing) reporting onEndpointFound(R8TF)
06-18 15:17:40.320 23055  9236 I NearbyConnections: ClientProxy(174291486) reporting onEndpointDistanceChanged(R8TF, UNKNOWN)
06-18 15:17:40.321 23055  9115 I NearbySharing: NearbySharing Internal event EndpointDiscovered(endpointId=R8TF)
06-18 15:17:40.582  1209  1563 D SemNscXgbMsL1: Probability - Cloud gaming: [0.010602724]
06-18 15:17:40.582  1209  1563 D SemNscXgbMsL1: Probability - Real time: [0.9798902]
06-18 15:17:40.582  1209  1563 D SemNscXgbMsL1: Probability - Non real time: [0.92884785]
06-18 15:17:40.582  1209  1563 D SemNscXgbMsL1: 1 sample inference time: 0.715308 msecs
06-18 15:17:40.584  1209  1563 D SemNscXgbL2Rt: L2 RT 1 sample inference time: 1.226038 msecs
06-18 15:17:40.585  1209  1563 D SemNscXgbL2Nrt: L2 NRT 1 sample inference time: 0.877192 msecs
06-18 15:17:40.611   870  3010 D DlbDap2Process: process() called [123000] times with input format 0x22 and channel mask 0x3 (ProcessingMode=1), htEnable=0(0, 0, 0)
06-18 15:17:41.083 20713  9241 W adbd    : timed out while waiting for FUNCTIONFS_BIND, trying again
06-18 15:17:41.083 20713  9241 I adbd    : UsbFfs: connection terminated: monitor thread finished
06-18 15:17:41.086  1209  1563 D SemNscXgbMsL1: Probability - Cloud gaming: [0.0067979405]
06-18 15:17:41.086  1209  1563 D SemNscXgbMsL1: Probability - Real time: [0.89903474]
06-18 15:17:41.088  1209  1563 D SemNscXgbMsL1: Probability - Non real time: [0.7257329]
06-18 15:17:41.088  1209  1563 D SemNscXgbMsL1: 1 sample inference time: 2.073154 msecs
06-18 15:17:41.090  1209  1563 D SemNscXgbL2Rt: L2 RT 1 sample inference time: 2.034923 msecs
06-18 15:17:41.092  1209  1563 D SemNscXgbL2Nrt: L2 NRT 1 sample inference time: 1.129884 msecs
06-18 15:17:41.115 20713 20718 I adbd    : opening control endpoint /dev/usb-ffs/adb/ep0
06-18 15:17:41.195  1021  1561 I bauth_FPBAuthService: pcf : 0x1012, 0 ,2 ,0 ,0 ,0 ,2, 7.0.0.1
06-18 15:17:41.195  1021  1561 I bauth_FPBAuthService: thread id : 2, preenroll_flag : 0, nd cnt : 1, cso : 1, et : 0
06-18 15:17:41.195  1021  1561 I bauth_FPBAuthService: FPBAuthService, 11463
06-18 15:17:41.471   810   810 E audit   : type=1400 audit(1781776061.469:229054): avc:  denied  { write } for  pid=22276 comm="PerfettoTrace" name="traced_producer" dev="tmpfs" ino=15699 scontext=u:r:gmscore_app:s0:c512,c768 tcontext=u:object_r:traced_producer_socket:s0 tclass=sock_file permissive=0 SEPF_SM-M127G_13_0001 audit_filtered
06-18 15:17:41.471   810   810 E audit   : type=1300 audit(1781776061.469:229054): arch=c00000b7 syscall=203 success=no exit=-13 a0=11c a1=76006834a0 a2=1e a3=ffffffff95d47905 items=1 ppid=827 pid=22276 auid=4294967295 uid=10200 gid=10200 euid=10200 suid=10200 fsuid=10200 egid=10200 sgid=10200 fsgid=10200 tty=(none) ses=4294967295 comm="PerfettoTrace" exe="/system/bin/app_process64" subj=u:r:gmscore_app:s0:c512,c768 key=(null)
06-18 15:17:41.471   810   810 E audit   : type=1306 audit(1781776061.469:229054): saddr=01002F6465762F736F636B65742F7472616365645F70726F647563657200
06-18 15:17:41.471   810   810 E audit   : type=1302 audit(1781776061.469:229054): item=0 name="/dev/socket/traced_producer" inode=15699 dev=00:10 mode=0140666 ouid=0 ogid=0 rdev=00:00 obj=u:object_r:traced_producer_socket:s0 nametype=NORMAL cap_fp=0000000000000000 cap_fi=0000000000000000 cap_fe=0 cap_fver=0
06-18 15:17:41.471   810   810 E audit   : type=1327 audit(1781776061.469:229054): proctitle="com.google.android.gms"
06-18 15:17:41.592  1209  1563 D SemNscXgbMsL1: Probability - Cloud gaming: [0.075244926]
06-18 15:17:41.593  1209  1563 D SemNscXgbMsL1: Probability - Real time: [0.51820993]
06-18 15:17:41.593  1209  1563 D SemNscXgbMsL1: Probability - Non real time: [0.8788125]
06-18 15:17:41.593  1209  1563 D SemNscXgbMsL1: 1 sample inference time: 1.004808 msecs
06-18 15:17:41.595  1209  1563 D SemNscXgbL2Rt: L2 RT 1 sample inference time: 1.601924 msecs
06-18 15:17:41.597  1209  1563 D SemNscXgbL2Nrt: L2 NRT 1 sample inference time: 1.644154 msecs
06-18 15:17:42.119 20713  9243 W adbd    : timed out while waiting for FUNCTIONFS_BIND, trying again
06-18 15:17:42.119 20713  9243 I adbd    : UsbFfs: connection terminated: monitor thread finished
06-18 15:17:42.155 20713 20718 I adbd    : opening control endpoint /dev/usb-ffs/adb/ep0
06-18 15:17:42.196  1021  1561 I bauth_FPBAuthService: pcf : 0x1012, 0 ,2 ,0 ,0 ,0 ,2, 7.0.0.1
06-18 15:17:42.196  1021  1561 I bauth_FPBAuthService: thread id : 2, preenroll_flag : 0, nd cnt : 1, cso : 1, et : 0
06-18 15:17:42.196  1021  1561 I bauth_FPBAuthService: FPBAuthService, 11463
06-18 15:17:42.404  1209 25662 D SemWifiUsabilityStatsMonitor: onWifiUsabilityStats - seqNum 80910, isSameBssidAndFreq true
06-18 15:17:42.410  1209  1565 I SemWifiLinkQualityMonitor: Link Qos Query: 0.272 ms / 29.421 Mbps (52 / 0.000 / 1.767)
06-18 15:17:42.572  1209  1563 D SemNscXgbMsL1: Probability - Cloud gaming: [0.010634606]
06-18 15:17:42.573  1209  1563 D SemNscXgbMsL1: Probability - Real time: [0.94731843]
06-18 15:17:42.573  1209  1563 D SemNscXgbMsL1: Probability - Non real time: [0.78182846]
06-18 15:17:42.573  1209  1563 D SemNscXgbMsL1: 1 sample inference time: 1.106962 msecs
06-18 15:17:42.575  1209  1563 D SemNscXgbL2Rt: L2 RT 1 sample inference time: 1.811885 msecs
06-18 15:17:42.577  1209  1563 D SemNscXgbL2Nrt: L2 NRT 1 sample inference time: 1.446615 msecs
06-18 15:17:43.077  1209  1563 D SemNscXgbMsL1: Probability - Cloud gaming: [0.01541931]
06-18 15:17:43.078  1209  1563 D SemNscXgbMsL1: Probability - Real time: [0.63080263]
06-18 15:17:43.078  1209  1563 D SemNscXgbMsL1: Probability - Non real time: [0.8745104]
06-18 15:17:43.078  1209  1563 D SemNscXgbMsL1: 1 sample inference time: 0.652116 msecs
06-18 15:17:43.079  1209  1563 D SemNscXgbL2Rt: L2 RT 1 sample inference time: 0.989077 msecs
06-18 15:17:43.080  1209  1563 D SemNscXgbL2Nrt: L2 NRT 1 sample inference time: 0.988885 msecs
06-18 15:17:43.159 20713  9244 W adbd    : timed out while waiting for FUNCTIONFS_BIND, trying again
06-18 15:17:43.159 20713  9244 I adbd    : UsbFfs: connection terminated: monitor thread finished
06-18 15:17:43.196  1021  1561 I bauth_FPBAuthService: pcf : 0x1012, 0 ,2 ,0 ,0 ,0 ,2, 7.0.0.1
06-18 15:17:43.196  1021  1561 I bauth_FPBAuthService: thread id : 2, preenroll_flag : 0, nd cnt : 1, cso : 1, et : 0
06-18 15:17:43.196  1021  1561 I bauth_FPBAuthService: FPBAuthService, 11463
06-18 15:17:43.207 20713 20718 I adbd    : opening control endpoint /dev/usb-ffs/adb/ep0
06-18 15:17:43.282 27630 27871 D BtGatt.GattService: onScanResult to scannerId: 4- eventType=0x10, addressType=1, address=017E35_9, primaryPhy=1, secondaryPhy=0, advertisingSid=0xff, txPower=127, rssi=-85, periodicAdvInt=0x0
06-18 15:17:43.302   396   396 D io_stats: !@ 179,0 r 45178053 795808211 w 18210843 189986460 d 1196675 58394844 f 0 0 iot 25351104 0 th 0 0 0 pt 0 inp 0 0 538564.552
06-18 15:17:43.527 27630 27871 D BtGatt.GattService: onScanResult to scannerId: 4- eventType=0x0, addressType=1, address=061E89_C, primaryPhy=1, secondaryPhy=1, advertisingSid=0x1, txPower=127, rssi=-79, periodicAdvInt=0x0
06-18 15:17:43.582  1209  1563 D SemNscXgbMsL1: Probability - Cloud gaming: [0.008991197]
06-18 15:17:43.583  1209  1563 D SemNscXgbMsL1: Probability - Real time: [0.9180663]
06-18 15:17:43.583  1209  1563 D SemNscXgbMsL1: Probability - Non real time: [0.8470208]
06-18 15:17:43.583  1209  1563 D SemNscXgbMsL1: 1 sample inference time: 2.057423 msecs
06-18 15:17:43.585  1209  1563 D SemNscXgbL2Rt: L2 RT 1 sample inference time: 1.517077 msecs
06-18 15:17:43.587  1209  1563 D SemNscXgbL2Nrt: L2 NRT 1 sample inference time: 1.555923 msecs
06-18 15:17:44.089  1209  1563 D SemNscXgbMsL1: Probability - Cloud gaming: [0.0056457836]
06-18 15:17:44.089  1209  1563 D SemNscXgbMsL1: Probability - Real time: [0.72934043]
06-18 15:17:44.089  1209  1563 D SemNscXgbMsL1: Probability - Non real time: [0.85615486]
06-18 15:17:44.089  1209  1563 D SemNscXgbMsL1: 1 sample inference time: 0.943654 msecs
06-18 15:17:44.091  1209  1563 D SemNscXgbL2Rt: L2 RT 1 sample inference time: 1.475808 msecs
06-18 15:17:44.093  1209  1563 D SemNscXgbL2Nrt: L2 NRT 1 sample inference time: 1.087269 msecs
06-18 15:17:44.197  1021  1561 I bauth_FPBAuthService: pcf : 0x1012, 0 ,2 ,0 ,0 ,0 ,2, 7.0.0.1
06-18 15:17:44.197  1021  1561 I bauth_FPBAuthService: thread id : 2, preenroll_flag : 0, nd cnt : 1, cso : 1, et : 0
06-18 15:17:44.197  1021  1561 I bauth_FPBAuthService: FPBAuthService, 11463
06-18 15:17:44.211 20713  9245 W adbd    : timed out while waiting for FUNCTIONFS_BIND, trying again
06-18 15:17:44.211 20713  9245 I adbd    : UsbFfs: connection terminated: monitor thread finished
06-18 15:17:44.259 20713 20718 I adbd    : opening control endpoint /dev/usb-ffs/adb/ep0
06-18 15:17:44.593  1209  1563 D SemNscXgbMsL1: Probability - Cloud gaming: [0.003434771]
06-18 15:17:44.594  1209  1563 D SemNscXgbMsL1: Probability - Real time: [0.97466385]
06-18 15:17:44.594  1209  1563 D SemNscXgbMsL1: Probability - Non real time: [0.8069181]
06-18 15:17:44.594  1209  1563 D SemNscXgbMsL1: 1 sample inference time: 0.975115 msecs
06-18 15:17:44.596  1209  1563 D SemNscXgbL2Rt: L2 RT 1 sample inference time: 1.836846 msecs
06-18 15:17:44.597  1209  1563 D SemNscXgbL2Nrt: L2 NRT 1 sample inference time: 0.944192 msecs
06-18 15:17:45.197  1021  1561 I bauth_FPBAuthService: pcf : 0x1012, 0 ,2 ,0 ,0 ,0 ,2, 7.0.0.1
06-18 15:17:45.197  1021  1561 I bauth_FPBAuthService: thread id : 2, preenroll_flag : 0, nd cnt : 1, cso : 1, et : 0
06-18 15:17:45.197  1021  1561 I bauth_FPBAuthService: FPBAuthService, 11463
06-18 15:17:45.263 20713  9246 W adbd    : timed out while waiting for FUNCTIONFS_BIND, trying again
06-18 15:17:45.263 20713  9246 I adbd    : UsbFfs: connection terminated: monitor thread finished
06-18 15:17:45.303 20713 20718 I adbd    : opening control endpoint /dev/usb-ffs/adb/ep0
06-18 15:17:45.415  1209 25662 D SemWifiUsabilityStatsMonitor: onWifiUsabilityStats - seqNum 80911, isSameBssidAndFreq true
06-18 15:17:45.418  1209  1565 I SemWifiLinkQualityMonitor: Link Qos Query: 0.579 ms / 13.810 Mbps (58 / 0.000 / 4.200)
06-18 15:17:45.503   845   904 I SensorsHub: context 6 0 5 1,1,55,0,1,3, 1062734232503709
06-18 15:17:45.505  1209  1351 D CAE     : onGetSensorHubData(SensorHubParserProvider.java:89) - onGetSensorHubData Event [event buffer len :6], AP_WAKEUP
06-18 15:17:45.505  1209  1351 I CAE     : parse(SensorHubParserProvider.java:190) - buffer size = 6
06-18 15:17:45.506  1209  1351 I CAE     : parse(SensorHubParserProvider.java:201) - 1, 1, 55, 0, 1, 3,
06-18 15:17:45.506  1209  1351 I CAE     : parse(SLocationRunner.java:88) - SLocationRunner parse start : 3
06-18 15:17:45.507  1209  1351 D CAE     : display(ContextProvider.java:375) - ================= SLOCATION_RUNNER =================
06-18 15:17:45.508  1209  1351 I CAE     : display(ContextProvider.java:391) - ExtraDataArray=[1, 1, 55, 0, 1, 3]
06-18 15:17:45.509  1209  1351 I CAE     : parse(SLocationRunner.java:96) - SLocationRunner parse end:6
06-18 15:17:45.510  1209  1348 D SemContextService: Service.updateContext() : service = SLocation Core
06-18 15:17:45.513  1209  1209 D SemContextManager: onSemContextChanged() : event = SLocation Core
06-18 15:17:45.514  1209  1209 D SLocation: SLocationCoreSem - SemContextChanged type = 47, packet received
06-18 15:17:45.514  1209  2020 I SLocation: SemContextParser -  parse start : 3
06-18 15:17:45.514  1209  2020 I SLocation: SemContextParser -  packet Length : 1packet total size : 6
06-18 15:17:45.514  1209  2020 I SLocation: SemContextParser - packet : [3]
06-18 15:17:45.514  1209  2020 D SLocation: GeofenceCoreManager - received Extra Data from core, len : 1
06-18 15:17:45.514  1209  2020 D SLocation: CommonCoreManager - received Extra Data from core, len : 1
06-18 15:17:45.514  1209  2020 D SLocation: PositionManager - last location time exceed threshold 79311 / 30000
06-18 15:17:45.514  1209  2020 D SLocation: GeopointGeofenceManager - getLastLocation is abnromal!
06-18 15:17:45.514  1209  2020 D SLocation: LocationProviderStatus - try to update provider status (GPS/NLP)
06-18 15:17:45.514  1209  2020 D SLocation: LocationProviderStatus - set isGpsOn : true, isNlpOn : true
06-18 15:17:45.514  1209  2020 D SLocation: LocationProviderStatus - gps & nlp status not changed
06-18 15:17:45.514  1209  2020 D SLocation: SContentManager - IsNetworkAvailable = true
06-18 15:17:45.514  1209  2020 D SLocation: PositionManager - requestLocationUpdates(1) : NETWORK_PROVIDER
06-18 15:17:45.514  1209  2020 D SLocation: NLPManager - requestUpdate - NLP
06-18 15:17:45.516  1209  2020 D CompatibilityChangeReporter: Compat change id reported: 168936375; UID 1000; state: ENABLED
06-18 15:17:45.521  1209  2020 D LocationManagerService: network provider added registration from 1000/android[SLocationService]/DF288556 -> Request[@0 BALANCED, WorkSource{1000 android}]
06-18 15:17:45.527  1209  2020 E AppOps  : attributionTag SLocationService not declared in manifest of android
06-18 15:17:45.528  1209  2020 D CompatibilityChangeReporter: Compat change id reported: 73144566; UID 1000; state: ENABLED
06-18 15:17:45.533  2380  2458 I RequestManager_FLP: request from system, change packageName from system to system(slocation)
06-18 15:17:45.533  2380  2458 E RequestManager_FLP: [LocationManager] Location request DF288556(Listener) network interval=0ms (min=0ms) from system(slocation) (1000_FINE_unknown_false_foreground)
06-18 15:17:45.556  1209  1362 E AppOps  : attributionTag SLocationService not declared in manifest of android
06-18 15:17:45.560  1209  2020 D SLocation: PositionManager - ActiveonLocationChanged network 1781776065548
06-18 15:17:45.560  1209  1362 E AppOps  : attributionTag SLocationService not declared in manifest of android
06-18 15:17:45.561  1209  2020 D SLocation: ARDistanceBigData - BIGDATA ARD - receive location
06-18 15:17:45.562  1209  2020 D SLocation: ARDistanceBigData - BIGDATA ARD - end log 79, 1062734291___BIGDATA ARD - end log 80, 1062734291___BIGDATA ARD - end log 81, 1062734291___BIGDATA ARD - end log 82, 1062734291___BIGDATA ARD - end log 83, 1062734291___BIGDATA ARD - end log 84, 1062734291___BIGDATA ARD - end log 85, 1062734291___BIGDATA ARD - end log 86, 1062734291___
06-18 15:17:45.562  1209  2020 D SLocation: ARDistanceBigData - BIGDATA ARD - unique id 87
06-18 15:17:45.563  1209  1362 V LocationManagerService: passive provider registration 5023/com.samsung.android.networkdiagnostic/4FDF9C6D dropped delivery - too close
06-18 15:17:45.563  1209  1362 V LocationManagerService: passive provider registration 5010/com.samsung.android.rubin.app/52D3021A dropped delivery - too close
06-18 15:17:45.563  1209  1362 V LocationManagerService: passive provider registration 1000/android[SensorNotificationService]/E6401BA6 dropped delivery - too close
06-18 15:17:45.564  1209  2020 D SLocation: GeopointGeofenceManager - Location reported : fix method = 2 / 100.0
06-18 15:17:45.564  1209  2020 D SLocation: NLPManager - removeUpdates - NLP
06-18 15:17:45.567 31190 31190 I Rubin   : [2] com.samsung.android.rubin.inferenceengine.contextanalytics.engine.loggers.y$b.onLocationChanged(SourceFile:7) : Passive location updated
06-18 15:17:45.567 31190 31271 I Rubin   : [1442] com.samsung.android.rubin.inferenceengine.contextanalytics.engine.loggers.y.p(SourceFile:1) : flush
06-18 15:17:45.568  1209  2020 E AppOps  : attributionTag SLocationService not declared in manifest of android
06-18 15:17:45.568  1209  2020 D LocationManagerService: network provider removed registration from 1000/android[SLocationService]/DF288556
06-18 15:17:45.569  1209  2020 W Settings: Setting airplane_mode_on has moved from android.provider.Settings.System to android.provider.Settings.Global, returning read-only value.
06-18 15:17:45.571  1209  2020 D SLocation: SLocationCoreSem - send to coreSem, packet length : 23 / [2, 17, 13, 227, 72, 46, 29, 32, 190, 0, 0, 0, 100, 2, 0, 0, 1, 158, 218, 33, 36, 12, 0]
06-18 15:17:45.571  1209  2020 D SemContextLocationCoreAttribute: setAttribute() mode : 0 action : 23
06-18 15:17:45.571  1209  2020 D SemContextService: lock : changeParameters
06-18 15:17:45.571  1209  2020 D SemContext.CaeProvider.LocationCoreImpl: setAttribute() mode : 0 action : 23
06-18 15:17:45.571  2380  2458 E RequestManager_FLP: [LocationManager] Location remove DF288556 from system
06-18 15:17:45.571  1209  2020 W CAE     : setCAProperty(ContextAwareService.java:513) - [setProperty 01] Mutex is locked for SLOCATION_RUNNER
06-18 15:17:45.572  1209  2020 I CAE     : setPropertyValue(SLocationRunner.java:116) - SLocationRunner setProperty header : 2, len : 23
06-18 15:17:45.572  2380  2458 I LocationRequestData_FLP: Remove in requestInfoList, DF288556 / ListSize[network]=0
06-18 15:17:45.572  1209  1353 D SensorService: setSContextDataLocked ints length 8 , byte length 26
06-18 15:17:45.572  1209  1353 D SensorService: setSContextDataLocked 23717c1
06-18 15:17:45.573   845   845 I SensorsHub: SContextSensor::injecet_sensor_data
06-18 15:17:45.573   845   845 D SensorsHub: c1 17 37 02 11 0d e3 48 2e 1d 20 be 00 00 00 64  
06-18 15:17:45.573   845   845 D SensorsHub: 02 00 00 01 9e da 21 24 0c 00  
06-18 15:17:45.573   845   845 D SensorsHub: inject_scontext_data: New ssp_data_injection_fd(25)
06-18 15:17:45.573   845   845 D SensorsHub: SContext Data Injection return 64
06-18 15:17:45.573   845   904 I SensorsHub: context 10 0 9 1,1,55,0,5,2,2,0,0,0, 1062734302754285
06-18 15:17:45.573  1209  2020 W CAE     : setCAProperty(ContextAwareService.java:519) - [setProperty 02] Mutex is unlocked for SLOCATION_RUNNER
06-18 15:17:45.574  1209  2020 D SemContextService: unlock : changeParameters
06-18 15:17:45.574  1209  2020 D SemContextManager:   .changeParameters : listener = com.samsung.android.location.semcontext.a@847e0e8, service=SLocation Core
06-18 15:17:45.574  1209  2020 D SLocation: ARDistanceLibManager - request distance diff to AR Distance Library
06-18 15:17:45.574  1209  2020 D SLocation: SLocationCoreSem - send to coreSem, packet length : 1 / [34]
06-18 15:17:45.574  1209  2020 D SemContextLocationCoreAttribute: setAttribute() mode : 0 action : 23
06-18 15:17:45.574  1209  2020 D SemContextService: lock : changeParameters
06-18 15:17:45.574  1209  2020 D SemContext.CaeProvider.LocationCoreImpl: setAttribute() mode : 0 action : 23
06-18 15:17:45.575  1209  1351 D CAE     : onGetSensorHubData(SensorHubParserProvider.java:89) - onGetSensorHubData Event [event buffer len :10], AP_WAKEUP
06-18 15:17:45.575  1209  2020 W CAE     : setCAProperty(ContextAwareService.java:513) - [setProperty 01] Mutex is locked for SLOCATION_RUNNER
06-18 15:17:45.575  1209  1351 I CAE     : parse(SensorHubParserProvider.java:190) - buffer size = 10
06-18 15:17:45.575  1209  1351 I CAE     : parse(SensorHubParserProvider.java:201) - 1, 1, 55, 0, 5, 2, 2, 0, 0, 0,
06-18 15:17:45.575  1209  2020 I CAE     : setPropertyValue(SLocationRunner.java:116) - SLocationRunner setProperty header : 34, len : 1
06-18 15:17:45.575  1209  1351 I CAE     : parse(SLocationRunner.java:88) - SLocationRunner parse start : 3
06-18 15:17:45.575  1209  1351 D CAE     : display(ContextProvider.java:375) - ================= SLOCATION_RUNNER =================
06-18 15:17:45.576  1209  1351 I CAE     : display(ContextProvider.java:391) - ExtraDataArray=[1, 1, 55, 0, 5, 2, 2, 0, 0, 0]
06-18 15:17:45.576  1209  1353 D SensorService: setSContextDataLocked ints length 2 , byte length 4
06-18 15:17:45.576  1209  1353 D SensorService: setSContextDataLocked 223717c1
06-18 15:17:45.577   845   845 I SensorsHub: SContextSensor::injecet_sensor_data
06-18 15:17:45.577   845   845 D SensorsHub: c1 17 37 22  
06-18 15:17:45.577   845   845 D SensorsHub: inject_scontext_data: New ssp_data_injection_fd(25)
06-18 15:17:45.577   845   845 D SensorsHub: SContext Data Injection return 64
06-18 15:17:45.577  1209  1348 D SemContextService: Service.updateContext() : service = SLocation Core
06-18 15:17:45.577  1209  2020 W CAE     : setCAProperty(ContextAwareService.java:519) - [setProperty 02] Mutex is unlocked for SLOCATION_RUNNER
06-18 15:17:45.578  1209  2020 D SemContextService: unlock : changeParameters
06-18 15:17:45.578  1209  2020 D SemContextManager:   .changeParameters : listener = com.samsung.android.location.semcontext.a@847e0e8, service=SLocation Core
06-18 15:17:45.578  1209  2020 D SLocation: PositionManager - onLocationChanged - filter passive location because it same active location
06-18 15:17:45.578  1209  1563 D SemNscXgbMsL1: Probability - Cloud gaming: [0.009496651]
06-18 15:17:45.578   845   904 I SensorsHub: context 38 0 37 1,1,55,0,33,33,0,0,11,147,24,186,31,175,56,34,224,0,17,14,0,96,46,29,3,192,0,0,0,15,2,24,217,152,0,1,75,6, 1062734306670401
06-18 15:17:45.578  1209  1209 D SemContextManager: onSemContextChanged() : event = SLocation Core
06-18 15:17:45.578  1209  1209 D SLocation: SLocationCoreSem - SemContextChanged type = 47, packet received
06-18 15:17:45.578   845   904 I SensorsHub: context 10 0 9 1,1,55,0,5,2,34,0,0,0, 1062734306727824
06-18 15:17:45.578  1209  2020 D SLocation: LocationProcessingAlgorithm - entry condition - dist : 21287.791 padding : 0.0, accuracy : 100.0, provider : network, dir : 2
06-18 15:17:45.578  1209  2020 D SLocation: LocationProcessingAlgorithm - entry condition - dist : 2.0420816 padding : 0.0, accuracy : 100.0, provider : network, dir : 1
06-18 15:17:45.578  1209  1563 D SemNscXgbMsL1: Probability - Real time: [0.9951497]
06-18 15:17:45.578  1209  2020 D SLocation: GeopointReceiver - send geopoint result - 1
06-18 15:17:45.578  1209  1563 D SemNscXgbMsL1: Probability - Non real time: [0.8984526]
06-18 15:17:45.578  1209  1563 D SemNscXgbMsL1: 1 sample inference time: 0.547193 msecs
06-18 15:17:45.578  1209  2020 D SLocation: LocationProcessingAlgorithm - entry condition - dist : 20902.578 padding : 0.0, accuracy : 100.0, provider : network, dir : 2
06-18 15:17:45.578  1209  2020 D SLocation: LocationProcessingAlgorithm - entry condition - dist : 837.1944 padding : 0.0, accuracy : 100.0, provider : network, dir : 2
06-18 15:17:45.579  1209  2020 D SLocation: LocationProcessingAlgorithm - entry condition - dist : 21276.982 padding : 0.0, accuracy : 100.0, provider : network, dir : 2
06-18 15:17:45.579  1209  2020 D SLocation: LocationProcessingAlgorithm - entry condition - dist : 2.0420816 padding : 0.0, accuracy : 100.0, provider : network, dir : 1
06-18 15:17:45.579  1209  2020 D SLocation: GeopointReceiver - send geopoint result - 1
06-18 15:17:45.579  1209  2020 D SLocation: LocationProcessingAlgorithm - entry condition - dist : 5162.9746 padding : 0.0, accuracy : 100.0, provider : network, dir : 2
06-18 15:17:45.579  1209  2020 D SLocation: LocationProcessingAlgorithm - entry condition - dist : 5.0027375 padding : 0.0, accuracy : 100.0, provider : network, dir : 1
06-18 15:17:45.579  1209  2020 D SLocation: GeopointReceiver - send geopoint result - 1
06-18 15:17:45.579  1209  2020 D SLocation: LocationProcessingAlgorithm - entry condition - dist : 5.23124 padding : 0.0, accuracy : 100.0, provider : network, dir : 1
06-18 15:17:45.579  1209  2020 D SLocation: GeopointReceiver - send geopoint result - 1
06-18 15:17:45.579  1209  2020 D SLocation: LocationProcessingAlgorithm - entry condition - dist : 17806.83 padding : 0.0, accuracy : 100.0, provider : network, dir : 2
06-18 15:17:45.579  1209  2020 D SLocation: LocationProcessingAlgorithm - entry condition - dist : 5176.0933 padding : 0.0, accuracy : 100.0, provider : network, dir : 2
06-18 15:17:45.579  1209  2020 D SLocation: LocationProcessingAlgorithm - entry condition - dist : 22647.322 padding : 0.0, accuracy : 100.0, provider : network, dir : 2
06-18 15:17:45.579  1209  2020 D SLocation: LocationProcessingAlgorithm - entry condition - dist : 5994.3975 padding : 0.0, accuracy : 100.0, provider : network, dir : 2
06-18 15:17:45.579  1209  2020 D SLocation: LocationProcessingAlgorithm - entry condition - dist : 17777.338 padding : 0.0, accuracy : 100.0, provider : network, dir : 2
06-18 15:17:45.580  1209  2020 D SLocation: LocationProcessingAlgorithm - entry condition - dist : 21272.043 padding : 0.0, accuracy : 100.0, provider : network, dir : 2
06-18 15:17:45.578  1209  1351 I CAE     : parse(SLocationRunner.java:96) - SLocationRunner parse end:10
06-18 15:17:45.580  1209  1351 D CAE     : onGetSensorHubData(SensorHubParserProvider.java:89) - onGetSensorHubData Event [event buffer len :38], AP_WAKEUP
06-18 15:17:45.580  1209  1351 I CAE     : parse(SensorHubParserProvider.java:190) - buffer size = 38
06-18 15:17:45.580  1209  1351 I CAE     : parse(SensorHubParserProvider.java:201) - 1, 1, 55, 0, 33, 33, 0, 0, 11, -109, 24, -70, 31, -81, 56, 34, -32, 0, 17, 14, 0, 96, 46, 29, 3, -64, 0, 0, 0, 15, 2, 24, -39, -104, 0, 1, 75, 6,
06-18 15:17:45.580  1209  1351 I CAE     : parse(SLocationRunner.java:88) - SLocationRunner parse start : 3
06-18 15:17:45.580  1209  1351 D CAE     : display(ContextProvider.java:375) - ================= SLOCATION_RUNNER =================
06-18 15:17:45.580  1209  2020 I SLocation: SemContextParser -  parse start : 3
06-18 15:17:45.580  1209  2020 I SLocation: SemContextParser -  packet Length : 5packet total size : 10
06-18 15:17:45.580  1209  2020 I SLocation: SemContextParser - packet : [2, 2, 0, 0, 0]
06-18 15:17:45.581  1209  1351 I CAE     : display(ContextProvider.java:391) - ExtraDataArray=[1, 1, 55, 0, 33, 33, 0, 0, 11, -109, 24, -70, 31, -81, 56, 34, -32, 0, 17, 14, 0, 96, 46, 29, 3, -64, 0, 0, 0, 15, 2, 24, -39, -104, 0, 1, 75, 6]
06-18 15:17:45.581  1209  1351 I CAE     : parse(SLocationRunner.java:96) - SLocationRunner parse end:38
06-18 15:17:45.581  1209  2020 D SLocation: GeofenceCoreManager - received Extra Data from core, len : 5
06-18 15:17:45.581  1209  2020 D SLocation: GeofenceCoreManager - handleCommandCallback - UNKNOWN_CALLBACK 2 SUCCESS
06-18 15:17:45.581  1209  1351 D CAE     : onGetSensorHubData(SensorHubParserProvider.java:89) - onGetSensorHubData Event [event buffer len :10], AP_WAKEUP
06-18 15:17:45.581  1209  1563 D SemNscXgbL2Rt: L2 RT 1 sample inference time: 2.228962 msecs
06-18 15:17:45.581  1209  2020 D SLocation: CommonCoreManager - received Extra Data from core, len : 5
06-18 15:17:45.581  1209  2020 D SLocation: CommonCoreManager - handleCommandCallback - FUNC_TYPE : SET_LOCATION ERROR_CODE : ERROR_NONE
06-18 15:17:45.581  1209  1351 I CAE     : parse(SensorHubParserProvider.java:190) - buffer size = 10
06-18 15:17:45.581  1209  1351 I CAE     : parse(SensorHubParserProvider.java:201) - 1, 1, 55, 0, 5, 2, 34, 0, 0, 0,
06-18 15:17:45.581  1209  1348 D SemContextService: Service.updateContext() : service = SLocation Core
06-18 15:17:45.581  1209  1351 I CAE     : parse(SLocationRunner.java:88) - SLocationRunner parse start : 3
06-18 15:17:45.581  1209  1351 D CAE     : display(ContextProvider.java:375) - ================= SLOCATION_RUNNER =================
06-18 15:17:45.581  1209  1209 D SemContextManager: onSemContextChanged() : event = SLocation Core
06-18 15:17:45.581  1209  1209 D SLocation: SLocationCoreSem - SemContextChanged type = 47, packet received
06-18 15:17:45.581  1209  1351 I CAE     : display(ContextProvider.java:391) - ExtraDataArray=[1, 1, 55, 0, 5, 2, 34, 0, 0, 0]
06-18 15:17:45.581  1209  2020 I SLocation: SemContextParser -  parse start : 3
06-18 15:17:45.581  1209  2020 I SLocation: SemContextParser -  packet Length : 33packet total size : 38
06-18 15:17:45.581  1209  1351 I CAE     : parse(SLocationRunner.java:96) - SLocationRunner parse end:10
06-18 15:17:45.582  1209  2020 I SLocation: SemContextParser - packet : [33, 0, 0, 11, -109, 24, -70, 31, -81, 56, 34, -32, 0, 17, 14, 0, 96, 46, 29, 3, -64, 0, 0, 0, 15, 2, 24, -39, -104, 0, 1, 75, 6]
06-18 15:17:45.582  1209  1563 D SemNscXgbL2Nrt: L2 NRT 1 sample inference time: 0.724462 msecs
06-18 15:17:45.582  1209  2020 D SLocation: ARDistanceGetARDistance - convertSensorHubTimeToElapsedTime 1781769659286668729
06-18 15:17:45.582  1209  2020 D SLocation: ARDistanceGetARDistance - invalid location time from core pvt 1781769659286668729, do not use distance info
06-18 15:17:45.582  1209  2020 D SLocation: GeofenceCoreManager - received Extra Data from core, len : 33
06-18 15:17:45.582  1209  2020 D SLocation: CommonCoreManager - received Extra Data from core, len : 33
06-18 15:17:45.582  1209  1209 D SemContextManager: onSemContextChanged() : event = SLocation Core
06-18 15:17:45.582  1209  1209 D SLocation: SLocationCoreSem - SemContextChanged type = 47, packet received
06-18 15:17:45.583  1209  2020 I SLocation: SemContextParser -  parse start : 3
06-18 15:17:45.583  1209  2020 I SLocation: SemContextParser -  packet Length : 5packet total size : 10
06-18 15:17:45.583  1209  2020 I SLocation: SemContextParser - packet : [2, 34, 0, 0, 0]
06-18 15:17:45.583  1209  2020 D SLocation: ARDistanceLibManager - command callback received - CURRENT_LOCATION_REQUEST_DISTANCE ERROR CODE : ERROR_NONE
06-18 15:17:45.583  1209  2020 D SLocation: GeofenceCoreManager - received Extra Data from core, len : 5
06-18 15:17:45.583  1209  1348 D SemContextService: Service.updateContext() : service = SLocation Core
06-18 15:17:45.583  1209  2020 D SLocation: GeofenceCoreManager - handleCommandCallback - UNKNOWN_CALLBACK 34 SUCCESS
06-18 15:17:45.583  1209  2020 D SLocation: CommonCoreManager - received Extra Data from core, len : 5
06-18 15:17:45.883 23055  9115 I NearbyMediums: Found Fast Ble Advertisements :
06-18 15:17:45.883 23055  9115 I NearbyMediums: BleAdvertisement { version=2, socketVersion=2, isFast=true, serviceIdHash=null, data=[ 0x23 0x52 0x38 0x54 0x46 0x11 0x32 0xcd 0x75 0xe6 0x64 0x04 0x3e 0x65 0xdd 0xb2 0xb9 0x89 0xe6 0xda 0xef 0xc2 0x3b ], deviceToken=[ 0x71 0x82 ], rxAdvertisement=null } : 1 times.
06-18 15:17:45.883 23055  9115 I NearbyMediums: BleAdvertisement { version=2, socketVersion=2, isFast=true, serviceIdHash=null, data=[ 0x23 0x34 0x38 0x42 0x56 0x11 0x32 0x1f 0x05 0xb1 0x77 0xec 0xd3 0x0c 0x69 0x6b 0x66 0x92 0x1f 0x2a 0xff 0x50 0x3f ], deviceToken=[ 0xe4 0x5b ], rxAdvertisement=null } : 3 times.
06-18 15:17:45.883 23055  9115 I NearbyMediums: Total 4 fast advertisements from 2 unique advertisers.
06-18 15:17:45.883 23055  9115 I NearbyMediums: Current Tracked Scanning Clients are : {NearbyConnections.EnvironmentMonitor, NearbySharing, NearbyConnections.TxAdvertisement}
06-18 15:17:46.082  1209  1563 D SemNscXgbMsL1: Probability - Cloud gaming: [0.0046400265]
06-18 15:17:46.083  1209  1563 D SemNscXgbMsL1: Probability - Real time: [0.9252011]
06-18 15:17:46.083  1209  1563 D SemNscXgbMsL1: Probability - Non real time: [0.7695041]
06-18 15:17:46.083  1209  1563 D SemNscXgbMsL1: 1 sample inference time: 1.231654 msecs
06-18 15:17:46.085  1209  1563 D SemNscXgbL2Rt: L2 RT 1 sample inference time: 1.486731 msecs
06-18 15:17:46.088  1209  1563 D SemNscXgbL2Nrt: L2 NRT 1 sample inference time: 2.281307 msecs
06-18 15:17:46.146  1209  2242 D CustomizedBinderCallsStatsInternal: reportCpuUsage() : 1%
06-18 15:17:46.147  1209  1243 I BinderCallsStats: Collected cpu time : 2110us, collected call count : 2755 for 60184 ms
06-18 15:17:46.198  1021  1561 I bauth_FPBAuthService: pcf : 0x1012, 0 ,2 ,0 ,0 ,0 ,2, 7.0.0.1
06-18 15:17:46.198  1021  1561 I bauth_FPBAuthService: thread id : 2, preenroll_flag : 0, nd cnt : 1, cso : 1, et : 0
06-18 15:17:46.198  1021  1561 I bauth_FPBAuthService: FPBAuthService, 11463
06-18 15:17:46.310 20713  9247 W adbd    : timed out while waiting for FUNCTIONFS_BIND, trying again
06-18 15:17:46.310 20713  9247 I adbd    : UsbFfs: connection terminated: monitor thread finished
06-18 15:17:46.350 20713 20718 I adbd    : opening control endpoint /dev/usb-ffs/adb/ep0
06-18 15:17:46.589  1209  1563 D SemNscXgbMsL1: Probability - Cloud gaming: [0.0063714357]
06-18 15:17:46.589  1209  1563 D SemNscXgbMsL1: Probability - Real time: [0.9021338]
06-18 15:17:46.590  1209  1563 D SemNscXgbMsL1: Probability - Non real time: [0.8670699]
06-18 15:17:46.590  1209  1563 D SemNscXgbMsL1: 1 sample inference time: 1.198961 msecs
06-18 15:17:46.592  1209  1563 D SemNscXgbL2Rt: L2 RT 1 sample inference time: 1.623962 msecs
06-18 15:17:46.593  1209  1563 D SemNscXgbL2Nrt: L2 NRT 1 sample inference time: 1.358038 msecs
06-18 15:17:46.961  1209  1239 E Watchdog: !@Sync: 17940 heap: 153 / 161 FD: 1093 objects: 2751685 WaitTime: 0.000 GCcnt: 0 FullGC: 0 [2026-06-18 15:17:46.958]
06-18 15:17:47.095  1209  1563 D SemNscXgbMsL1: Probability - Cloud gaming: [0.0038729084]
06-18 15:17:47.095  1209  1563 D SemNscXgbMsL1: Probability - Real time: [0.91639507]
06-18 15:17:47.096  1209  1563 D SemNscXgbMsL1: Probability - Non real time: [0.801212]
06-18 15:17:47.096  1209  1563 D SemNscXgbMsL1: 1 sample inference time: 1.040115 msecs
06-18 15:17:47.097  1209  1563 D SemNscXgbL2Rt: L2 RT 1 sample inference time: 1.539923 msecs
06-18 15:17:47.100  1209  1563 D SemNscXgbL2Nrt: L2 NRT 1 sample inference time: 2.448423 msecs
06-18 15:17:47.198  1021  1561 I bauth_FPBAuthService: pcf : 0x1012, 0 ,2 ,0 ,0 ,0 ,2, 7.0.0.1
06-18 15:17:47.198  1021  1561 I bauth_FPBAuthService: thread id : 2, preenroll_flag : 0, nd cnt : 1, cso : 1, et : 0
06-18 15:17:47.198  1021  1561 I bauth_FPBAuthService: FPBAuthService, 11463
06-18 15:17:47.304   396   396 D io_stats: !@ 179,0 r 45178080 795808335 w 18210853 189986500 d 1196675 58394844 f 0 0 iot 25351116 0 th 0 0 0 pt 0 inp 0 0 538568.553
06-18 15:17:47.353 20713  9249 W adbd    : timed out while waiting for FUNCTIONFS_BIND, trying again
06-18 15:17:47.354 20713  9249 I adbd    : UsbFfs: connection terminated: monitor thread finished
06-18 15:17:47.391 20713 20718 I adbd    : opening control endpoint /dev/usb-ffs/adb/ep0
06-18 15:17:47.601  1209  1563 D SemNscXgbMsL1: Probability - Cloud gaming: [0.007794678]
06-18 15:17:47.601  1209  1563 D SemNscXgbMsL1: Probability - Real time: [0.8856367]
06-18 15:17:47.602  1209  1563 D SemNscXgbMsL1: Probability - Non real time: [0.8453686]
06-18 15:17:47.602  1209  1563 D SemNscXgbMsL1: 1 sample inference time: 1.000231 msecs
06-18 15:17:47.604  1209  1563 D SemNscXgbL2Rt: L2 RT 1 sample inference time: 1.782538 msecs
06-18 15:17:47.605  1209  1563 D SemNscXgbL2Nrt: L2 NRT 1 sample inference time: 1.48327 msecs
06-18 15:17:48.056  1209  1521 W DeviceStorageMonitorService: updateBroadcasts(/data) oldLevel:0, newLevel:0, seq:1
06-18 15:17:48.058  1209  1521 D DeviceStorageMonitorService: Available File Node Number is [13270979]
06-18 15:17:48.058  1209  1521 W DeviceStorageMonitorService: updateBroadcasts_filenode(/data) fn_oldLevel:0, fn_newLevel:0, seq:1
06-18 15:17:48.134 27731 27731 I wpa_supplicant: Heartbeat 427
06-18 15:17:48.198  1021  1561 I bauth_FPBAuthService: pcf : 0x1012, 0 ,2 ,0 ,0 ,0 ,2, 7.0.0.1
06-18 15:17:48.199  1021  1561 I bauth_FPBAuthService: thread id : 2, preenroll_flag : 0, nd cnt : 1, cso : 1, et : 0
06-18 15:17:48.199  1021  1561 I bauth_FPBAuthService: FPBAuthService, 11463
06-18 15:17:48.395 20713  9250 W adbd    : timed out while waiting for FUNCTIONFS_BIND, trying again
06-18 15:17:48.395 20713  9250 I adbd    : UsbFfs: connection terminated: monitor thread finished
06-18 15:17:48.435 20713 20718 I adbd    : opening control endpoint /dev/usb-ffs/adb/ep0
06-18 15:17:48.435  1209 25662 D SemWifiUsabilityStatsMonitor: onWifiUsabilityStats - seqNum 80912, isSameBssidAndFreq true
06-18 15:17:48.440  1209  1565 I SemWifiLinkQualityMonitor: Link Qos Query: 1.667 ms / 4.800 Mbps (26 / 0.000 / 5.417)
06-18 15:17:48.581  1209  1563 D SemNscXgbMsL1: Probability - Cloud gaming: [0.0049335873]
06-18 15:17:48.581  1209  1563 D SemNscXgbMsL1: Probability - Real time: [0.82834595]
06-18 15:17:48.582  1209  1563 D SemNscXgbMsL1: Probability - Non real time: [0.5291546]
06-18 15:17:48.582  1209  1563 D SemNscXgbMsL1: 1 sample inference time: 1.084731 msecs
06-18 15:17:48.583  1209  1563 D SemNscXgbL2Rt: L2 RT 1 sample inference time: 1.532962 msecs
06-18 15:17:48.585  1209  1563 D SemNscXgbL2Nrt: L2 NRT 1 sample inference time: 1.43623 msecs
06-18 15:17:49.087  1209  1563 D SemNscXgbMsL1: Probability - Cloud gaming: [0.003551736]
06-18 15:17:49.088  1209  1563 D SemNscXgbMsL1: Probability - Real time: [0.8203593]
06-18 15:17:49.088  1209  1563 D SemNscXgbMsL1: Probability - Non real time: [0.832531]
06-18 15:17:49.088  1209  1563 D SemNscXgbMsL1: 1 sample inference time: 1.157346 msecs
06-18 15:17:49.090  1209  1563 D SemNscXgbL2Rt: L2 RT 1 sample inference time: 2.333 msecs
06-18 15:17:49.092  1209  1563 D SemNscXgbL2Nrt: L2 NRT 1 sample inference time: 1.435308 msecs
06-18 15:17:49.199  1021  1561 I bauth_FPBAuthService: pcf : 0x1012, 0 ,2 ,0 ,0 ,0 ,2, 7.0.0.1
06-18 15:17:49.199  1021  1561 I bauth_FPBAuthService: thread id : 2, preenroll_flag : 0, nd cnt : 1, cso : 1, et : 0
06-18 15:17:49.199  1021  1561 I bauth_FPBAuthService: FPBAuthService, 11463
06-18 15:17:49.288 27630 27871 D BtGatt.GattService: onScanResult to scannerId: 4- eventType=0x10, addressType=1, address=017E35_9, primaryPhy=1, secondaryPhy=0, advertisingSid=0xff, txPower=127, rssi=-85, periodicAdvInt=0x0
