06-18 14:46:08.570  1714  1714 I ViewRootImpl@da24b18[NavigationBar0]: reportNextDraw android.view.ViewRootImpl.performTraversals:4438 android.view.ViewRootImpl.doTraversal:3116 android.view.ViewRootImpl$TraversalRunnable.run:10885 android.view.Choreographer$CallbackRecord.run:1301 android.view.Choreographer$CallbackRecord.run:1309 
06-18 14:46:08.570  1714  1714 I ViewRootImpl@da24b18[NavigationBar0]: Setup new sync id=1119
06-18 14:46:08.570  1714  1792 D OpenGLRenderer: setSurface() destroyed EGLSurface
06-18 14:46:08.570  1714  1714 I ViewRootImpl@da24b18[NavigationBar0]: Setting syncFrameCallback
06-18 14:46:08.570  1714  1792 D OpenGLRenderer: destroyEglSurface
06-18 14:46:08.570  1714  1714 I ViewRootImpl@da24b18[NavigationBar0]: registerCallbacksForSync syncBuffer=false
06-18 14:46:08.571  1714  1792 D OpenGLRenderer: eglCreateWindowSurface
06-18 14:46:08.573  1209  3642 W WindowManager: lockNow pending, ignore updating lockscreen timeout
06-18 14:46:08.574  1714  1833 I ViewRootImpl@da24b18[NavigationBar0]: Received frameDrawingCallback syncResult=0 frameNum=174470.
06-18 14:46:08.574  1714  1833 I ViewRootImpl@da24b18[NavigationBar0]: Setting up sync and frameCommitCallback
06-18 14:46:08.576  1714  1792 I ViewRootImpl@da24b18[NavigationBar0]: Received frameCommittedCallback lastAttemptedDrawFrameNum=174470 didProduceBuffer=true
06-18 14:46:08.579  1714  1714 I ViewRootImpl@da24b18[NavigationBar0]: onSyncComplete
06-18 14:46:08.579  1714  1714 I ViewRootImpl@da24b18[NavigationBar0]: setupSync seqId=180 mSyncId=1119 fn=174470 caller=android.view.ViewRootImpl$$ExternalSyntheticLambda11.accept:6 android.window.SurfaceSyncer.lambda$setupSync$1$android-window-SurfaceSyncer:128 android.window.SurfaceSyncer$$ExternalSyntheticLambda1.accept:8 android.window.SurfaceSyncer$SyncSet.checkIfSyncIsComplete:382 android.window.SurfaceSyncer$SyncSet.markSyncReady:359 android.window.SurfaceSyncer.markSyncReady:151 android.view.ViewRootImpl.performTraversals:4503 
06-18 14:46:08.583  1714  1714 I FaceWidgetPositionAlgorithm: getMediaContainerHeight() height = 0 container Visibility = 8, isValid = false, mIsDozing = false, fraction = 1.0, source = 0, target = 0
06-18 14:46:08.583  1714  1714 I FaceWidgetPositionAlgorithm: getMediaContainerHeight() supplier = 0
06-18 14:46:08.584  1714  1714 V QsExpandAnimator: setQsExpansionPosition 0.0
06-18 14:46:08.585  1714  1714 D MediaControlPanel: mActionButtonNumCollapsed = 3, mActionButtonNumExpand = 5
06-18 14:46:08.585  1714  1714 D MediaControlPanel: mActionButtonNumCollapsed = 3, mActionButtonNumExpand = 5
06-18 14:46:08.585  1714  1714 D MediaControlPanel: mActionButtonNumCollapsed = 3, mActionButtonNumExpand = 5
06-18 14:46:08.585  1714  1714 D MediaControlPanel: mActionButtonNumCollapsed = 3, mActionButtonNumExpand = 5
06-18 14:46:08.586  1714  1714 D MediaControlPanel: mActionButtonNumCollapsed = 3, mActionButtonNumExpand = 5
06-18 14:46:08.586  1714  1714 D MediaControlPanel: mActionButtonNumCollapsed = 3, mActionButtonNumExpand = 5
06-18 14:46:08.586  1714  1714 D MediaControlPanel: mActionButtonNumCollapsed = 3, mActionButtonNumExpand = 5
06-18 14:46:08.586  1714  1714 D MediaControlPanel: mActionButtonNumCollapsed = 3, mActionButtonNumExpand = 5
06-18 14:46:08.586  1714  1714 D MediaControlPanel: mActionButtonNumCollapsed = 3, mActionButtonNumExpand = 5
06-18 14:46:08.586  1714  1714 D MediaControlPanel: mActionButtonNumCollapsed = 3, mActionButtonNumExpand = 5
06-18 14:46:08.587  1714  1714 D MediaControlPanel: mActionButtonNumCollapsed = 3, mActionButtonNumExpand = 5
06-18 14:46:08.587  1714  1714 D MediaControlPanel: mActionButtonNumCollapsed = 3, mActionButtonNumExpand = 5
06-18 14:46:08.590  1714  1714 I ViewRootImpl@1771c2d[]: performTraversals params={(0,164)(wrapxwrap) gr=TOP START CENTER sim={adjust=resize} ty=NAVIGATION_BAR_PANEL fmt=TRANSLUCENT wanim=0x1030003
06-18 14:46:08.590  1714  1714 I ViewRootImpl@1771c2d[]:   fl=208
06-18 14:46:08.590  1714  1714 I ViewRootImpl@1771c2d[]:   pfl=2000000
06-18 14:46:08.590  1714  1714 I ViewRootImpl@1771c2d[]:   bhv=DEFAULT
06-18 14:46:08.590  1714  1714 I ViewRootImpl@1771c2d[]:   fitTypes=STATUS_BARS NAVIGATION_BARS CAPTION_BAR naviIconColor=0}
06-18 14:46:08.592  1714  1714 I ViewRootImpl@1771c2d[]: performTraversals mFirst=false windowShouldResize=false viewVisibilityChanged=false mForceNextWindowRelayout=true params={(0,164)(wrapxwrap) gr=TOP START CENTER sim={adjust=resize} ty=NAVIGATION_BAR_PANEL fmt=TRANSLUCENT wanim=0x1030003
06-18 14:46:08.592  1714  1714 I ViewRootImpl@1771c2d[]:   fl=208
06-18 14:46:08.592  1714  1714 I ViewRootImpl@1771c2d[]:   pfl=2000000
06-18 14:46:08.592  1714  1714 I ViewRootImpl@1771c2d[]:   bhv=DEFAULT
06-18 14:46:08.592  1714  1714 I ViewRootImpl@1771c2d[]:   fitTypes=STATUS_BARS NAVIGATION_BARS CAPTION_BAR IME naviIconColor=0}
06-18 14:46:08.592  1209  3642 V WindowManager: Relayout Window{70e3a93 u0 com.android.systemui}: viewVisibility=0 req=30x128 d0
06-18 14:46:08.594  1209  3642 W WindowManager: lockNow pending, ignore updating lockscreen timeout
06-18 14:46:08.601  1209  3642 V WindowManager: Relayout hash=70e3a93, pid=1714, syncId=-1: mAttrs={(0,164)(wrapxwrap) gr=TOP START CENTER sim={adjust=resize} ty=NAVIGATION_BAR_PANEL fmt=TRANSLUCENT wanim=0x1030003
06-18 14:46:08.601  1209  3642 V WindowManager:   fl=208
06-18 14:46:08.601  1209  3642 V WindowManager:   pfl=2000000
06-18 14:46:08.601  1209  3642 V WindowManager:   bhv=DEFAULT
06-18 14:46:08.601  1209  3642 V WindowManager:   fitTypes=STATUS_BARS NAVIGATION_BARS CAPTION_BAR IME naviIconColor=0}
06-18 14:46:08.602  1714  1714 I ViewRootImpl@1771c2d[]: updateBlastSurfaceIfNeeded mBlastBufferQueue=0xb400007bc8e0d100 isSameSurfaceControl=true
06-18 14:46:08.603  1714  1714 I BLASTBufferQueue: update, w= 30 h= 128 mName = ViewRootImpl@1771c2d[] mNativeObject= 0xb400007bc8e0d100 sc.mNativeObject= 0xb400007bf1e29660 format= -3 caller= android.view.ViewRootImpl.updateBlastSurfaceIfNeeded:2898 android.view.ViewRootImpl.relayoutWindow:9847 android.view.ViewRootImpl.performTraversals:3884 android.view.ViewRootImpl.doTraversal:3116 android.view.ViewRootImpl$TraversalRunnable.run:10885 android.view.Choreographer$CallbackRecord.run:1301 
06-18 14:46:08.603  1714  1714 I ViewRootImpl@1771c2d[]: Relayout returned: old=(45,444,75,572) new=(45,164,75,292) req=(30,128)0 dur=10 res=0x1 s={true 0xb400007bc8d91800} ch=false seqId=3
06-18 14:46:08.609  1714  1792 D OpenGLRenderer: setSurface() destroyed EGLSurface
06-18 14:46:08.609  1714  1714 I ViewRootImpl@1771c2d[]: mThreadedRenderer.updateSurface() mSurface={isValid=true 0xb400007bc8d91800}
06-18 14:46:08.609  1714  1792 D OpenGLRenderer: destroyEglSurface
06-18 14:46:08.609  1714  1714 W SeslRecyclerView: No adapter attached; skipping layout
06-18 14:46:08.609  1714  1714 I ViewRootImpl@1771c2d[]: reportNextDraw android.view.ViewRootImpl.performTraversals:4438 android.view.ViewRootImpl.doTraversal:3116 android.view.ViewRootImpl$TraversalRunnable.run:10885 android.view.Choreographer$CallbackRecord.run:1301 android.view.Choreographer$CallbackRecord.run:1309 
06-18 14:46:08.609  1714  1714 I ViewRootImpl@1771c2d[]: Setup new sync id=7
06-18 14:46:08.610  1714  1714 I ViewRootImpl@1771c2d[]: Setting syncFrameCallback
06-18 14:46:08.610  1714  1714 I ViewRootImpl@1771c2d[]: registerCallbacksForSync syncBuffer=false
06-18 14:46:08.610  1714  1792 D OpenGLRenderer: eglCreateWindowSurface
06-18 14:46:08.611  1209  1257 D BatteryExternalStatsWorker: update stats : update-network-download (6)
06-18 14:46:08.612  1714  1834 I ViewRootImpl@1771c2d[]: Received frameDrawingCallback syncResult=0 frameNum=83.
06-18 14:46:08.612  1714  1834 I ViewRootImpl@1771c2d[]: Setting up sync and frameCommitCallback
06-18 14:46:08.615  1209  1257 D BatteryExternalStatsWorker: Fetch WiFi data
06-18 14:46:08.615  1209  1257 D BatteryExternalStatsWorker: Update Rail Energy data
06-18 14:46:08.615  1209  1257 D BatteryExternalStatsWorker: Fetch modem data
06-18 14:46:08.617  1714  1792 I ViewRootImpl@1771c2d[]: Received frameCommittedCallback lastAttemptedDrawFrameNum=83 didProduceBuffer=true
06-18 14:46:08.618  1714  1714 I ViewRootImpl@1771c2d[]: onSyncComplete
06-18 14:46:08.618  1714  1714 I ViewRootImpl@1771c2d[]: setupSync seqId=3 mSyncId=7 fn=83 caller=android.view.ViewRootImpl$$ExternalSyntheticLambda11.accept:6 android.window.SurfaceSyncer.lambda$setupSync$1$android-window-SurfaceSyncer:128 android.window.SurfaceSyncer$$ExternalSyntheticLambda1.accept:8 android.window.SurfaceSyncer$SyncSet.checkIfSyncIsComplete:382 android.window.SurfaceSyncer$SyncSet.markSyncReady:359 android.window.SurfaceSyncer.markSyncReady:151 android.view.ViewRootImpl.performTraversals:4503 
06-18 14:46:08.621  1714  1714 D IndicatorBasicGardener: PhoneStatusBarViewController is done to update (IndicatorGardenModel) lp:84, lc:1246, cc:75, rc:1418, rp:39, h:45, ctm:false, ctms:8
06-18 14:46:08.623  1714  1714 I ViewRootImpl@d5aed5d[StatusBar]: performTraversals mFirst=false windowShouldResize=true viewVisibilityChanged=false mForceNextWindowRelayout=true params=null
06-18 14:46:08.623  1209  1785 V WindowManager: Relayout Window{abbfc78 u0 StatusBar}: viewVisibility=0 req=1600x45 d0
06-18 14:46:08.624  1209  1785 W WindowManager: lockNow pending, ignore updating lockscreen timeout
06-18 14:46:08.627  1668  1799 I System.out: Broadcasting: Intent { act=com.samsung.intent.action.BIG_DATA_INFO (has extras) }
06-18 14:46:08.631  1209  1785 V WindowManager: Relayout hash=abbfc78, pid=1714, syncId=181: mAttrs={(0,0)(fillx45) gr=TOP CENTER_VERTICAL sim={adjust=pan} layoutInDisplayCutoutMode=always ty=STATUS_BAR fmt=TRANSLUCENT
06-18 14:46:08.631  1209  1785 V WindowManager:   fl=81000008
06-18 14:46:08.631  1209  1785 V WindowManager:   pfl=13000000
06-18 14:46:08.631  1209  1785 V WindowManager:   bhv=DEFAULT
06-18 14:46:08.631  1209  1785 V WindowManager:   paramsForRotation=
06-18 14:46:08.631  1209  1785 V WindowManager:   rot[0]={(0,0)(fillx45) gr=TOP CENTER_VERTICAL layoutInDisplayCutoutMode=always ty=STATUS_BAR fmt=TRANSLUCENT
06-18 14:46:08.631  1209  1785 V WindowManager:   fl=80000008
06-18 14:46:08.631  1209  1785 V WindowManager:   pfl=11000000
06-18 14:46:08.631  1209  1785 V WindowManager:   bhv=DEFAULT naviIconColor=0} 
06-18 14:46:08.631  1209  1785 V WindowManager:   rot[1]={(0,0)(fillx45) gr=TOP CENTER_VERTICAL layoutInDisplayCutoutMode=always ty=STATUS_BAR fmt=TRANSLUCENT
06-18 14:46:08.631  1209  1785 V WindowManager:   fl=80000008
06-18 14:46:08.631  1209  1785 V WindowManager:   pfl=11000000
06-18 14:46:08.631  1209  1785 V WindowManager:   bhv=DEFAULT naviIconColor=0} 
06-18 14:46:08.631  1209  1785 V WindowManager:   rot[2]={(0,0)(fillx45) gr=TOP CENTER_VERTICAL layoutInDisplayCutoutMode=always ty=STATUS_BAR fmt=TRANSLUCENT
06-18 14:46:08.631  1209  1785 V WindowManager:   fl=80000008
06-18 14:46:08.631  1209  1785 V WindowManager:   pfl=11000000
06-18 14:46:08.631  1209  1785 V WindowManager:   bhv=DEFAULT naviIconColor=0} 
06-18 14:46:08.631  1209  1785 V WindowManager:   rot[3]={(0,0)(fillx45) gr=TOP CENTER_VERTICAL layoutInDisplayCutoutMode=always ty=STATUS_BAR fmt=TRANSLUCENT
06-18 14:46:08.631  1209  1785 V WindowManager:   fl=80000008
06-18 14:46:08.631  1209  1785 V WindowManager:   pfl=11000000
06-18 14:46:08.631  1209  1785 V WindowManager:   bhv=DEFAULT naviIconColor=0} naviIconColor=0}
06-18 14:46:08.631  1209  1209 I NSLocationMonitor: Broadcast receiver, action=com.samsung.intent.action.BIG_DATA_INFO
06-18 14:46:08.632  1714  1714 I ViewRootImpl@d5aed5d[StatusBar]: updateBlastSurfaceIfNeeded mBlastBufferQueue=0xb400007bbd8e5e00 isSameSurfaceControl=true
06-18 14:46:08.632  1209  3642 D TelephonyManager: requestModemActivityInfo: Sending result to app: ModemActivityInfo{ mTimestamp=1060837359 mSleepTimeMs=951949097 mIdleTimeMs=19909058 mActivityStatsTechSpecificInfo=[{mRat=UNKNOWN,mFrequencyRange=UNKNOWN,mTxTimeMs[]=[695970, 442972, 1650749, 1600895, 801407],mRxTimeMs=87949012}]}
06-18 14:46:08.633  1209  1257 D BatteryExternalStatsWorker: mStats lock released
06-18 14:46:08.633  1714  1714 I BLASTBufferQueue: update, w= 1600 h= 45 mName = ViewRootImpl@d5aed5d[StatusBar] mNativeObject= 0xb400007bbd8e5e00 sc.mNativeObject= 0xb400007bbeb5cde0 format= -3 caller= android.view.ViewRootImpl.updateBlastSurfaceIfNeeded:2898 android.view.ViewRootImpl.relayoutWindow:9847 android.view.ViewRootImpl.performTraversals:3884 android.view.ViewRootImpl.doTraversal:3116 android.view.ViewRootImpl$TraversalRunnable.run:10885 android.view.Choreographer$CallbackRecord.run:1301 
06-18 14:46:08.633  1714  1714 I ViewRootImpl@d5aed5d[StatusBar]: Relayout returned: old=(0,0,1600,45) new=(0,0,1600,45) req=(1600,45)0 dur=9 res=0x1 s={true 0xb400007bc943e800} ch=false seqId=181
06-18 14:46:08.633  1714  1714 I ViewRootImpl@d5aed5d[StatusBar]: Relayout called with blastSync mSyncSeqId=181
06-18 14:46:08.633  1714  1714 I ViewRootImpl@d5aed5d[StatusBar]: reportNextDraw android.view.ViewRootImpl.performTraversals:3900 android.view.ViewRootImpl.doTraversal:3116 android.view.ViewRootImpl$TraversalRunnable.run:10885 android.view.Choreographer$CallbackRecord.run:1301 android.view.Choreographer$CallbackRecord.run:1309 
06-18 14:46:08.633  1714  1714 I ViewRootImpl@d5aed5d[StatusBar]: mThreadedRenderer.updateSurface() mSurface={isValid=true 0xb400007bc943e800}
06-18 14:46:08.634  1021  1561 I bauth_FPBAuthService: pcf : 0x1012, 0 ,2 ,0 ,0 ,0 ,2, 7.0.0.1
06-18 14:46:08.634  1021  1561 I bauth_FPBAuthService: thread id : 2, preenroll_flag : 0, nd cnt : 1, cso : 1, et : 0
06-18 14:46:08.634  1021  1561 I bauth_FPBAuthService: FPBAuthService, 11463
06-18 14:46:08.634  1714  1792 D OpenGLRenderer: setSurface() destroyed EGLSurface
06-18 14:46:08.634  1714  1792 D OpenGLRenderer: destroyEglSurface
06-18 14:46:08.635  1714  1714 I ViewRootImpl@d5aed5d[StatusBar]: reportNextDraw android.view.ViewRootImpl.performTraversals:4438 android.view.ViewRootImpl.doTraversal:3116 android.view.ViewRootImpl$TraversalRunnable.run:10885 android.view.Choreographer$CallbackRecord.run:1301 android.view.Choreographer$CallbackRecord.run:1309 
06-18 14:46:08.635  1714  1714 I ViewRootImpl@d5aed5d[StatusBar]: Setup new sync id=1131
06-18 14:46:08.635  1714  1714 I ViewRootImpl@d5aed5d[StatusBar]: Setting syncFrameCallback
06-18 14:46:08.635  1714  1714 I ViewRootImpl@d5aed5d[StatusBar]: registerCallbacksForSync syncBuffer=true
06-18 14:46:08.636  1714  1792 D OpenGLRenderer: eglCreateWindowSurface
06-18 14:46:08.641  1714  1833 I ViewRootImpl@d5aed5d[StatusBar]: Received frameDrawingCallback syncResult=0 frameNum=87816.
06-18 14:46:08.642  1714  1833 I ViewRootImpl@d5aed5d[StatusBar]: Setting up sync and frameCommitCallback
06-18 14:46:08.642  1714  1833 I BLASTBufferQueue: syncNextTransaction, mName= ViewRootImpl@d5aed5d[StatusBar] acquireSingleBuffer= true mNativeObject= 0xb400007bbd8e5e00 callback= android.view.ViewRootImpl$12$$ExternalSyntheticLambda0@bb9a6cf caller= android.graphics.BLASTBufferQueue.syncNextTransaction:147 android.view.ViewRootImpl$12.onFrameDraw:13385 android.view.ThreadedRenderer$1.onFrameDraw:801 <bottom of call stack> <bottom of call stack> <bottom of call stack> 
06-18 14:46:08.642  1714  1833 I BLASTBufferQueue: [ViewRootImpl@d5aed5d[StatusBar]#5](f:0,a:1) syncNextTransaction callback: 1, acquireSingleBuffer: 1, mTransactionReadyCallback: 0
06-18 14:46:08.645  1668  1668 D SemBigDataInfoController: Intent: com.samsung.intent.action.BIG_DATA_INFO
06-18 14:46:08.645  1668  1668 D SemBigDataInfoController: BIG_DATA insertLog slot: 0, feature: 26
06-18 14:46:08.645  1668  1668 E SemBigDataInfoController: Json parsing error: Value NULL at NR_TX_BYTE of type java.lang.String cannot be converted to long
06-18 14:46:08.646  1714  1792 I BLASTBufferQueue: [ViewRootImpl@d5aed5d[StatusBar]#5](f:0,a:1) onFrameAvailable-start syncTransactionSet=true
06-18 14:46:08.646  1714  1792 I BLASTBufferQueue: [ViewRootImpl@d5aed5d[StatusBar]#5](f:0,a:1) onFrameAvailable framenumber=87816 syncTransactionSet=true, mSyncedFrameNumbers=0
06-18 14:46:08.646  1714  1792 I BLASTBufferQueue: [ViewRootImpl@d5aed5d[StatusBar]#5](f:1,a:1) onFrameAvailable framenumber=87816 syncTransactionSet=true
06-18 14:46:08.646  1714  1792 I BLASTBufferQueue: [ViewRootImpl@d5aed5d[StatusBar]#5](f:0,a:2) acquireNextBufferLocked mLastAppliedFrameNumber: 87815
06-18 14:46:08.646  1714  1792 I BLASTBufferQueue: [ViewRootImpl@d5aed5d[StatusBar]#5](f:0,a:2) acquireNextBufferLocked size=1600x45 mFrameNumber=87816 applyTransaction=false mTimestamp=536669895678600(auto) mPendingTransactions.size=0 graphicBufferId=7361574008912 transform=7
06-18 14:46:08.646  1209  1257 D BatteryExternalStatsWorker: Update wifi state
06-18 14:46:08.647  1714  1792 I ViewRootImpl@d5aed5d[StatusBar]: Received frameCommittedCallback lastAttemptedDrawFrameNum=87816 didProduceBuffer=true
06-18 14:46:08.648  1714  1714 I ViewRootImpl@d5aed5d[StatusBar]: onSyncComplete
06-18 14:46:08.648  1714  1714 I ViewRootImpl@d5aed5d[StatusBar]: setupSync seqId=181 mSyncId=1131 fn=87816 caller=android.view.ViewRootImpl$$ExternalSyntheticLambda11.accept:6 android.window.SurfaceSyncer.lambda$setupSync$1$android-window-SurfaceSyncer:128 android.window.SurfaceSyncer$$ExternalSyntheticLambda1.accept:8 android.window.SurfaceSyncer$SyncSet.checkIfSyncIsComplete:382 android.window.SurfaceSyncer$SyncSet.markSyncReady:359 android.window.SurfaceSyncer.markSyncReady:151 android.view.ViewRootImpl.performTraversals:4503 
06-18 14:46:08.649  1714  1714 I ViewRootImpl@d5aed5d[StatusBar]: reportDrawFinished seqId=181 mSyncId=-1 fn=87816 mSurfaceChangedTransaction=0xb400007c5e942400
06-18 14:46:08.649  1668  1668 D SemBigDataInfoController: Intent: com.samsung.intent.action.BIG_DATA_INFO
06-18 14:46:08.650  1209  1785 D WindowManager: finishDrawingWindow: Window{abbfc78 u0 StatusBar} mDrawState=DRAW_PENDING seqId=181
06-18 14:46:08.650  1209  1785 I WindowManager: finishDrawing of orientation change: Window{abbfc78 u0 StatusBar} 393ms
06-18 14:46:08.651  1209  1785 D WindowManager: Clear waiting to handle resizing w=Window{abbfc78 u0 StatusBar}, caller=com.android.server.wm.WindowState.$r8$lambda$KRT9GRK4XCFxbCtXhf99RTKi_oc:0 com.android.server.wm.WindowState$$ExternalSyntheticLambda6.accept:4 com.android.server.wm.WindowState.executeDrawHandlers:7453 com.android.server.wm.WindowState.finishDrawing:7254 com.android.server.wm.WindowManagerService.finishDrawingWindow:3124 
06-18 14:46:08.651  1209  1785 D WindowManager: executeDrawHandlers, seqId=181, h.mSeqId=181, hadHandlers=true, win=Window{abbfc78 u0 StatusBar}
06-18 14:46:08.651  1714  1714 I ViewRootImpl@1771c2d[]: reportDrawFinished seqId=3 mSyncId=-1 fn=83 mSurfaceChangedTransaction=0xb400007bc8984d00
06-18 14:46:08.652  1714  1714 I ViewRootImpl@da24b18[NavigationBar0]: reportDrawFinished seqId=180 mSyncId=-1 fn=174470 mSurfaceChangedTransaction=0xb400007bf1ead000
06-18 14:46:08.652  1209  1785 D WindowManager: finishDrawingWindow: Window{70e3a93 u0 com.android.systemui} mDrawState=DRAW_PENDING seqId=3
06-18 14:46:08.653  1209  1785 I WindowManager: finishDrawing of orientation change: Window{70e3a93 u0 com.android.systemui} 394ms
06-18 14:46:08.654  1209  1785 D WindowManager: finishDrawingWindow: Window{bb9c6a2 u0 NavigationBar0} mDrawState=HAS_DRAWN seqId=180
06-18 14:46:08.655  1209  1237 W WindowManager: lockNow pending, ignore updating lockscreen timeout
06-18 14:46:08.655  1209  1257 D BatteryExternalStatsWorker: Update modem state
06-18 14:46:08.655  1209  1257 D BatteryExternalStatsWorker: done updateExternalStatsLocked
06-18 14:46:08.656  1209  1237 V WindowManager: performShowLocked: mDrawState=HAS_DRAWN in Window{70e3a93 u0 com.android.systemui}
06-18 14:46:08.656  1209  1237 D AsyncRotation_WindowManager: Complete directly Window{70e3a93 u0 com.android.systemui}
06-18 14:46:08.656  1209  1237 D AsyncRotation_WindowManager: finishOp fade-in Window{70e3a93 u0 com.android.systemui}
06-18 14:46:08.656  1668  2174 I System.out: Broadcast completed: result=0
06-18 14:46:08.659  1209  1237 D WindowManager: fadeWindowToken, show=true, animationType=token_transform, topWindow=Window{70e3a93 u0 com.android.systemui}, token=WindowToken{3fae3fc type=2024 android.os.BinderProxy@d6439b}, caller=com.android.server.wm.AsyncRotationController.fadeWindowToken:599 com.android.server.wm.AsyncRotationController.finishOp:300 com.android.server.wm.AsyncRotationController.completeRotation:367 com.android.server.wm.DisplayContent.finishAsyncRotation:2363 com.android.server.wm.WindowState.setOrientationChanging:1971 
06-18 14:46:08.660  1209  1237 I WindowManager: Cancelling animation restarting=true, leash=Surface(name=Surface(name=WindowToken{3fae3fc type=2024 android.os.BinderProxy@d6439b})/@0x13759b2 - animation-leash of token_transform)/@0xe9443c1
06-18 14:46:08.660  1209  1237 I WindowManager: Reparenting to original parent: Surface(name=Leaf:24:25)/@0x952d2a9, destroy=false, surface=Surface(name=WindowToken{3fae3fc type=2024 android.os.BinderProxy@d6439b})/@0x13759b2
06-18 14:46:08.661  1209  1237 I WindowManager: Reparenting to leash, surface=Surface(name=WindowToken{3fae3fc type=2024 android.os.BinderProxy@d6439b})/@0x13759b2, leashParent=Surface(name=Leaf:24:25)/@0x952d2a9
06-18 14:46:08.661   892  1074 I SurfaceFlinger: id=128095 createSurf flag=24004, Surface(name=WindowToken{3fae3fc type=2024 android.os.BinderProxy@d6439b})/@0x13759b2 - animation-leash of token_transform#128095
06-18 14:46:08.662  1714  1714 V QsExpandAnimator: updateAnimators
06-18 14:46:08.662  1714  1714 V QsExpandAnimator: clearAnimationState 
06-18 14:46:08.662  1209  1237 D WindowManager: makeSurface duration=1 leash=Surface(name=Surface(name=WindowToken{3fae3fc type=2024 android.os.BinderProxy@d6439b})/@0x13759b2 - animation-leash of token_transform)/@0x7882168
06-18 14:46:08.663  1209  1237 V WindowManager: performShowLocked: mDrawState=HAS_DRAWN in Window{abbfc78 u0 StatusBar}
06-18 14:46:08.663  1714  1714 V QsExpandAnimator: updateViews
06-18 14:46:08.663  1209  1237 D AsyncRotation_WindowManager: Complete directly Window{abbfc78 u0 StatusBar}
06-18 14:46:08.663  1209  1237 D AsyncRotation_WindowManager: finishOp fade-in Window{abbfc78 u0 StatusBar}
06-18 14:46:08.663  1209  1237 D WindowManager: fadeWindowToken, show=true, animationType=token_transform, topWindow=Window{abbfc78 u0 StatusBar}, token=WindowToken{c1c69db type=2000 android.os.BinderProxy@647cad5}, caller=com.android.server.wm.AsyncRotationController.fadeWindowToken:599 com.android.server.wm.AsyncRotationController.finishOp:300 com.android.server.wm.AsyncRotationController.completeRotation:367 com.android.server.wm.DisplayContent.finishAsyncRotation:2363 com.android.server.wm.WindowState.setOrientationChanging:1971 
06-18 14:46:08.664  1209  1237 I WindowManager: Cancelling animation restarting=true, leash=Surface(name=Surface(name=WindowToken{c1c69db type=2000 android.os.BinderProxy@647cad5})/@0xeac884 - animation-leash of token_transform)/@0x4ba5ccb
06-18 14:46:08.664  1714  1714 V QsExpandAnimator: updateTileAnimator
06-18 14:46:08.664  1209  1237 I WindowManager: Reparenting to original parent: Surface(name=Leaf:15:15)/@0x7150e81, destroy=false, surface=Surface(name=WindowToken{c1c69db type=2000 android.os.BinderProxy@647cad5})/@0xeac884
06-18 14:46:08.664  1209  1237 I WindowManager: Reparenting to leash, surface=Surface(name=WindowToken{c1c69db type=2000 android.os.BinderProxy@647cad5})/@0xeac884, leashParent=Surface(name=Leaf:15:15)/@0x7150e81
06-18 14:46:08.665   892  1074 I SurfaceFlinger: id=128096 createSurf flag=24004, Surface(name=WindowToken{c1c69db type=2000 android.os.BinderProxy@647cad5})/@0xeac884 - animation-leash of token_transform#128096
06-18 14:46:08.665  1714  1714 V QsExpandAnimator: updateHeaderAnimator
06-18 14:46:08.665  1209  1237 D WindowManager: makeSurface duration=1 leash=Surface(name=Surface(name=WindowToken{c1c69db type=2000 android.os.BinderProxy@647cad5})/@0xeac884 - animation-leash of token_transform)/@0xd941981
06-18 14:46:08.665  1714  1714 V QsExpandAnimator: updateBarAnimator
06-18 14:46:08.666  1714  1714 V QsExpandAnimator: setQsExpansionPosition 0.0
06-18 14:46:08.666  1714  1714 V QsExpandAnimator: onAnimationAtStart
06-18 14:46:08.667  1209  1237 D SurfaceControl: applyGlobalTransaction called, mName=finishDrawing_syncId(181)_StatusBar, finishDrawing_syncId(3)_com.android.systemui, finishDrawing_syncId(180)_NavigationBar0
06-18 14:46:08.667  1209  1237 I SurfaceComposerClient: setTransactionState with buffer. layerId: 116, bufferData(ID: 7361574008912, frameNumber: 87816, barrierFrameNumber: 87815)
06-18 14:46:08.668   892  1074 D SurfaceFlinger: [StatusBar$_1714#116] setTransactionState with buffer. bufferData(ID: 7361574008912, frameNumber: 87816, barrierFrameNumber: 87815)
06-18 14:46:08.670   892   892 I Layer   : id=128086 removeFromCurrentState Surface(name=WindowToken{3fae3fc type=2024 android.os.BinderProxy@d6439b})/@0x13759b2 - animation-leash of token_transform#128086 (154)
06-18 14:46:08.670   892   892 I Layer   : id=128084 removeFromCurrentState Surface(name=WindowToken{c1c69db type=2000 android.os.BinderProxy@647cad5})/@0xeac884 - animation-leash of token_transform#128084 (154)
06-18 14:46:08.670   892   892 I SurfaceFlinger: id=128086 Removed Surface(name=WindowToken{3fae3fc type=2024 android.os.BinderProxy@d6439b})/@0x13759b2 - animation-leash of token_transform#128086 (154)
06-18 14:46:08.670   892   892 I SurfaceFlinger: id=128084 Removed Surface(name=WindowToken{c1c69db type=2000 android.os.BinderProxy@647cad5})/@0xeac884 - animation-leash of token_transform#128084 (154)
06-18 14:46:08.671   892   892 I Layer   : id=128084 Destroyed Surface(name=WindowToken{c1c69db type=2000 android.os.BinderProxy@647cad5})/@0xeac884 - animation-leash of token_transform#128084
06-18 14:46:08.671   892   892 I Layer   : id=128086 Destroyed Surface(name=WindowToken{3fae3fc type=2024 android.os.BinderProxy@d6439b})/@0x13759b2 - animation-leash of token_transform#128086
06-18 14:46:08.671  1209  1237 I WindowManager: Reparenting to original parent: Surface(name=Display 0 name="Built-in Screen")/@0x689baff, destroy=true, surface=Surface(name=WindowedMagnification:0:31)/@0x13b57b
06-18 14:46:08.671  1209  1237 I WindowManager: Reparenting to original parent: null, destroy=true, surface=Surface(name=RotationLayer)/@0xe91517f
06-18 14:46:08.672  1714  1736 I BLASTBufferQueue: [ViewRootImpl@d5aed5d[StatusBar]#5](f:0,a:2) transactionCommittedCallback
06-18 14:46:08.672  1714  1736 I BLASTBufferQueue: [ViewRootImpl@d5aed5d[StatusBar]#5](f:0,a:2) transactionCommittedCallback mSyncedFrameNumbers.erase(87816). mSyncedFrameNumbers: 0
06-18 14:46:08.673  1209  1237 V WindowManager: rotationForOrientation(orient=SCREEN_ORIENTATION_SENSOR_LANDSCAPE (6), last=ROTATION_90 (1)); user=ROTATION_0 (0) USER_ROTATION_LOCKED
06-18 14:46:08.673  1209  1237 D WindowManager: rotationForOrientation, orientationSource=ActivityRecord{6090af u0 app.netmirror.netmirrornew/.MainActivity} t1554}
06-18 14:46:08.673  1209  1237 V WindowManager: Computed rotation=ROTATION_90 (1) for display id=0 based on lastOrientation=SCREEN_ORIENTATION_SENSOR_LANDSCAPE (6) and oldRotation=ROTATION_90 (1), caller=com.android.server.wm.DisplayContent.updateRotationUnchecked:2410 com.android.server.wm.WindowManagerService.updateRotationUnchecked:4778 com.android.server.wm.WindowManagerService.updateRotation:4759 com.android.server.wm.ScreenRotationAnimation$SurfaceRotationAnimationController.onAnimationEnd:899 com.android.server.wm.ScreenRotationAnimation$SurfaceRotationAnimationController.$r8$lambda$wJe6NDrB63BnRyvW-E-a-FgRopM:0 com.android.server.wm.ScreenRotationAnimation$SurfaceRotationAnimationController$$ExternalSyntheticLambda0.onAnimationFinished:2 
06-18 14:46:08.674  1714  1714 V QsExpandAnimator: updateAnimators
06-18 14:46:08.674  1714  1714 V QsExpandAnimator: clearAnimationState 
06-18 14:46:08.674  1209  1237 W WindowManager: lockNow pending, ignore updating lockscreen timeout
06-18 14:46:08.674  1714  1714 V QsExpandAnimator: updateViews
06-18 14:46:08.676  1714  1714 V QsExpandAnimator: updateTileAnimator
06-18 14:46:08.677  1714  1714 V QsExpandAnimator: updateHeaderAnimator
06-18 14:46:08.677   892   892 D SurfaceFlinger: Display 0 HWC layers:
06-18 14:46:08.677   892   892 D SurfaceFlinger:      DEVICE | 0xb400007585c9e300 | 0102 | RGBA_8888    |    0.0    0.0  720.0 1600.0 |    0    0  720 1600 | app.netmirror.netmirrornew/app.netmi[...]mirrornew.MainActivity$_21578#128047
06-18 14:46:08.677   892   892 D SurfaceFlinger:      DEVICE | 0xb400007556573e00 | 0100 | RGBA_8888    |    0.0    0.0  128.0   30.0 |  428   45  556   75 | $_1714#127812
06-18 14:46:08.677   892   892 D SurfaceFlinger:      DEVICE | 0xb400007556b3e700 | 0100 | RGBA_8888    |    0.0    0.0   66.0  120.0 |  652  538  718  658 | AssistantMenuFloatingIconUI$_1687#126621
06-18 14:46:08.677   892   892 D SurfaceFlinger: 
06-18 14:46:08.678  1714  1714 V QsExpandAnimator: updateBarAnimator
06-18 14:46:08.678  1714  1714 V QsExpandAnimator: setQsExpansionPosition 0.0
06-18 14:46:08.678  1714  1714 V QsExpandAnimator: onAnimationAtStart
06-18 14:46:08.691   892   892 I Layer   : id=128080 removeFromCurrentState BackColorSurface#128080 (152)
06-18 14:46:08.692   892   892 I Layer   : id=128082 removeFromCurrentState EnterBlackFrameLayer#128082 (152)
06-18 14:46:08.692   892   892 I Layer   : id=128081 removeFromCurrentState RotationLayer#128081 (152)
06-18 14:46:08.692   892   892 I Layer   : id=128091 removeFromCurrentState Surface(name=WindowedMagnification:0:31)/@0x13b57b - animation-leash of screen_rotation#128091 (152)
06-18 14:46:08.692   892   892 I Layer   : id=128092 removeFromCurrentState Surface(name=RotationLayer)/@0xe91517f - animation-leash of screen_rotation#128092 (152)
06-18 14:46:08.693   892   892 I SurfaceFlinger: id=128091 Removed Surface(name=WindowedMagnification:0:31)/@0x13b57b - animation-leash of screen_rotation#128091 (152)
06-18 14:46:08.693   892   892 I SurfaceFlinger: id=128092 Removed Surface(name=RotationLayer)/@0xe91517f - animation-leash of screen_rotation#128092 (152)
06-18 14:46:08.693   892   892 I SurfaceFlinger: id=128080 Removed BackColorSurface#128080 (152)
06-18 14:46:08.693   892   892 I SurfaceFlinger: id=128082 Removed EnterBlackFrameLayer#128082 (152)
06-18 14:46:08.693   892   892 I SurfaceFlinger: id=128081 Removed RotationLayer#128081 (152)
06-18 14:46:08.693   892   892 I Layer   : id=128082 Destroyed EnterBlackFrameLayer#128082
06-18 14:46:08.694   892   892 I Layer   : id=128092 Destroyed Surface(name=RotationLayer)/@0xe91517f - animation-leash of screen_rotation#128092
06-18 14:46:08.694   892   892 I Layer   : id=128081 Destroyed RotationLayer#128081
06-18 14:46:08.694   892   892 I Layer   : id=128080 Destroyed BackColorSurface#128080
06-18 14:46:08.694   892   892 I Layer   : id=128091 Destroyed Surface(name=WindowedMagnification:0:31)/@0x13b57b - animation-leash of screen_rotation#128091
06-18 14:46:08.737  1209  1237 I WindowManager: Reparenting to original parent: Surface(name=Leaf:24:25)/@0x952d2a9, destroy=true, surface=Surface(name=WindowToken{d2bba6d type=2019 android.os.BinderProxy@bc01097})/@0xc0dd574
06-18 14:46:08.739  1209  1237 W WindowManager: lockNow pending, ignore updating lockscreen timeout
06-18 14:46:08.747   892   892 I Layer   : id=128094 removeFromCurrentState Surface(name=WindowToken{d2bba6d type=2019 android.os.BinderProxy@bc01097})/@0xc0dd574 - animation-leash of token_transform#128094 (147)
06-18 14:46:08.747   892   892 I SurfaceFlinger: id=128094 Removed Surface(name=WindowToken{d2bba6d type=2019 android.os.BinderProxy@bc01097})/@0xc0dd574 - animation-leash of token_transform#128094 (147)
06-18 14:46:08.748   892   892 I Layer   : id=128094 Destroyed Surface(name=WindowToken{d2bba6d type=2019 android.os.BinderProxy@bc01097})/@0xc0dd574 - animation-leash of token_transform#128094
06-18 14:46:08.779  1209  1563 D SemNscXgbMsL1: Probability - Cloud gaming: [0.005668672]
06-18 14:46:08.780  1209  1563 D SemNscXgbMsL1: Probability - Real time: [0.78315294]
06-18 14:46:08.780  1209  1563 D SemNscXgbMsL1: Probability - Non real time: [0.9845108]
06-18 14:46:08.780  1209  1563 D SemNscXgbMsL1: 1 sample inference time: 0.545577 msecs
06-18 14:46:08.781  1209  1563 D SemNscXgbL2Rt: L2 RT 1 sample inference time: 0.802423 msecs
06-18 14:46:08.781  1209  1563 D SemNscXgbL2Nrt: L2 NRT 1 sample inference time: 0.731192 msecs
06-18 14:46:08.803  1209  1237 I WindowManager: Reparenting to original parent: Surface(name=WindowToken{ab4a48d type=2032 android.os.Binder@8af0124})/@0xbbb22d4, destroy=true, surface=Surface(name=cbc8303 AssistantMenuFloatingIconUI)/@0x9790027
06-18 14:46:08.816  1209  1237 W WindowManager: lockNow pending, ignore updating lockscreen timeout
06-18 14:46:08.825   892   892 I Layer   : id=128093 removeFromCurrentState Surface(name=cbc8303 AssistantMenuFloatingIconUI)/@0x9790027 - animation-leash of window_animation#128093 (146)
06-18 14:46:08.825   892   892 I SurfaceFlinger: id=128093 Removed Surface(name=cbc8303 AssistantMenuFloatingIconUI)/@0x9790027 - animation-leash of window_animation#128093 (146)
06-18 14:46:08.825   892   892 I Layer   : id=128093 Destroyed Surface(name=cbc8303 AssistantMenuFloatingIconUI)/@0x9790027 - animation-leash of window_animation#128093
06-18 14:46:08.853  1209  1603 D NetdEventListenerService: DNS Requested by : 359, 10633
06-18 14:46:08.869  1209  1237 I WindowManager: Reparenting to original parent: Surface(name=Leaf:24:25)/@0x952d2a9, destroy=true, surface=Surface(name=WindowToken{3fae3fc type=2024 android.os.BinderProxy@d6439b})/@0x13759b2
06-18 14:46:08.870  1209  1237 I WindowManager: Reparenting to original parent: Surface(name=Leaf:15:15)/@0x7150e81, destroy=true, surface=Surface(name=WindowToken{c1c69db type=2000 android.os.BinderProxy@647cad5})/@0xeac884
06-18 14:46:08.872  1209  1237 W WindowManager: lockNow pending, ignore updating lockscreen timeout
06-18 14:46:08.880   892   892 I Layer   : id=128095 removeFromCurrentState Surface(name=WindowToken{3fae3fc type=2024 android.os.BinderProxy@d6439b})/@0x13759b2 - animation-leash of token_transform#128095 (145)
06-18 14:46:08.880   892   892 I Layer   : id=128096 removeFromCurrentState Surface(name=WindowToken{c1c69db type=2000 android.os.BinderProxy@647cad5})/@0xeac884 - animation-leash of token_transform#128096 (145)
06-18 14:46:08.880   892   892 I SurfaceFlinger: id=128096 Removed Surface(name=WindowToken{c1c69db type=2000 android.os.BinderProxy@647cad5})/@0xeac884 - animation-leash of token_transform#128096 (145)
06-18 14:46:08.880   892   892 I SurfaceFlinger: id=128095 Removed Surface(name=WindowToken{3fae3fc type=2024 android.os.BinderProxy@d6439b})/@0x13759b2 - animation-leash of token_transform#128095 (145)
06-18 14:46:08.881   892   892 I Layer   : id=128096 Destroyed Surface(name=WindowToken{c1c69db type=2000 android.os.BinderProxy@647cad5})/@0xeac884 - animation-leash of token_transform#128096
06-18 14:46:08.881   892   892 I Layer   : id=128095 Destroyed Surface(name=WindowToken{3fae3fc type=2024 android.os.BinderProxy@d6439b})/@0x13759b2 - animation-leash of token_transform#128095
06-18 14:46:08.882  1209  1237 W WindowManager: lockNow pending, ignore updating lockscreen timeout
06-18 14:46:09.284  1209 25662 D SemWifiUsabilityStatsMonitor: onWifiUsabilityStats - seqNum 80289, isSameBssidAndFreq true
06-18 14:46:09.285  1209  1565 I SemWifiLinkQualityMonitor: Link Qos Query: 0.323 ms / 24.781 Mbps (39 / 0.000 / 1.574)
06-18 14:46:09.344 20713 23486 W adbd    : timed out while waiting for FUNCTIONFS_BIND, trying again
06-18 14:46:09.344 20713 23486 I adbd    : UsbFfs: connection terminated: monitor thread finished
06-18 14:46:09.386 20713 20718 I adbd    : opening control endpoint /dev/usb-ffs/adb/ep0
06-18 14:46:09.408   851 23491 I HYPER-HAL: [RequestManager.cpp]releaseLocked(): Released ID : 746043
06-18 14:46:09.634  1021  1561 I bauth_FPBAuthService: pcf : 0x1012, 0 ,2 ,0 ,0 ,0 ,2, 7.0.0.1
06-18 14:46:09.634  1021  1561 I bauth_FPBAuthService: thread id : 2, preenroll_flag : 0, nd cnt : 1, cso : 1, et : 0
06-18 14:46:09.634  1021  1561 I bauth_FPBAuthService: FPBAuthService, 11463
06-18 14:46:09.738 27630 27871 D BtGatt.GattService: onScanResult to scannerId: 3- eventType=0x10, addressType=1, address=2C9F4C_E, primaryPhy=1, secondaryPhy=0, advertisingSid=0xff, txPower=127, rssi=-79, periodicAdvInt=0x0
06-18 14:46:09.752  1209  1563 D SemNscXgbMsL1: Probability - Cloud gaming: [0.004647573]
06-18 14:46:09.752  1209  1563 D SemNscXgbMsL1: Probability - Real time: [0.7068239]
06-18 14:46:09.752  1209  1563 D SemNscXgbMsL1: Probability - Non real time: [0.9755966]
06-18 14:46:09.752  1209  1563 D SemNscXgbMsL1: 1 sample inference time: 0.569154 msecs
06-18 14:46:09.753  1209  1563 D SemNscXgbL2Rt: L2 RT 1 sample inference time: 0.725423 msecs
06-18 14:46:09.754  1209  1563 D SemNscXgbL2Nrt: L2 NRT 1 sample inference time: 0.679384 msecs
06-18 14:46:10.182   851 23484 I HYPER-HAL: [RequestManager.cpp]releaseLocked(): Released ID : 918836
06-18 14:46:10.219   810   810 E audit   : type=1400 audit(1781774170.217:228263): avc:  denied  { write } for  pid=22276 comm="PerfettoTrace" name="traced_producer" dev="tmpfs" ino=15699 scontext=u:r:gmscore_app:s0:c512,c768 tcontext=u:object_r:traced_producer_socket:s0 tclass=sock_file permissive=0 SEPF_SM-M127G_13_0001 audit_filtered
06-18 14:46:10.219   810   810 E audit   : type=1300 audit(1781774170.217:228263): arch=c00000b7 syscall=203 success=no exit=-13 a0=a3 a1=760001aa80 a2=1e a3=ffffffff95d47905 items=1 ppid=827 pid=22276 auid=4294967295 uid=10200 gid=10200 euid=10200 suid=10200 fsuid=10200 egid=10200 sgid=10200 fsgid=10200 tty=(none) ses=4294967295 comm="PerfettoTrace" exe="/system/bin/app_process64" subj=u:r:gmscore_app:s0:c512,c768 key=(null)
06-18 14:46:10.219   810   810 E audit   : type=1306 audit(1781774170.217:228263): saddr=01002F6465762F736F636B65742F7472616365645F70726F647563657200
06-18 14:46:10.219   810   810 E audit   : type=1302 audit(1781774170.217:228263): item=0 name="/dev/socket/traced_producer" inode=15699 dev=00:10 mode=0140666 ouid=0 ogid=0 rdev=00:00 obj=u:object_r:traced_producer_socket:s0 nametype=NORMAL cap_fp=0000000000000000 cap_fi=0000000000000000 cap_fe=0 cap_fver=0
06-18 14:46:10.219   810   810 E audit   : type=1327 audit(1781774170.217:228263): proctitle="com.google.android.gms"
06-18 14:46:10.238  1666  1767 I FreeformContainer: [Manager] handleMessage: FREEFORM_CONTAINER_CLOSE_FULLSCREEN_MODE
06-18 14:46:10.238  1666  1767 I FreeformContainer: [ViewController] close FullscreenMode: fullscreen_mode_request_screen_rotating
06-18 14:46:10.238  1666  1767 I FreeformContainer: [ViewController] FullscreenMode Disabled
06-18 14:46:10.255  1209  1563 D SemNscXgbMsL1: Probability - Cloud gaming: [0.031167055]
06-18 14:46:10.256  1209  1563 D SemNscXgbMsL1: Probability - Real time: [0.58672696]
06-18 14:46:10.256  1209  1563 D SemNscXgbMsL1: Probability - Non real time: [0.660381]
06-18 14:46:10.256  1209  1563 D SemNscXgbMsL1: 1 sample inference time: 0.7755 msecs
06-18 14:46:10.257  1209  1563 D SemNscXgbL2Rt: L2 RT 1 sample inference time: 0.953116 msecs
06-18 14:46:10.258  1209  1563 D SemNscXgbL2Nrt: L2 NRT 1 sample inference time: 0.792961 msecs
06-18 14:46:10.375  1209  1270 D PowerManagerService: UserActivityStateListenerState: 0
06-18 14:46:10.389 20713 23498 W adbd    : timed out while waiting for FUNCTIONFS_BIND, trying again
06-18 14:46:10.389 20713 23498 I adbd    : UsbFfs: connection terminated: monitor thread finished
06-18 14:46:10.408   851 23490 I HYPER-HAL: [RequestManager.cpp]releaseLocked(): Released ID : 1791778
06-18 14:46:10.435 20713 20718 I adbd    : opening control endpoint /dev/usb-ffs/adb/ep0
06-18 14:46:10.438  1209  1366 D InputReader: Btn_touch(10): value=1 when=536671.687900
06-18 14:46:10.438  1209  1366 I InputReader: Touch event's action is 0x0 (id=2, t=0) [pCnt=1, s=0.16092 ] when=536671.687900
06-18 14:46:10.440  1209  1209 D PowerManagerService: [api] userActivity : event: 0 flags: 0 (uid: 1000 pid: 1209) <- handleMotionEvent() in com.android.server.accessibility.AccessibilityInputFilter:481 eventTime = 536671687 displayId = 0
06-18 14:46:10.441  1209  1209 I GestureDetector: obtain mCurrentDownEvent. id: 541554722 caller: com.android.server.accessibility.magnification.PanningScalingHandler.onTouchEvent:91 com.android.server.accessibility.magnification.WindowMagnificationGestureHandler.onMotionEventInternal:147 com.android.server.accessibility.magnification.MagnificationGestureHandler.onMotionEvent:119 
06-18 14:46:10.441  1209  1209 D InputDispatcher: Inject motion (0/0): action=0x0, time=536671687900000, f=0x0, d=0 dsdx=0.000000 dtdx=1.000000
06-18 14:46:10.442  1209  1365 I InputDispatcher: Delivering touch to (1714): action: 0x4, f=0x0, d=0, 'bb9c6a2', t=1 
06-18 14:46:10.442  1209  1365 I InputDispatcher: Delivering touch to (21578): action: 0x0, f=0x0, d=0, '2d36320', t=1 +(0,720)
06-18 14:46:10.443  3826  3826 I TouchInteractionService: onInputEvent, inputConsumer = com.android.quickstep.l2@3cc78b2
06-18 14:46:10.443  1209  1365 D PowerManagerService: [api] userActivityFromNative :  (event: 2 flags: 0 displayId: 0) eventTime = 536671687
06-18 14:46:10.444  1209  1365 D PowerManagerService: UserActivityStateListenerState: 1
06-18 14:46:10.445  1209  1234 I GestureDetector: obtain mCurrentDownEvent. id: 541554722 caller: com.android.server.wm.SystemGesturesPointerEventListener.onPointerEvent:203 com.android.server.wm.PointerEventDispatcher.onInputEvent:53 android.view.InputEventReceiver.dispatchInputEvent:285 
06-18 14:46:10.446 21578 21578 I ViewRootImpl@32f1b[MainActivity]: ViewPostIme pointer 0
06-18 14:46:10.446   396   396 D io_stats: !@ 179,0 r 44809333 790173751 w 18127381 187994048 d 1196669 58392776 f 0 0 iot 25136968 0 th 0 0 0 pt 0 inp 0 0 536671.696
06-18 14:46:10.447  1209  1234 I GestureDetector: obtain mCurrentDownEvent. id: 541554722 caller: com.android.server.wm.SystemPerformancePointerEventListener.onPointerEvent:89 com.android.server.wm.PointerEventDispatcher.onInputEvent:53 android.view.InputEventReceiver.dispatchInputEvent:285 
06-18 14:46:10.461  1209  1209 I GestureDetector: obtain mCurrentMotionEventRaw. action: 2 id: 256773037
06-18 14:46:10.462  1209  1234 I GestureDetector: obtain mCurrentMotionEventRaw. action: 2 id: 256773037
06-18 14:46:10.462  1209  1234 I GestureDetector: obtain mCurrentMotionEventRaw. action: 2 id: 256773037
06-18 14:46:10.585  1209  1234 D WindowManager: requestTransientBars: swipeTarget=Window{abbfc78 u0 StatusBar}, controlTarget=Window{2d36320 u0 app.netmirror.netmirrornew/app.netmirror.netmirrornew.MainActivity}, canShowTransient=true, restorePositionTypes=0x0, from=com.android.server.wm.DisplayPolicy.-$$Nest$mrequestTransientBars:0 com.android.server.wm.DisplayPolicy$1.onSwipeFromTop:597 
06-18 14:46:10.585  1209  1234 I WindowManager: Cancelling animation restarting=true, leash=Surface(name=Surface(name=abbfc78 StatusBar)/@0xe8dee97 - animation-leash of insets_animation)/@0x2a120c8
06-18 14:46:10.586  1714  1714 D BarTransitions.FrameLayout: MODE_TRANSPARENT -> MODE_SEMI_TRANSPARENT animate=false
06-18 14:46:10.587  1209  1234 I WindowManager: Reparenting to original parent: Surface(name=WindowToken{c1c69db type=2000 android.os.BinderProxy@647cad5})/@0xeac884, destroy=false, surface=Surface(name=abbfc78 StatusBar)/@0xe8dee97
06-18 14:46:10.587  1209  1234 I WindowManager: Reparenting to leash, surface=Surface(name=abbfc78 StatusBar)/@0xe8dee97, leashParent=Surface(name=WindowToken{c1c69db type=2000 android.os.BinderProxy@647cad5})/@0xeac884
06-18 14:46:10.588   892  1074 I SurfaceFlinger: id=128097 createSurf flag=24004, Surface(name=abbfc78 StatusBar)/@0xe8dee97 - animation-leash of insets_animation#128097
06-18 14:46:10.588  1209  1234 D WindowManager: makeSurface duration=1 leash=Surface(name=Surface(name=abbfc78 StatusBar)/@0xe8dee97 - animation-leash of insets_animation)/@0xabab498
06-18 14:46:10.589  1209  1234 I WindowManager: Cancelling animation restarting=true, leash=Surface(name=Surface(name=bb9c6a2 NavigationBar0)/@0x9b25947 - animation-leash of insets_animation)/@0xf7db2dc
06-18 14:46:10.589  1209  1234 I WindowManager: Reparenting to original parent: Surface(name=WindowToken{d2bba6d type=2019 android.os.BinderProxy@bc01097})/@0xc0dd574, destroy=false, surface=Surface(name=bb9c6a2 NavigationBar0)/@0x9b25947
06-18 14:46:10.589  1714  1714 V Navbar.Store: handleEvent(0) OnNavBarTransitionModeChanged(transitionMode=1) [Module] NavigationBar
06-18 14:46:10.589  1209  1234 I WindowManager: Reparenting to leash, surface=Surface(name=bb9c6a2 NavigationBar0)/@0x9b25947, leashParent=Surface(name=WindowToken{d2bba6d type=2019 android.os.BinderProxy@bc01097})/@0xc0dd574
06-18 14:46:10.589  1714  1714 V Navbar.Store: [Band]GESTURE_PACK_SHOW_FLOATING_GAMETOOLS_ICON
06-18 14:46:10.589  1714  1714 V Navbar.Store: NavBarStates canShowFloatingGameTools: false
06-18 14:46:10.589  1714  1714 D BarTransitions.SamsungNavigationBarView: MODE_TRANSPARENT -> MODE_SEMI_TRANSPARENT animate=false
06-18 14:46:10.589   892   937 I SurfaceFlinger: id=128098 createSurf flag=24004, Surface(name=bb9c6a2 NavigationBar0)/@0x9b25947 - animation-leash of insets_animation#128098
06-18 14:46:10.590  1209  1234 D WindowManager: makeSurface duration=1 leash=Surface(name=Surface(name=bb9c6a2 NavigationBar0)/@0x9b25947 - animation-leash of insets_animation)/@0x34398d6
06-18 14:46:10.592  1209 23502 I SystemUiVisibilityPolicyController: handleMessage: entry what = 1
06-18 14:46:10.592 29176 29176 I TrayStateController: systemUiVisibilityChanged : 7 2
06-18 14:46:10.593 29176 29176 I Utils   : isCurrentUser current = 0, ownerId = 0
06-18 14:46:10.594 29176 29176 I TrayVisibilityController: updateTrayVisible: State=257 visible=2 mCurrentVisible=2 specificMode=0
06-18 14:46:10.596 29176 29176 I TrayStateController: setUiState 2 : -isHideByOrientationPolicy : true isFolded : false  already 2
06-18 14:46:10.603  1209  1237 D InsetsSourceProvider: updateVisibility: serverVisible=true, clientVisible=true, source=InsetsSource: {mType=ITYPE_NAVIGATION_BAR, mFrame=[0,692][1600,720], mVisible=true, mInsetsRoundedCornerFrame=false}, controlTarget=com.android.server.wm.InsetsPolicy$1@6732adb, from=com.android.server.wm.InsetsSourceProvider.setClientVisible:536 com.android.server.wm.InsetsSourceProvider.updateClientVisibility:518 com.android.server.wm.InsetsStateController.onInsetsModified:250 com.android.server.wm.InsetsStateController.lambda$notifyPendingInsetsControlChanged$5:414 com.android.server.wm.InsetsStateController.$r8$lambda$ni7v3ZO6TRbLZqXOFahDjPeXTS0:0 com.android.server.wm.InsetsStateController$$ExternalSyntheticLambda4.run:2 com.android.server.wm.WindowAnimator.executeAfterPrepareSurfacesRunnables:345 com.android.server.wm.WindowAnimator.animate:226 com.android.server.wm.WindowAnimator.lambda$new$1:106 com.android.server.wm.WindowAnimator.$r8$lambda$fo2Nk5bb9hY3lvmHsTnTEwtZMbI:0 
06-18 14:46:10.604  1209  1237 D InsetsSourceProvider: updateVisibility: serverVisible=true, clientVisible=true, source=InsetsSource: {mType=ITYPE_STATUS_BAR, mFrame=[0,0][1600,45], mVisible=true, mInsetsRoundedCornerFrame=false}, controlTarget=com.android.server.wm.InsetsPolicy$1@6732adb, from=com.android.server.wm.InsetsSourceProvider.setClientVisible:536 com.android.server.wm.InsetsSourceProvider.updateClientVisibility:518 com.android.server.wm.InsetsStateController.onInsetsModified:250 com.android.server.wm.InsetsStateController.lambda$notifyPendingInsetsControlChanged$5:414 com.android.server.wm.InsetsStateController.$r8$lambda$ni7v3ZO6TRbLZqXOFahDjPeXTS0:0 com.android.server.wm.InsetsStateController$$ExternalSyntheticLambda4.run:2 com.android.server.wm.WindowAnimator.executeAfterPrepareSurfacesRunnables:345 com.android.server.wm.WindowAnimator.animate:226 com.android.server.wm.WindowAnimator.lambda$new$1:106 com.android.server.wm.WindowAnimator.$r8$lambda$fo2Nk5bb9hY3lvmHsTnTEwtZMbI:0 
06-18 14:46:10.605 27630 27871 D BtGatt.GattService: onScanResult to scannerId: 3- eventType=0x10, addressType=1, address=2C9F4C_E, primaryPhy=1, secondaryPhy=0, advertisingSid=0xff, txPower=127, rssi=-81, periodicAdvInt=0x0
06-18 14:46:10.607  3826 13659 I TouchInteractionService: onSystemUiStateChanged, stateFlags : 0 |
06-18 14:46:10.607   892   892 I Layer   : id=128055 removeFromCurrentState Surface(name=abbfc78 StatusBar)/@0xe8dee97 - animation-leash of insets_animation#128055 (145)
06-18 14:46:10.608   892   892 I Layer   : id=128054 removeFromCurrentState Surface(name=bb9c6a2 NavigationBar0)/@0x9b25947 - animation-leash of insets_animation#128054 (145)
06-18 14:46:10.608   892   892 I SurfaceFlinger: id=128055 Removed Surface(name=abbfc78 StatusBar)/@0xe8dee97 - animation-leash of insets_animation#128055 (145)
06-18 14:46:10.608   892   892 I SurfaceFlinger: id=128054 Removed Surface(name=bb9c6a2 NavigationBar0)/@0x9b25947 - animation-leash of insets_animation#128054 (145)
06-18 14:46:10.608   892   892 I Layer   : id=128055 Destroyed Surface(name=abbfc78 StatusBar)/@0xe8dee97 - animation-leash of insets_animation#128055
06-18 14:46:10.609   892   892 I Layer   : id=128054 Destroyed Surface(name=bb9c6a2 NavigationBar0)/@0x9b25947 - animation-leash of insets_animation#128054
06-18 14:46:10.612  3826  3826 I RecentsAnimationDeviceState: setSystemUiFlags, stateFlags : 0
06-18 14:46:10.612  3826  3826 I TouchInteractionService: onSystemUiFlagsChanged, lastSysUIFlags : 2
06-18 14:46:10.613  1714  1714 V Navbar.Store: handleEvent(0) OnNavBarWindowStateShowing(noArguments=true) [Module] NavigationBar
06-18 14:46:10.634  1021  1561 I bauth_FPBAuthService: pcf : 0x1012, 0 ,2 ,0 ,0 ,0 ,2, 7.0.0.1
