06-18 14:46:08.416  1714  1773 I ViewRootImpl@d376164[StageCoordinatorSplitDivider]:   pfl=62000040
06-18 14:46:08.416  1714  1773 I ViewRootImpl@d376164[StageCoordinatorSplitDivider]:   bhv=DEFAULT
06-18 14:46:08.416  1714  1773 I ViewRootImpl@d376164[StageCoordinatorSplitDivider]:   fitTypes=STATUS_BARS NAVIGATION_BARS CAPTION_BAR naviIconColor=0}
06-18 14:46:08.417 21578 21578 I ViewRootImpl@32f1b[MainActivity]: performTraversals params={(0,0)(fillxfill) sim={adjust=resize} layoutInDisplayCutoutMode=shortEdges ty=BASE_APPLICATION wanim=0x1030309
06-18 14:46:08.417 21578 21578 I ViewRootImpl@32f1b[MainActivity]:   fl=8d810700
06-18 14:46:08.417 21578 21578 I ViewRootImpl@32f1b[MainActivity]:   pfl=1e020040
06-18 14:46:08.417 21578 21578 I ViewRootImpl@32f1b[MainActivity]:   vsysui=700
06-18 14:46:08.417 21578 21578 I ViewRootImpl@32f1b[MainActivity]:   bhv=SHOW_TRANSIENT_BARS_BY_SWIPE
06-18 14:46:08.417 21578 21578 I ViewRootImpl@32f1b[MainActivity]:   fitSides= naviIconColor=0}
06-18 14:46:08.418 21578 21578 I ViewRootImpl@32f1b[MainActivity]: performTraversals mFirst=false windowShouldResize=false viewVisibilityChanged=false mForceNextWindowRelayout=false params={(0,0)(fillxfill) sim={adjust=resize} layoutInDisplayCutoutMode=shortEdges ty=BASE_APPLICATION wanim=0x1030309
06-18 14:46:08.418 21578 21578 I ViewRootImpl@32f1b[MainActivity]:   fl=8d810700
06-18 14:46:08.418 21578 21578 I ViewRootImpl@32f1b[MainActivity]:   pfl=1e020040
06-18 14:46:08.418 21578 21578 I ViewRootImpl@32f1b[MainActivity]:   vsysui=700
06-18 14:46:08.418 21578 21578 I ViewRootImpl@32f1b[MainActivity]:   bhv=SHOW_TRANSIENT_BARS_BY_SWIPE
06-18 14:46:08.418 21578 21578 I ViewRootImpl@32f1b[MainActivity]:   fitSides= naviIconColor=0}
06-18 14:46:08.419  1714  1773 I ViewRootImpl@d376164[StageCoordinatorSplitDivider]: updateBlastSurfaceIfNeeded mBlastBufferQueue=null isSameSurfaceControl=false
06-18 14:46:08.419  1209  3632 V WindowManager: Relayout Window{2d36320 u0 app.netmirror.netmirrornew/app.netmirror.netmirrornew.MainActivity}: viewVisibility=0 req=1600x720 d0
06-18 14:46:08.420  1714  1773 I BLASTBufferQueue: new BLASTBufferQueue, mName= ViewRootImpl@d376164[StageCoordinatorSplitDivider] mNativeObject= 0xb400007bc8c27f00 sc.mNativeObject= 0xb400007bf1e279a0 caller= android.view.ViewRootImpl.updateBlastSurfaceIfNeeded:2909 android.view.ViewRootImpl.relayoutWindow:9847 android.view.ViewRootImpl.performTraversals:3884 android.view.ViewRootImpl.doTraversal:3116 android.view.ViewRootImpl$TraversalRunnable.run:10885 android.view.Choreographer$CallbackRecord.run:1301 android.view.Choreographer$CallbackRecord.run:1309 android.view.Choreographer.doCallbacks:923 android.view.Choreographer.doFrame:852 android.view.Choreographer$FrameDisplayEventReceiver.run:1283 
06-18 14:46:08.420  1714  1773 I BLASTBufferQueue: update, w= 135 h= 720 mName = ViewRootImpl@d376164[StageCoordinatorSplitDivider] mNativeObject= 0xb400007bc8c27f00 sc.mNativeObject= 0xb400007bf1e279a0 format= -3 caller= android.graphics.BLASTBufferQueue.<init>:84 android.view.ViewRootImpl.updateBlastSurfaceIfNeeded:2909 android.view.ViewRootImpl.relayoutWindow:9847 android.view.ViewRootImpl.performTraversals:3884 android.view.ViewRootImpl.doTraversal:3116 android.view.ViewRootImpl$TraversalRunnable.run:10885 
06-18 14:46:08.421  1209  3632 W WindowManager: lockNow pending, ignore updating lockscreen timeout
06-18 14:46:08.421  1714  1773 I ViewRootImpl@d376164[StageCoordinatorSplitDivider]: Relayout returned: old=(732,0,867,720) new=(0,0,135,720) req=(135,720)0 dur=3 res=0x0 s={true 0xb400007bb10f7800} ch=true seqId=0
06-18 14:46:08.422  1714  1773 I ViewRootImpl@d376164[StageCoordinatorSplitDivider]: mThreadedRenderer.initialize() mSurface={isValid=true 0xb400007bb10f7800} hwInitialized=true
06-18 14:46:08.422  1714  1792 D OpenGLRenderer: eglCreateWindowSurface
06-18 14:46:08.425  1209  3632 V WindowManager: Relayout hash=2d36320, pid=21578, syncId=-1: mAttrs={(0,0)(fillxfill) sim={adjust=resize} layoutInDisplayCutoutMode=shortEdges ty=BASE_APPLICATION wanim=0x1030309
06-18 14:46:08.425  1209  3632 V WindowManager:   fl=8d810700
06-18 14:46:08.425  1209  3632 V WindowManager:   pfl=1e020040
06-18 14:46:08.425  1209  3632 V WindowManager:   vsysui=700
06-18 14:46:08.425  1209  3632 V WindowManager:   bhv=SHOW_TRANSIENT_BARS_BY_SWIPE
06-18 14:46:08.425  1209  3632 V WindowManager:   fitSides= naviIconColor=0}
06-18 14:46:08.427 21578 21578 I ViewRootImpl@32f1b[MainActivity]: updateBlastSurfaceIfNeeded mBlastBufferQueue=0xb400007be7947500 isSameSurfaceControl=true
06-18 14:46:08.428 21578 21578 I BLASTBufferQueue: update, w= 1600 h= 720 mName = ViewRootImpl@32f1b[MainActivity] mNativeObject= 0xb400007be7947500 sc.mNativeObject= 0xb4000079aa3ae900 format= -1 caller= android.view.ViewRootImpl.updateBlastSurfaceIfNeeded:2898 android.view.ViewRootImpl.relayoutWindow:9847 android.view.ViewRootImpl.performTraversals:3884 android.view.ViewRootImpl.doTraversal:3116 android.view.ViewRootImpl$TraversalRunnable.run:10885 android.view.Choreographer$CallbackRecord.run:1301 
06-18 14:46:08.428 21578 21578 I ViewRootImpl@32f1b[MainActivity]: Relayout returned: old=(0,0,1600,720) new=(0,0,1600,720) req=(1600,720)0 dur=9 res=0x0 s={true 0xb400007c5eb70800} ch=false seqId=0
06-18 14:46:08.432  1714  1714 D QSCinemaProvider: orientation is changed ! 1 >> 2
06-18 14:46:08.432  1714  1714 V SecQSFragmentAnimatorBase: onConfigurationChanged
06-18 14:46:08.433  1714  1714 V SecQsTransitionAnimator: restorePanelView
06-18 14:46:08.433  1714  1792 I BLASTBufferQueue: [ViewRootImpl@d376164[StageCoordinatorSplitDivider]#9322](f:0,a:0) onFrameAvailable the first frame is available
06-18 14:46:08.434  1714  1714 D MultiSIMPreferredSlotBar: setExpanded : false mShowing : false
06-18 14:46:08.434  1714  1714 D MultiSIMController: unRegisterSimCardManagerCallback : mSimCardManagerService is null 
06-18 14:46:08.435  1714  1792 D OpenGLRenderer: CFMS:: SetUp Pid : 1714    Tid : 1792
06-18 14:46:08.440  1714  1714 I ViewRootImpl@da24b18[NavigationBar0]: performTraversals params={(0,0)(fillx90) gr=BOTTOM CENTER_VERTICAL sim={adjust=pan} layoutInDisplayCutoutMode=always ty=NAVIGATION_BAR fmt=TRANSLUCENT receive insets ignoring z-order
06-18 14:46:08.440  1714  1714 I ViewRootImpl@da24b18[NavigationBar0]:   fl=20840068
06-18 14:46:08.440  1714  1714 I ViewRootImpl@da24b18[NavigationBar0]:   pfl=33002000
06-18 14:46:08.440  1714  1714 I ViewRootImpl@da24b18[NavigationBar0]:   bhv=DEFAULT
06-18 14:46:08.440  1714  1714 I ViewRootImpl@da24b18[NavigationBar0]:  providedInternalInsets=null Insets{left=0, top=62, right=0, bottom=0} null null null null null null null null null null null null null null null null null null null null null null
06-18 14:46:08.440  1714  1714 I ViewRootImpl@da24b18[NavigationBar0]:   paramsForRotation=
06-18 14:46:08.440  1714  1714 I ViewRootImpl@da24b18[NavigationBar0]:   rot[0]={(0,0)(fillx90) gr=BOTTOM CENTER_VERTICAL layoutInDisplayCutoutMode=always ty=NAVIGATION_BAR fmt=TRANSLUCENT receive insets ignoring z-order
06-18 14:46:08.440  1714  1714 I ViewRootImpl@da24b18[NavigationBar0]:   fl=20840068
06-18 14:46:08.440  1714  1714 I ViewRootImpl@da24b18[NavigationBar0]:   pfl=31002000
06-18 14:46:08.440  1714  1714 I ViewRootImpl@da24b18[NavigationBar0]:   bhv=DEFAULT
06-18 14:46:08.440  1714  1714 I ViewRootImpl@da24b18[NavigationBar0]:  providedInternalInsets=null Insets{left=0, top=62, right=0, bottom=0} null null null null null null null null null null null null null null null null null null null null null null naviIconColor=0} 
06-18 14:46:08.440  1714  1714 I ViewRootImpl@da24b18[NavigationBar0]:   rot[1]={(0,0)(fillx90) gr=BOTTOM CENTER_VERTICAL layoutInDisplayCutoutMode=always ty=NAVIGATION_BAR fmt=TRANSLUCENT receive insets ignoring z-order
06-18 14:46:08.440  1714  1714 I ViewRootImpl@da24b18[NavigationBar0]:   fl=20840068
06-18 14:46:08.440  1714  1714 I ViewRootImpl@da24b18[NavigationBar0]:   pfl=31002000
06-18 14:46:08.440  1714  1714 I ViewRootImpl@da24b18[NavigationBar0]:   bhv=DEFAULT
06-18 14:46:08.440  1714  1714 I ViewRootImpl@da24b18[NavigationBar0]:  providedInternalInsets=null Insets{left=0, top=62, right=0, bottom=0} null null null null null null null null null null null null null null null null null null null null null null naviIconColor=0} 
06-18 14:46:08.440  1714  1714 I ViewRootImpl@da24b18[NavigationBar0]:   rot[2]={(0,0)(fillx90) gr=BOTTOM CENTER_VERTICAL layoutInDisplayCutoutMode=always ty=NAVIGATION_BAR fmt=TRANSLUCENT receive insets ignoring z-order
06-18 14:46:08.440  1714  1714 I ViewRootImpl@da24b18[NavigationBar0]:   fl=20840068
06-18 14:46:08.440  1714  1714 I ViewRootImpl@da24b18[NavigationBar0]:   pfl=31002000
06-18 14:46:08.440  1714  1714 I ViewRootImpl@da24b18[NavigationBar0]:   bhv=DEFAULT
06-18 14:46:08.440  1714  1714 I ViewRootImpl@da24b18[NavigationBar0]:  providedInternalInsets=null Insets{left=0, top=62, right=0, bottom=0} null null null null null null null null null null null null null null null null null null null null null null naviIconColor=0} 
06-18 14:46:08.440  1714  1714 I ViewRootImpl@da24b18[NavigationBar0]:   rot[3]={(0,0)(fillx90) gr=BOTTOM CENTER_VERTICAL layoutInDisplayCutoutMode=always ty=NAVIGATION_BAR fmt=TRANSLUCENT receive insets ignoring z-order
06-18 14:46:08.440  1714  1714 I ViewRootImpl@da24b18[NavigationBar0]:   fl=20840068
06-18 14:46:08.440  1714  1714 I ViewRootImpl@da24b18[NavigationBar0]:   pfl=31002000
06-18 14:46:08.440  1714  1714 I ViewRootImpl@da24b18[NavigationBar0]:   bhv=DEFAULT
06-18 14:46:08.440  1714  1714 I ViewRootImpl@da24b18[NavigationBar0]:  providedInternalInsets=null Insets{left=0, top=62, right=0, bottom=0} null null null null null null null null null null null null null null null null null null null null null null naviIconColor=0} naviIconColor=0}
06-18 14:46:08.442   396   396 D io_stats: !@ 179,0 r 44809332 790173747 w 18127347 187993616 d 1196669 58392776 f 0 0 iot 25136920 0 th 0 0 0 pt 0 inp 0 0 536669.692
06-18 14:46:08.444  1714  1714 I ViewRootImpl@da24b18[NavigationBar0]: performTraversals mFirst=false windowShouldResize=false viewVisibilityChanged=false mForceNextWindowRelayout=false params={(0,0)(fillx90) gr=BOTTOM CENTER_VERTICAL sim={adjust=pan} layoutInDisplayCutoutMode=always ty=NAVIGATION_BAR fmt=TRANSLUCENT receive insets ignoring z-order
06-18 14:46:08.444  1714  1714 I ViewRootImpl@da24b18[NavigationBar0]:   fl=20840068
06-18 14:46:08.444  1714  1714 I ViewRootImpl@da24b18[NavigationBar0]:   pfl=33002000
06-18 14:46:08.444  1714  1714 I ViewRootImpl@da24b18[NavigationBar0]:   bhv=DEFAULT
06-18 14:46:08.444  1714  1714 I ViewRootImpl@da24b18[NavigationBar0]:  providedInternalInsets=null Insets{left=0, top=62, right=0, bottom=0} null null null null null null null null null null null null null null null null null null null null null null
06-18 14:46:08.444  1714  1714 I ViewRootImpl@da24b18[NavigationBar0]:   paramsForRotation=
06-18 14:46:08.444  1714  1714 I ViewRootImpl@da24b18[NavigationBar0]:   rot[0]={(0,0)(fillx90) gr=BOTTOM CENTER_VERTICAL layoutInDisplayCutoutMode=always ty=NAVIGATION_BAR fmt=TRANSLUCENT receive insets ignoring z-order
06-18 14:46:08.444  1714  1714 I ViewRootImpl@da24b18[NavigationBar0]:   fl=20840068
06-18 14:46:08.444  1714  1714 I ViewRootImpl@da24b18[NavigationBar0]:   pfl=31002000
06-18 14:46:08.444  1714  1714 I ViewRootImpl@da24b18[NavigationBar0]:   bhv=DEFAULT
06-18 14:46:08.444  1714  1714 I ViewRootImpl@da24b18[NavigationBar0]:  providedInternalInsets=null Insets{left=0, top=62, right=0, bottom=0} null null null null null null null null null null null null null null null null null null null null null null naviIconColor=0} 
06-18 14:46:08.444  1714  1714 I ViewRootImpl@da24b18[NavigationBar0]:   rot[1]={(0,0)(fillx90) gr=BOTTOM CENTER_VERTICAL layoutInDisplayCutoutMode=always ty=NAVIGATION_BAR fmt=TRANSLUCENT receive insets ignoring z-order
06-18 14:46:08.444  1714  1714 I ViewRootImpl@da24b18[NavigationBar0]:   fl=20840068
06-18 14:46:08.444  1714  1714 I ViewRootImpl@da24b18[NavigationBar0]:   pfl=31002000
06-18 14:46:08.444  1714  1714 I ViewRootImpl@da24b18[NavigationBar0]:   bhv=DEFAULT
06-18 14:46:08.444  1714  1714 I ViewRootImpl@da24b18[NavigationBar0]:  providedInternalInsets=null Insets{left=0, top=62, right=0, bottom=0} null null null null null null null null null null null null null null null null null null null null null null naviIconColor=0} 
06-18 14:46:08.444  1714  1714 I ViewRootImpl@da24b18[NavigationBar0]:   rot[2]={(0,0)(fillx90) gr=BOTTOM CENTER_VERTICAL layoutInDisplayCutoutMode=always ty=NAVIGATION_BAR fmt=TRANSLUCENT receive insets ignoring z-order
06-18 14:46:08.444  1714  1714 I ViewRootImpl@da24b18[NavigationBar0]:   fl=20840068
06-18 14:46:08.444  1714  1714 I ViewRootImpl@da24b18[NavigationBar0]:   pfl=31002000
06-18 14:46:08.444  1714  1714 I ViewRootImpl@da24b18[NavigationBar0]:   bhv=DEFAULT
06-18 14:46:08.444  1714  1714 I ViewRootImpl@da24b18[NavigationBar0]:  providedInternalInsets=null Insets{left=0, top=62, right=0, bottom=0} null null null null null null null null null null null null null null null null null null null null null null naviIconColor=0} 
06-18 14:46:08.444  1714  1714 I ViewRootImpl@da24b18[NavigationBar0]:   rot[3]={(0,0)(fillx90) gr=BOTTOM CENTER_VERTICAL layoutInDisplayCutoutMode=always ty=NAVIGATION_BAR fmt=TRANSLUCENT receive insets ignoring z-order
06-18 14:46:08.444  1714  1714 I ViewRootImpl@da24b18[NavigationBar0]:   fl=20840068
06-18 14:46:08.444  1714  1714 I ViewRootImpl@da24b18[NavigationBar0]:   pfl=31002000
06-18 14:46:08.444  1714  1714 I ViewRootImpl@da24b18[NavigationBar0]:   bhv=DEFAULT
06-18 14:46:08.444  1714  1714 I ViewRootImpl@da24b18[NavigationBar0]:  providedInternalInsets=null Insets{left=0, top=62, right=0, bottom=0} null null null null null null null null null null null null null null null null null null null null null null naviIconColor=0} naviIconColor=0}
06-18 14:46:08.446  1209  1785 V WindowManager: Relayout Window{bb9c6a2 u0 NavigationBar0}: viewVisibility=0 req=720x90 d0
06-18 14:46:08.447  1209  1785 W WindowManager: lockNow pending, ignore updating lockscreen timeout
06-18 14:46:08.453  1209  1785 V WindowManager: Relayout hash=bb9c6a2, pid=1714, syncId=180: mAttrs={(0,0)(fillx90) gr=BOTTOM CENTER_VERTICAL sim={adjust=pan} layoutInDisplayCutoutMode=always ty=NAVIGATION_BAR fmt=TRANSLUCENT receive insets ignoring z-order
06-18 14:46:08.453  1209  1785 V WindowManager:   fl=20840068
06-18 14:46:08.453  1209  1785 V WindowManager:   pfl=33002000
06-18 14:46:08.453  1209  1785 V WindowManager:   bhv=DEFAULT
06-18 14:46:08.453  1209  1785 V WindowManager:  providedInternalInsets=null Insets{left=0, top=62, right=0, bottom=0} null null null null null null null null null null null null null null null null null null null null null null
06-18 14:46:08.453  1209  1785 V WindowManager:   paramsForRotation=
06-18 14:46:08.453  1209  1785 V WindowManager:   rot[0]={(0,0)(fillx90) gr=BOTTOM CENTER_VERTICAL layoutInDisplayCutoutMode=always ty=NAVIGATION_BAR fmt=TRANSLUCENT receive insets ignoring z-order
06-18 14:46:08.453  1209  1785 V WindowManager:   fl=20840068
06-18 14:46:08.453  1209  1785 V WindowManager:   pfl=31002000
06-18 14:46:08.453  1209  1785 V WindowManager:   bhv=DEFAULT
06-18 14:46:08.453  1209  1785 V WindowManager:  providedInternalInsets=null Insets{left=0, top=62, right=0, bottom=0} null null null null null null null null null null null null null null null null null null null null null null naviIconColor=0} 
06-18 14:46:08.453  1209  1785 V WindowManager:   rot[1]={(0,0)(fillx90) gr=BOTTOM CENTER_VERTICAL layoutInDisplayCutoutMode=always ty=NAVIGATION_BAR fmt=TRANSLUCENT receive insets ignoring z-order
06-18 14:46:08.453  1209  1785 V WindowManager:   fl=20840068
06-18 14:46:08.453  1209  1785 V WindowManager:   pfl=31002000
06-18 14:46:08.453  1209  1785 V WindowManager:   bhv=DEFAULT
06-18 14:46:08.453  1209  1785 V WindowManager:  providedInternalInsets=null Insets{left=0, top=62, right=0, bottom=0} null null null null null null null null null null null null null null null null null null null null null null naviIconColor=0} 
06-18 14:46:08.453  1209  1785 V WindowManager:   rot[2]={(0,0)(fillx90) gr=BOTTOM CENTER_VERTICAL layoutInDisplayCutoutMode=always ty=NAVIGATION_BAR fmt=TRANSLUCENT receive insets ignoring z-order
06-18 14:46:08.453  1209  1785 V WindowManager:   fl=20840068
06-18 14:46:08.453  1209  1785 V WindowManager:   pfl=31002000
06-18 14:46:08.453  1209  1785 V WindowManager:   bhv=DEFAULT
06-18 14:46:08.453  1209  1785 V WindowManager:  providedInternalInsets=null Insets{left=0, top=62, right=0, bottom=0} null null null null null null null null null null null null null null null null null null null null null null naviIconColor=0} 
06-18 14:46:08.453  1209  1785 V WindowManager:   rot[3]={(0,0)(fillx90) gr=BOTTOM CENTER_VERTICAL layoutInDisplayCutoutMode=always ty=NAVIGATION_BAR fmt=TRANSLUCENT receive insets ignoring z-order
06-18 14:46:08.453  1209  1785 V WindowManager:   fl=20840068
06-18 14:46:08.453  1209  1785 V WindowManager:   pfl=31002000
06-18 14:46:08.453  1209  1785 V WindowManager:   bhv=DEFAULT
06-18 14:46:08.453  1209  1785 V WindowManager:  providedInternalInsets=null Insets{left=0, top=62, right=0, bottom=0} null null null null null null null null null null null null null null null null null null null null null null naviIconColor=0} naviIconColor=0}
06-18 14:46:08.455  1714  1714 D InsetsController: onStateChanged: InsetsState: {mDisplayFrame=Rect(0, 0 - 1600, 720), mDisplayCutout=DisplayCutout{insets=Rect(45, 0 - 0, 0) waterfall=Insets{left=0, top=0, right=0, bottom=0} boundingRect={Bounds=[Rect(0, 272 - 45, 448), Rect(0, 0 - 0, 0), Rect(0, 0 - 0, 0), Rect(0, 0 - 0, 0)]} cutoutPathParserInfo={CutoutPathParserInfo{displayWidth=720 displayHeight=1600 physicalDisplayWidth=720 physicalDisplayHeight=1600 density={1.875} cutoutSpec={M 0,0 H -88 V 45 H 88 V 0 H 0 Z} rotation={1} scale={1.0} physicalPixelDisplaySizeRatio={1.0}}}}, mRoundedCorners=RoundedCorners{[RoundedCorner{position=TopLeft, radius=60, center=Point(60, 60)}, RoundedCorner{position=TopRight, radius=60, center=Point(1540, 60)}, RoundedCorner{position=BottomRight, radius=60, center=Point(1540, 660)}, RoundedCorner{position=BottomLeft, radius=60, center=Point(60, 660)}]}  mRoundedCornerFrame=Rect(0, 0 - 0, 0), mPrivacyIndicatorBounds=PrivacyIndicatorBounds {static bounds=Rect(1517, 0 - 1600, 45) rotation=1}, mSources= { InsetsSource: {mType=ITYPE_LEFT_GESTURES, mFrame=[0,0][138,720], mVisible=true, mInsetsRoundedCornerFrame=false}, InsetsSource: {mType=ITYPE_RIGHT_GESTURES, mFrame=[1544,0][1600,720], mVisible=true, mInsetsRoundedCornerFrame=false}, InsetsSource: {mType=ITYPE_TOP_MANDATORY_GESTURES, mFrame=[0,0][1600,45], mVisible=true, mInsetsRoundedCornerFrame=false}, InsetsSource: {mType=ITYPE_BOTTOM_MANDATORY_GESTURES, mFrame=[0,660][1600,720], mVisible=true, mInsetsRoundedCornerFrame=false}, InsetsSource: {mType=ITYPE_LEFT_DISPLAY_CUTOUT, mFrame=[0,0][45,720], mVisible=true, mInsetsRoundedCornerFrame=false}, InsetsSource: {mType=ITYPE_TOP_DISPLAY_CUTOUT, mFrame=[0,0][1600,-100000], mVisible=true, mInsetsRoundedCornerFrame=false}, InsetsSource: {mType=ITYPE_RIGHT_DISPLAY_CUTOUT, mFrame=[100000,0][1600,720], mVisible=true, mInsetsRoundedCornerFrame=false}, InsetsSource: {mType=ITYPE_BOTTOM_DISPLAY_CUTOUT, mFrame=[0,100000][1600,720], mVisible=true, mInsetsRoundedCornerFrame=false}, InsetsSource: {mType=ITYPE_TOP_TAPPABLE_ELEMENT, mFrame=[0,0][1600,45], mVisible=true, mInsetsRoundedCornerFrame=false}, InsetsSource: {mType=ITYPE_BOTTOM_TAPPABLE_ELEMENT, mFrame=[0,0][0,0], mVisible=true, mInsetsRoundedCornerFrame=false}, InsetsSource: {mType=ITYPE_IME, mFrame=[0,0][0,0], mVisible=false, mInsetsRoundedCornerFrame=false} } host=NavigationBar0 from=android.view.ViewRootImpl.relayoutWindow:9802
06-18 14:46:08.455  1714  1714 I ViewRootImpl@da24b18[NavigationBar0]: updateBlastSurfaceIfNeeded mBlastBufferQueue=0xb400007bc9155f00 isSameSurfaceControl=true
06-18 14:46:08.456  1714  1714 I BLASTBufferQueue: update, w= 1600 h= 90 mName = ViewRootImpl@da24b18[NavigationBar0] mNativeObject= 0xb400007bc9155f00 sc.mNativeObject= 0xb400007bbe7e3fa0 format= -3 caller= android.view.ViewRootImpl.updateBlastSurfaceIfNeeded:2898 android.view.ViewRootImpl.relayoutWindow:9847 android.view.ViewRootImpl.performTraversals:3884 android.view.ViewRootImpl.doTraversal:3116 android.view.ViewRootImpl$TraversalRunnable.run:10885 android.view.Choreographer$CallbackRecord.run:1301 
06-18 14:46:08.456  1714  1714 I ViewRootImpl@da24b18[NavigationBar0]: Relayout returned: old=(0,1510,720,1600) new=(0,630,1600,720) req=(720,90)0 dur=10 res=0x1 s={true 0xb400007bc9449000} ch=false seqId=180
06-18 14:46:08.456  1714  1714 I ViewRootImpl@da24b18[NavigationBar0]: Relayout called with blastSync mSyncSeqId=180
06-18 14:46:08.456  1714  1714 I ViewRootImpl@da24b18[NavigationBar0]: reportNextDraw android.view.ViewRootImpl.performTraversals:3900 android.view.ViewRootImpl.doTraversal:3116 android.view.ViewRootImpl$TraversalRunnable.run:10885 android.view.Choreographer$CallbackRecord.run:1301 android.view.Choreographer$CallbackRecord.run:1309 
06-18 14:46:08.461  1714  1792 D OpenGLRenderer: setSurface() destroyed EGLSurface
06-18 14:46:08.461  1714  1714 I ViewRootImpl@da24b18[NavigationBar0]: mThreadedRenderer.updateSurface() mSurface={isValid=true 0xb400007bc9449000}
06-18 14:46:08.461  1714  1792 D OpenGLRenderer: destroyEglSurface
06-18 14:46:08.462  3826 13659 I TouchInteractionService: onActiveNavBarRegionChanges, region : SkRegion()
06-18 14:46:08.462  1714  1792 D OpenGLRenderer: eglCreateWindowSurface
06-18 14:46:08.463  1714  1714 I ViewRootImpl@da24b18[NavigationBar0]: reportNextDraw android.view.ViewRootImpl.performTraversals:4438 android.view.ViewRootImpl.doTraversal:3116 android.view.ViewRootImpl$TraversalRunnable.run:10885 android.view.Choreographer$CallbackRecord.run:1301 android.view.Choreographer$CallbackRecord.run:1309 
06-18 14:46:08.463  1714  1714 I ViewRootImpl@da24b18[NavigationBar0]: Setup new sync id=1118
06-18 14:46:08.463  1714  1714 I ViewRootImpl@da24b18[NavigationBar0]: Setting syncFrameCallback
06-18 14:46:08.463  1714  1714 I ViewRootImpl@da24b18[NavigationBar0]: registerCallbacksForSync syncBuffer=true
06-18 14:46:08.464  1209  1785 W WindowManager: lockNow pending, ignore updating lockscreen timeout
06-18 14:46:08.464  1714  1834 I ViewRootImpl@da24b18[NavigationBar0]: Received frameDrawingCallback syncResult=0 frameNum=174469.
06-18 14:46:08.464  1714  1834 I ViewRootImpl@da24b18[NavigationBar0]: Setting up sync and frameCommitCallback
06-18 14:46:08.464  1714  1834 I BLASTBufferQueue: syncNextTransaction, mName= ViewRootImpl@da24b18[NavigationBar0] acquireSingleBuffer= true mNativeObject= 0xb400007bc9155f00 callback= android.view.ViewRootImpl$12$$ExternalSyntheticLambda0@4a688ad caller= android.graphics.BLASTBufferQueue.syncNextTransaction:147 android.view.ViewRootImpl$12.onFrameDraw:13385 android.view.ThreadedRenderer$1.onFrameDraw:801 <bottom of call stack> <bottom of call stack> <bottom of call stack> 
06-18 14:46:08.464  1714  1834 I BLASTBufferQueue: [ViewRootImpl@da24b18[NavigationBar0]#2](f:0,a:1) syncNextTransaction callback: 1, acquireSingleBuffer: 1, mTransactionReadyCallback: 0
06-18 14:46:08.467  1714  1792 I BLASTBufferQueue: [ViewRootImpl@da24b18[NavigationBar0]#2](f:0,a:1) onFrameAvailable-start syncTransactionSet=true
06-18 14:46:08.467  1714  1792 I BLASTBufferQueue: [ViewRootImpl@da24b18[NavigationBar0]#2](f:0,a:1) onFrameAvailable framenumber=174469 syncTransactionSet=true, mSyncedFrameNumbers=0
06-18 14:46:08.467  1714  1792 I BLASTBufferQueue: [ViewRootImpl@da24b18[NavigationBar0]#2](f:1,a:1) onFrameAvailable framenumber=174469 syncTransactionSet=true
06-18 14:46:08.467  1714  1792 I BLASTBufferQueue: [ViewRootImpl@da24b18[NavigationBar0]#2](f:0,a:2) acquireNextBufferLocked mLastAppliedFrameNumber: 174468
06-18 14:46:08.467  1714  1792 I BLASTBufferQueue: [ViewRootImpl@da24b18[NavigationBar0]#2](f:0,a:2) acquireNextBufferLocked size=1600x90 mFrameNumber=174469 applyTransaction=false mTimestamp=536669716734677(auto) mPendingTransactions.size=0 graphicBufferId=7361574008909 transform=7
06-18 14:46:08.467  1714  1792 I ViewRootImpl@da24b18[NavigationBar0]: Received frameCommittedCallback lastAttemptedDrawFrameNum=174469 didProduceBuffer=true
06-18 14:46:08.468  1714  1714 I ViewRootImpl@da24b18[NavigationBar0]: onSyncComplete
06-18 14:46:08.468  1714  1714 I ViewRootImpl@da24b18[NavigationBar0]: setupSync seqId=180 mSyncId=1118 fn=174469 caller=android.view.ViewRootImpl$$ExternalSyntheticLambda11.accept:6 android.window.SurfaceSyncer.lambda$setupSync$1$android-window-SurfaceSyncer:128 android.window.SurfaceSyncer$$ExternalSyntheticLambda1.accept:8 android.window.SurfaceSyncer$SyncSet.checkIfSyncIsComplete:382 android.window.SurfaceSyncer$SyncSet.markSyncReady:359 android.window.SurfaceSyncer.markSyncReady:151 android.view.ViewRootImpl.performTraversals:4503 
06-18 14:46:08.474  1714  1714 D PagedTileLayout: pages count is changed (4 -> 3 ), pageRestore=-1
06-18 14:46:08.501  1714  1714 D ScrollView:  onsize change changed 
06-18 14:46:08.504  1714  1714 D ScrollView:  onsize change changed 
06-18 14:46:08.505  1714  1714 D SecQSFragmentAnimator_QSCinema: [qsExpansionPosition:-1] qsExpanded:false, qsFullyExpanded:false, qsExpansionPosition:0, qsExpandImmediate:false, qsCollapsingWhilePanelClosing:false &&&  panelExpansionFraction:0, panelExpansionDragDownPxAmount:0 ***   panelExpanded:false, panelExpanding:false %%%   barState:0, overScrolling:false, userId:-1, isRunningPanelOnHeightAnimation:false
06-18 14:46:08.505  1714  1714 V QsExpandAnimator: setQsExpansionPosition -1.0
06-18 14:46:08.509   892   892 D SurfaceFlinger: Display 0 HWC layers:
06-18 14:46:08.509   892   892 D SurfaceFlinger:  SOLID_COLOR |              | 0000 |  Unknown  |    0.0    0.0    0.0    0.0 |    0    0  720 1600 | BackColorSurface#128080
06-18 14:46:08.509   892   892 D SurfaceFlinger:      CLIENT | 0xb400007585c9e300 | 0102 | RGBA_8888    |    0.0    0.0  720.0 1600.0 |    0    0  720 1600 | app.netmirror.netmirrornew/app.netmi[...]mirrornew.MainActivity$_21578#128047
06-18 14:46:08.509   892   892 D SurfaceFlinger:      CLIENT | 0xb400007556b3e700 | 0100 | RGBA_8888    |    0.0    0.0   66.0  120.0 |  403  485  520  622 | AssistantMenuFloatingIconUI$_1687#126621
06-18 14:46:08.509   892   892 D SurfaceFlinger: 
06-18 14:46:08.512  1714  1714 I FaceWidgetPositionAlgorithm: getClockContainerHeight() supplier = 330, bottom margin = 0, real height = 375
06-18 14:46:08.512  1714  1714 I FaceWidgetAttribute: getMinTopMargin() 200, clockType = 1, topPlacement : true, lock icon : false, idx : 1
06-18 14:46:08.512  1714  1714 I FaceWidgetPositionAlgorithm: getMediaContainerHeight() height = 0 container Visibility = 8, isValid = false, mIsDozing = false, fraction = 1.0, source = 0, target = 0
06-18 14:46:08.512  1714  1714 I FaceWidgetPositionAlgorithm: getMediaContainerHeight() supplier = 0
06-18 14:46:08.512  1714  1714 I FaceWidgetPositionAlgorithm: getMinStackScrollerPadding() padding = 575, topMargin = 245, containerHeight = 330, mediaHeight = 0
06-18 14:46:08.513  1714  1714 D SecQSFragmentAnimator_QSCinema: [qsExpansionPosition:0] qsExpanded:false, qsFullyExpanded:false, qsExpansionPosition:-1, qsExpandImmediate:false, qsCollapsingWhilePanelClosing:false &&&  panelExpansionFraction:0, panelExpansionDragDownPxAmount:0 ***   panelExpanded:false, panelExpanding:false %%%   barState:0, overScrolling:false, userId:-1, isRunningPanelOnHeightAnimation:false
06-18 14:46:08.513  1714  1714 V QsExpandAnimator: setQsExpansionPosition 0.0
06-18 14:46:08.514  1714  1714 D CentralSurfaces: Received new disable state: enaihbcrsokt.qingr (unchanged)
06-18 14:46:08.515  1714  1714 D MediaControlPanel: mActionButtonNumCollapsed = 3, mActionButtonNumExpand = 5
06-18 14:46:08.516  1714  1714 D MediaControlPanel: mActionButtonNumCollapsed = 3, mActionButtonNumExpand = 5
06-18 14:46:08.516  1714  1714 D MediaControlPanel: mActionButtonNumCollapsed = 3, mActionButtonNumExpand = 5
06-18 14:46:08.516  1714  1714 D MediaControlPanel: mActionButtonNumCollapsed = 3, mActionButtonNumExpand = 5
06-18 14:46:08.516  1714  1714 D MediaControlPanel: mActionButtonNumCollapsed = 3, mActionButtonNumExpand = 5
06-18 14:46:08.516  1714  1714 D MediaControlPanel: mActionButtonNumCollapsed = 3, mActionButtonNumExpand = 5
06-18 14:46:08.517  1714  1714 D MediaControlPanel: mActionButtonNumCollapsed = 3, mActionButtonNumExpand = 5
06-18 14:46:08.517  1714  1714 D MediaControlPanel: mActionButtonNumCollapsed = 3, mActionButtonNumExpand = 5
06-18 14:46:08.517  1714  1714 D MediaControlPanel: mActionButtonNumCollapsed = 3, mActionButtonNumExpand = 5
06-18 14:46:08.517  1714  1714 D MediaControlPanel: mActionButtonNumCollapsed = 3, mActionButtonNumExpand = 5
06-18 14:46:08.517  1714  1714 D MediaControlPanel: mActionButtonNumCollapsed = 3, mActionButtonNumExpand = 5
06-18 14:46:08.517  1714  1714 D MediaControlPanel: mActionButtonNumCollapsed = 3, mActionButtonNumExpand = 5
06-18 14:46:08.522  1714  1714 I ViewRootImpl@da24b18[NavigationBar0]: reportDrawFinished seqId=180 mSyncId=-1 fn=174469 mSurfaceChangedTransaction=0xb400007bf1ead000
06-18 14:46:08.524  1714  1714 D KeyguardEditModeAnimatorController: rotation 1 false
06-18 14:46:08.524  1209  1785 D WindowManager: finishDrawingWindow: Window{bb9c6a2 u0 NavigationBar0} mDrawState=DRAW_PENDING seqId=180
06-18 14:46:08.524  1209  1785 I WindowManager: finishDrawing of orientation change: Window{bb9c6a2 u0 NavigationBar0} 266ms
06-18 14:46:08.524  1209  1785 D WindowManager: Clear waiting to handle resizing w=Window{bb9c6a2 u0 NavigationBar0}, caller=com.android.server.wm.WindowState.$r8$lambda$KRT9GRK4XCFxbCtXhf99RTKi_oc:0 com.android.server.wm.WindowState$$ExternalSyntheticLambda6.accept:4 com.android.server.wm.WindowState.executeDrawHandlers:7453 com.android.server.wm.WindowState.finishDrawing:7254 com.android.server.wm.WindowManagerService.finishDrawingWindow:3124 
06-18 14:46:08.524  1209  1785 D WindowManager: executeDrawHandlers, seqId=180, h.mSeqId=180, hadHandlers=true, win=Window{bb9c6a2 u0 NavigationBar0}
06-18 14:46:08.526  1209  1237 W WindowManager: lockNow pending, ignore updating lockscreen timeout
06-18 14:46:08.526  1209  1237 V WindowManager: performShowLocked: mDrawState=HAS_DRAWN in Window{bb9c6a2 u0 NavigationBar0}
06-18 14:46:08.526  1209  1237 D AsyncRotation_WindowManager: Complete directly Window{bb9c6a2 u0 NavigationBar0}
06-18 14:46:08.526  1209  1237 D AsyncRotation_WindowManager: finishOp fade-in Window{bb9c6a2 u0 NavigationBar0}
06-18 14:46:08.527  1209  1237 D WindowManager: fadeWindowToken, show=true, animationType=token_transform, topWindow=Window{bb9c6a2 u0 NavigationBar0}, token=WindowToken{d2bba6d type=2019 android.os.BinderProxy@bc01097}, caller=com.android.server.wm.AsyncRotationController.fadeWindowToken:599 com.android.server.wm.AsyncRotationController.finishOp:300 com.android.server.wm.AsyncRotationController.completeRotation:367 com.android.server.wm.DisplayContent.finishAsyncRotation:2363 com.android.server.wm.WindowState.setOrientationChanging:1971 
06-18 14:46:08.527  1209  1237 I WindowManager: Cancelling animation restarting=true, leash=Surface(name=Surface(name=WindowToken{d2bba6d type=2019 android.os.BinderProxy@bc01097})/@0xc0dd574 - animation-leash of token_transform)/@0x5df9b9a
06-18 14:46:08.527  1209  1237 I WindowManager: Reparenting to original parent: Surface(name=Leaf:24:25)/@0x952d2a9, destroy=false, surface=Surface(name=WindowToken{d2bba6d type=2019 android.os.BinderProxy@bc01097})/@0xc0dd574
06-18 14:46:08.528  1209  1237 I WindowManager: Reparenting to leash, surface=Surface(name=WindowToken{d2bba6d type=2019 android.os.BinderProxy@bc01097})/@0xc0dd574, leashParent=Surface(name=Leaf:24:25)/@0x952d2a9
06-18 14:46:08.528  1714  1714 D SamsungLightBarControlHelper: onStatusBarAppearanceChanged() -  sbModeChanged:false, statusBarMode:MODE_TRANSPARENT, barState:SHADE, isKeyguardShowing:false, navbarColorManagedByIme:false, stackAppearancesChanged:true, (AppearanceRegion{ bounds=[0,0][1600,720]}, ), packageName:app.netmirror.netmirrornew
06-18 14:46:08.528   892  1074 I SurfaceFlinger: id=128094 createSurf flag=24004, Surface(name=WindowToken{d2bba6d type=2019 android.os.BinderProxy@bc01097})/@0xc0dd574 - animation-leash of token_transform#128094
06-18 14:46:08.529  1209  1237 D WindowManager: makeSurface duration=1 leash=Surface(name=Surface(name=WindowToken{d2bba6d type=2019 android.os.BinderProxy@bc01097})/@0xc0dd574 - animation-leash of token_transform)/@0x2799850
06-18 14:46:08.529  1714  1714 D InsetsController: onStateChanged: InsetsState: {mDisplayFrame=Rect(0, 0 - 1600, 720), mDisplayCutout=DisplayCutout{insets=Rect(45, 0 - 0, 0) waterfall=Insets{left=0, top=0, right=0, bottom=0} boundingRect={Bounds=[Rect(0, 272 - 45, 448), Rect(0, 0 - 0, 0), Rect(0, 0 - 0, 0), Rect(0, 0 - 0, 0)]} cutoutPathParserInfo={CutoutPathParserInfo{displayWidth=720 displayHeight=1600 physicalDisplayWidth=720 physicalDisplayHeight=1600 density={1.875} cutoutSpec={M 0,0 H -88 V 45 H 88 V 0 H 0 Z} rotation={1} scale={1.0} physicalPixelDisplaySizeRatio={1.0}}}}, mRoundedCorners=RoundedCorners{[RoundedCorner{position=TopLeft, radius=60, center=Point(60, 60)}, RoundedCorner{position=TopRight, radius=60, center=Point(1540, 60)}, RoundedCorner{position=BottomRight, radius=60, center=Point(1540, 660)}, RoundedCorner{position=BottomLeft, radius=60, center=Point(60, 660)}]}  mRoundedCornerFrame=Rect(0, 0 - 0, 0), mPrivacyIndicatorBounds=PrivacyIndicatorBounds {static bounds=Rect(1517, 0 - 1600, 45) rotation=1}, mSources= { InsetsSource: {mType=ITYPE_NAVIGATION_BAR, mFrame=[0,692][1600,720], mVisible=false, mInsetsRoundedCornerFrame=false}, InsetsSource: {mType=ITYPE_LEFT_GESTURES, mFrame=[0,0][138,720], mVisible=true, mInsetsRoundedCornerFrame=false}, InsetsSource: {mType=ITYPE_RIGHT_GESTURES, mFrame=[1544,0][1600,720], mVisible=true, mInsetsRoundedCornerFrame=false}, InsetsSource: {mType=ITYPE_TOP_MANDATORY_GESTURES, mFrame=[0,0][1600,45], mVisible=true, mInsetsRoundedCornerFrame=false}, InsetsSource: {mType=ITYPE_BOTTOM_MANDATORY_GESTURES, mFrame=[0,660][1600,720], mVisible=true, mInsetsRoundedCornerFrame=false}, InsetsSource: {mType=ITYPE_LEFT_DISPLAY_CUTOUT, mFrame=[0,0][45,720], mVisible=true, mInsetsRoundedCornerFrame=false}, InsetsSource: {mType=ITYPE_TOP_DISPLAY_CUTOUT, mFrame=[0,0][1600,-100000], mVisible=true, mInsetsRoundedCornerFrame=false}, InsetsSource: {mType=ITYPE_RIGHT_DISPLAY_CUTOUT, mFrame=[100000,0][1600,720], mVisible=true, mInsetsRoundedCornerFrame=false}, InsetsSource: {mType=ITYPE_BOTTOM_DISPLAY_CUTOUT, mFrame=[0,100000][1600,720], mVisible=true, mInsetsRoundedCornerFrame=false}, InsetsSource: {mType=ITYPE_BOTTOM_TAPPABLE_ELEMENT, mFrame=[0,0][0,0], mVisible=true, mInsetsRoundedCornerFrame=false} } host=StatusBar from=android.view.ViewRootImpl$ViewRootHandler.handleMessageImpl:6727
06-18 14:46:08.530  1714  1714 I ViewRootImpl@d5aed5d[StatusBar]: handleResized, msg = 5 frames=ClientWindowFrames{frame=[0,0][1600,45] display=[0,0][1600,720] parentFrame=[0,0][0,0] parentClippedByDisplayCutout=false} forceNextWindowRelayout=true displayId=0 resizeMode=-1 frameChanged=true displayFrameChanged=true configChanged=true displayChanged=false
06-18 14:46:08.530  1209  1237 D SurfaceControl: applyGlobalTransaction called, mName=finishDrawing_syncId(180)_NavigationBar0
06-18 14:46:08.530  1209  1237 I SurfaceComposerClient: setTransactionState with buffer. layerId: 111, bufferData(ID: 7361574008909, frameNumber: 174469, barrierFrameNumber: 174468)
06-18 14:46:08.531   892  1074 D SurfaceFlinger: [NavigationBar0$_1714#111] setTransactionState with buffer. bufferData(ID: 7361574008909, frameNumber: 174469, barrierFrameNumber: 174468)
06-18 14:46:08.533  1209  1237 I WindowManager: Reparenting to original parent: Surface(name=Leaf:29:31)/@0x5daa367, destroy=true, surface=Surface(name=WindowToken{ab4a48d type=2032 android.os.Binder@8af0124})/@0xbbb22d4
06-18 14:46:08.533  1714  1714 I ViewRootImpl@d5aed5d[StatusBar]: handleResized mSyncSeqId = 181
06-18 14:46:08.533  1714  1714 I ViewRootImpl@d5aed5d[StatusBar]: reportNextDraw android.view.ViewRootImpl.handleResized:2450 android.view.ViewRootImpl.-$$Nest$mhandleResized:0 android.view.ViewRootImpl$ViewRootHandler.handleMessageImpl:6728 android.view.ViewRootImpl$ViewRootHandler.handleMessage:6697 android.os.Handler.dispatchMessage:106 
06-18 14:46:08.534  1714  1714 D InsetsController: onStateChanged: InsetsState: {mDisplayFrame=Rect(0, 0 - 1600, 720), mDisplayCutout=DisplayCutout{insets=Rect(45, 0 - 0, 0) waterfall=Insets{left=0, top=0, right=0, bottom=0} boundingRect={Bounds=[Rect(0, 272 - 45, 448), Rect(0, 0 - 0, 0), Rect(0, 0 - 0, 0), Rect(0, 0 - 0, 0)]} cutoutPathParserInfo={CutoutPathParserInfo{displayWidth=720 displayHeight=1600 physicalDisplayWidth=720 physicalDisplayHeight=1600 density={1.875} cutoutSpec={M 0,0 H -88 V 45 H 88 V 0 H 0 Z} rotation={1} scale={1.0} physicalPixelDisplaySizeRatio={1.0}}}}, mRoundedCorners=RoundedCorners{[RoundedCorner{position=TopLeft, radius=60, center=Point(60, 60)}, RoundedCorner{position=TopRight, radius=60, center=Point(1540, 60)}, RoundedCorner{position=BottomRight, radius=60, center=Point(1540, 660)}, RoundedCorner{position=BottomLeft, radius=60, center=Point(60, 660)}]}  mRoundedCornerFrame=Rect(0, 0 - 0, 0), mPrivacyIndicatorBounds=PrivacyIndicatorBounds {static bounds=Rect(1517, 0 - 1600, 45) rotation=1}, mSources= { InsetsSource: {mType=ITYPE_LEFT_GESTURES, mFrame=[0,0][138,720], mVisible=true, mInsetsRoundedCornerFrame=false}, InsetsSource: {mType=ITYPE_RIGHT_GESTURES, mFrame=[1544,0][1600,720], mVisible=true, mInsetsRoundedCornerFrame=false}, InsetsSource: {mType=ITYPE_TOP_MANDATORY_GESTURES, mFrame=[0,0][1600,45], mVisible=true, mInsetsRoundedCornerFrame=false}, InsetsSource: {mType=ITYPE_BOTTOM_MANDATORY_GESTURES, mFrame=[0,660][1600,720], mVisible=true, mInsetsRoundedCornerFrame=false}, InsetsSource: {mType=ITYPE_LEFT_DISPLAY_CUTOUT, mFrame=[0,0][45,720], mVisible=true, mInsetsRoundedCornerFrame=false}, InsetsSource: {mType=ITYPE_TOP_DISPLAY_CUTOUT, mFrame=[0,0][1600,-100000], mVisible=true, mInsetsRoundedCornerFrame=false}, InsetsSource: {mType=ITYPE_RIGHT_DISPLAY_CUTOUT, mFrame=[100000,0][1600,720], mVisible=true, mInsetsRoundedCornerFrame=false}, InsetsSource: {mType=ITYPE_BOTTOM_DISPLAY_CUTOUT, mFrame=[0,100000][1600,720], mVisible=true, mInsetsRoundedCornerFrame=false} } host= from=android.view.ViewRootImpl$ViewRootHandler.handleMessageImpl:6727
06-18 14:46:08.534  1714  1714 I ViewRootImpl@1771c2d[]: handleResized, msg = 5 frames=ClientWindowFrames{frame=[45,444][75,572] display=[-100000,-100000][100000,100000] parentFrame=[0,0][0,0] parentClippedByDisplayCutout=false} forceNextWindowRelayout=true displayId=0 resizeMode=-1 frameChanged=false displayFrameChanged=false configChanged=true displayChanged=false
06-18 14:46:08.534  1209  1237 W WindowManager: lockNow pending, ignore updating lockscreen timeout
06-18 14:46:08.537   892   892 I Layer   : id=128083 removeFromCurrentState Surface(name=WindowToken{d2bba6d type=2019 android.os.BinderProxy@bc01097})/@0xc0dd574 - animation-leash of token_transform#128083 (154)
06-18 14:46:08.537   892   892 I Layer   : id=128087 removeFromCurrentState Surface(name=WindowToken{ab4a48d type=2032 android.os.Binder@8af0124})/@0xbbb22d4 - animation-leash of token_transform#128087 (154)
06-18 14:46:08.537   892   892 I SurfaceFlinger: id=128083 Removed Surface(name=WindowToken{d2bba6d type=2019 android.os.BinderProxy@bc01097})/@0xc0dd574 - animation-leash of token_transform#128083 (154)
06-18 14:46:08.537   892   892 I SurfaceFlinger: id=128087 Removed Surface(name=WindowToken{ab4a48d type=2032 android.os.Binder@8af0124})/@0xbbb22d4 - animation-leash of token_transform#128087 (154)
06-18 14:46:08.537  1714  1714 I ViewRootImpl@1771c2d[]: handleResized mSyncSeqId = 3
06-18 14:46:08.538  1714  1714 I ViewRootImpl@1771c2d[]: reportNextDraw android.view.ViewRootImpl.handleResized:2450 android.view.ViewRootImpl.-$$Nest$mhandleResized:0 android.view.ViewRootImpl$ViewRootHandler.handleMessageImpl:6728 android.view.ViewRootImpl$ViewRootHandler.handleMessage:6697 android.os.Handler.dispatchMessage:106 
06-18 14:46:08.538   892   892 I Layer   : id=128083 Destroyed Surface(name=WindowToken{d2bba6d type=2019 android.os.BinderProxy@bc01097})/@0xc0dd574 - animation-leash of token_transform#128083
06-18 14:46:08.538  1714  1714 I ViewRootImpl@da24b18[NavigationBar0]: handleResized, msg = 5 frames=ClientWindowFrames{frame=[0,630][1600,720] display=[0,0][1600,720] parentFrame=[0,0][0,0] parentClippedByDisplayCutout=false} forceNextWindowRelayout=true displayId=0 resizeMode=-1 frameChanged=false displayFrameChanged=false configChanged=false displayChanged=false
06-18 14:46:08.538  1714  1714 I ViewRootImpl@da24b18[NavigationBar0]: handleResized mSyncSeqId = 180
06-18 14:46:08.538   892   892 I Layer   : id=128087 Destroyed Surface(name=WindowToken{ab4a48d type=2032 android.os.Binder@8af0124})/@0xbbb22d4 - animation-leash of token_transform#128087
06-18 14:46:08.538  1714  1714 I ViewRootImpl@da24b18[NavigationBar0]: reportNextDraw android.view.ViewRootImpl.handleResized:2450 android.view.ViewRootImpl.-$$Nest$mhandleResized:0 android.view.ViewRootImpl$ViewRootHandler.handleMessageImpl:6728 android.view.ViewRootImpl$ViewRootHandler.handleMessage:6697 android.os.Handler.dispatchMessage:106 
06-18 14:46:08.538  1714  1714 D DisplayLifecycle: updateDisplay id = 0
06-18 14:46:08.539  1209  1785 D WifiDisplayAdapter: isFitToActiveDisplayLocked : false
06-18 14:46:08.539  1714  1714 D DisplayLifecycle: updateSmartViewFitToActiveDisplay : false
06-18 14:46:08.539  1714  5515 I BLASTBufferQueue: [ViewRootImpl@da24b18[NavigationBar0]#2](f:0,a:2) transactionCommittedCallback
06-18 14:46:08.539  1714  5515 I BLASTBufferQueue: [ViewRootImpl@da24b18[NavigationBar0]#2](f:0,a:2) transactionCommittedCallback mSyncedFrameNumbers.erase(174469). mSyncedFrameNumbers: 0
06-18 14:46:08.539  1714  1714 D DisplayLifecycle: updateCacheVariables id = 0, display = Display id 0: DisplayInfo{"Built-in Screen", displayId 0", displayGroupId 0, FLAG_SECURE, FLAG_SUPPORTS_PROTECTED_BUFFERS, FLAG_TRUSTED, real 1600 x 720, largest app 1555 x 1527, smallest app 720 x 647, appVsyncOff 0, presDeadline 12111111, mode 1, defaultMode 1, REFRESH_RATE_MODE_SEAMLESS, modes [{id=1, width=720, height=1600, fps=90.0, alternativeRefreshRates=[60.000004]}, {id=2, width=720, height=1600, fps=60.000004, alternativeRefreshRates=[90.0]}], hdrCapabilities HdrCapabilities{mSupportedHdrTypes=[], mMaxLuminance=500.0, mMaxAverageLuminance=500.0, mMinLuminance=0.0}, userDisabledHdrTypes [], minimalPostProcessingSupported false, rotation 1, state ON}, DisplayMetrics{density=1.875, width=1555, height=692, scaledDensity=1.875, xdpi=268.941, ydpi=269.139}, isValid=true, size = Point(1555, 692), realSize = Point(1600, 720), rotation = 1
06-18 14:46:08.542  1714  1714 D SecVolume.SecVolumeStore: dispatch [ACTION_CONFIGURATION_CHANGED] with [STATE_NO_DISPATCH]
06-18 14:46:08.542  1714  1714 D SecVolume.SecVolumeStore:   > New State : [STATE_NO_DISPATCH]
06-18 14:46:08.550  1714  1714 D QSClockBellTower: He is ready to ring the bell. (((QSClockBellSound - TimeText:2:46, TimeContentDescription:2:46 pm, DateText:Thu, 18 June, ShortDateText:Thu, 18 Jun, Demo:false, QuickStar-Second(false|12:34:56))))
06-18 14:46:08.550  1714  1714 D QSClockIndicatorView: Home Indicator status_bar_clock 2:46 notifyTimeChanged(QSClockBellSound - TimeText:2:46, TimeContentDescription:2:46 pm, DateText:Thu, 18 June, ShortDateText:Thu, 18 Jun, Demo:false, QuickStar-Second(false|12:34:56)) ClockVisibleByPolicy:true, ClockVisibleByUser:true, visible?true, parent:android.widget.LinearLayout{7dd81fa V.E...... ......ID 0,0-51,45 #7f0b04f0 app:id/left_clock_container}
06-18 14:46:08.550  1714  1714 D QSClockBellTower: Everyone heard the bell. run(currentTime:1781774168548,   getTime():Thu Jun 18 14:46:08 GMT+05:30 2026,   getTimeZone():libcore.util.ZoneInfo[mDstSavings=0,mUseDst=false,mDelegate=[id="Asia/Kolkata",mRawOffset=19800000,mEarliestRawOffset=21208000,transitions=7]])
06-18 14:46:08.551  1714  1714 V QsExpandAnimator: updateAnimators
06-18 14:46:08.551  1714  1714 V QsExpandAnimator: clearAnimationState 
06-18 14:46:08.551  1714  1714 V QsExpandAnimator: updateViews
06-18 14:46:08.553  1714  1714 V QsExpandAnimator: updateTileAnimator
06-18 14:46:08.553  1714  1714 V QsExpandAnimator: updateHeaderAnimator
06-18 14:46:08.554  1714  1714 V QsExpandAnimator: updateBarAnimator
06-18 14:46:08.554  1714  1714 V QsExpandAnimator: setQsExpansionPosition 0.0
06-18 14:46:08.554  1714  1714 V QsExpandAnimator: onAnimationAtStart
06-18 14:46:08.558  1714  1714 I ViewRootImpl@da24b18[NavigationBar0]: performTraversals mFirst=false windowShouldResize=false viewVisibilityChanged=false mForceNextWindowRelayout=true params=null
06-18 14:46:08.558  1209  3642 V WindowManager: Relayout Window{bb9c6a2 u0 NavigationBar0}: viewVisibility=0 req=1600x90 d0
06-18 14:46:08.559  1209  3642 W WindowManager: lockNow pending, ignore updating lockscreen timeout
06-18 14:46:08.567  1209  3642 V WindowManager: Relayout hash=bb9c6a2, pid=1714, syncId=-1: mAttrs={(0,0)(fillx90) gr=BOTTOM CENTER_VERTICAL sim={adjust=pan} layoutInDisplayCutoutMode=always ty=NAVIGATION_BAR fmt=TRANSLUCENT receive insets ignoring z-order
06-18 14:46:08.567  1209  3642 V WindowManager:   fl=20840068
06-18 14:46:08.567  1209  3642 V WindowManager:   pfl=33002000
06-18 14:46:08.567  1209  3642 V WindowManager:   bhv=DEFAULT
06-18 14:46:08.567  1209  3642 V WindowManager:  providedInternalInsets=null Insets{left=0, top=62, right=0, bottom=0} null null null null null null null null null null null null null null null null null null null null null null
06-18 14:46:08.567  1209  3642 V WindowManager:   paramsForRotation=
06-18 14:46:08.567  1209  3642 V WindowManager:   rot[0]={(0,0)(fillx90) gr=BOTTOM CENTER_VERTICAL layoutInDisplayCutoutMode=always ty=NAVIGATION_BAR fmt=TRANSLUCENT receive insets ignoring z-order
06-18 14:46:08.567  1209  3642 V WindowManager:   fl=20840068
06-18 14:46:08.567  1209  3642 V WindowManager:   pfl=31002000
06-18 14:46:08.567  1209  3642 V WindowManager:   bhv=DEFAULT
06-18 14:46:08.567  1209  3642 V WindowManager:  providedInternalInsets=null Insets{left=0, top=62, right=0, bottom=0} null null null null null null null null null null null null null null null null null null null null null null naviIconColor=0} 
06-18 14:46:08.567  1209  3642 V WindowManager:   rot[1]={(0,0)(fillx90) gr=BOTTOM CENTER_VERTICAL layoutInDisplayCutoutMode=always ty=NAVIGATION_BAR fmt=TRANSLUCENT receive insets ignoring z-order
06-18 14:46:08.567  1209  3642 V WindowManager:   fl=20840068
06-18 14:46:08.567  1209  3642 V WindowManager:   pfl=31002000
06-18 14:46:08.567  1209  3642 V WindowManager:   bhv=DEFAULT
06-18 14:46:08.567  1209  3642 V WindowManager:  providedInternalInsets=null Insets{left=0, top=62, right=0, bottom=0} null null null null null null null null null null null null null null null null null null null null null null naviIconColor=0} 
06-18 14:46:08.567  1209  3642 V WindowManager:   rot[2]={(0,0)(fillx90) gr=BOTTOM CENTER_VERTICAL layoutInDisplayCutoutMode=always ty=NAVIGATION_BAR fmt=TRANSLUCENT receive insets ignoring z-order
06-18 14:46:08.567  1209  3642 V WindowManager:   fl=20840068
06-18 14:46:08.567  1209  3642 V WindowManager:   pfl=31002000
06-18 14:46:08.567  1209  3642 V WindowManager:   bhv=DEFAULT
06-18 14:46:08.567  1209  3642 V WindowManager:  providedInternalInsets=null Insets{left=0, top=62, right=0, bottom=0} null null null null null null null null null null null null null null null null null null null null null null naviIconColor=0} 
06-18 14:46:08.567  1209  3642 V WindowManager:   rot[3]={(0,0)(fillx90) gr=BOTTOM CENTER_VERTICAL layoutInDisplayCutoutMode=always ty=NAVIGATION_BAR fmt=TRANSLUCENT receive insets ignoring z-order
06-18 14:46:08.567  1209  3642 V WindowManager:   fl=20840068
06-18 14:46:08.567  1209  3642 V WindowManager:   pfl=31002000
06-18 14:46:08.567  1209  3642 V WindowManager:   bhv=DEFAULT
06-18 14:46:08.567  1209  3642 V WindowManager:  providedInternalInsets=null Insets{left=0, top=62, right=0, bottom=0} null null null null null null null null null null null null null null null null null null null null null null naviIconColor=0} naviIconColor=0}
06-18 14:46:08.569  1714  1714 I ViewRootImpl@da24b18[NavigationBar0]: updateBlastSurfaceIfNeeded mBlastBufferQueue=0xb400007bc9155f00 isSameSurfaceControl=true
06-18 14:46:08.569  1714  1714 I BLASTBufferQueue: update, w= 1600 h= 90 mName = ViewRootImpl@da24b18[NavigationBar0] mNativeObject= 0xb400007bc9155f00 sc.mNativeObject= 0xb400007bbeb5b580 format= -3 caller= android.view.ViewRootImpl.updateBlastSurfaceIfNeeded:2898 android.view.ViewRootImpl.relayoutWindow:9847 android.view.ViewRootImpl.performTraversals:3884 android.view.ViewRootImpl.doTraversal:3116 android.view.ViewRootImpl$TraversalRunnable.run:10885 android.view.Choreographer$CallbackRecord.run:1301 
06-18 14:46:08.569  1714  1714 I ViewRootImpl@da24b18[NavigationBar0]: Relayout returned: old=(0,630,1600,720) new=(0,630,1600,720) req=(1600,90)0 dur=11 res=0x1 s={true 0xb400007bc9449000} ch=false seqId=180
06-18 14:46:08.570  1714  1714 I ViewRootImpl@da24b18[NavigationBar0]: mThreadedRenderer.updateSurface() mSurface={isValid=true 0xb400007bc9449000}
