06-18 14:46:08.281 21578 21578 I DecorView: updateCaptionType: isFloating=false isApplication=true hasWindowDecorCaption=false this=DecorView@2f2190d[MainActivity]
06-18 14:46:08.281 21578 21578 D DecorView: setCaptionType = 0, this = DecorView@2f2190d[MainActivity]
06-18 14:46:08.283  1714  1773 W Bubbles : update positioner: rotation: 0 insets: Insets{left=45, top=45, right=0, bottom=28} isLargeScreen: false isSmallTablet: false bounds: Rect(0, 0 - 1600, 720) showingInTaskbar: false
06-18 14:46:08.283 21578 21578 I MSHandlerLifeCycle: removeMultiSplitHandler: no exist. decor=DecorView@2f2190d[MainActivity]
06-18 14:46:08.285  1687  1687 I ViewRootImpl@83f9db7[AssistantMenuFloatingIconUI]: updateBlastSurfaceIfNeeded mBlastBufferQueue=0xb400007c5ea2bf00 isSameSurfaceControl=true
06-18 14:46:08.286  1687  1687 I BLASTBufferQueue: update, w= 66 h= 120 mName = ViewRootImpl@83f9db7[AssistantMenuFloatingIconUI] mNativeObject= 0xb400007c5ea2bf00 sc.mNativeObject= 0xb400007c70de59c0 format= -3 caller= android.view.ViewRootImpl.updateBlastSurfaceIfNeeded:2898 android.view.ViewRootImpl.relayoutWindow:9847 android.view.ViewRootImpl.performTraversals:3884 android.view.ViewRootImpl.doTraversal:3116 android.view.ViewRootImpl$TraversalRunnable.run:10885 android.view.Choreographer$CallbackRecord.run:1301 
06-18 14:46:08.286  1714  1773 I ImageWallpaper[GLEngine]: onDisplayConfigurationChanged displayId=0, newConfig={1.1 404mcc97mnc [en_GB] ldltr sw384dp w829dp h345dp 300dpi nrml long land night finger -keyb/v/h -nav/h winConfig={ mBounds=Rect(0, 0 - 1600, 720) mAppBounds=Rect(45, 0 - 1600, 692) mMaxBounds=Rect(0, 0 - 1600, 720) mDisplayRotation=ROTATION_90 mWindowingMode=fullscreen mDisplayWindowingMode=fullscreen mActivityType=undefined mAlwaysOnTop=undefined mRotation=ROTATION_90 mPopOver=undefined mStageConfig=undefined mFreeformTaskPinningState=undefined mFreeformStashState=undefined} s.15200 fontWeightAdjustment=0 ff=0 bf=0 bts=0 themeSeq=0 nightDim=-1}
06-18 14:46:08.286  1687  1687 I ViewRootImpl@83f9db7[AssistantMenuFloatingIconUI]: Relayout returned: old=(699,492,765,612) new=(699,492,765,612) req=(66,120)0 dur=24 res=0x1 s={true 0xb400007be0dc2000} ch=false seqId=172
06-18 14:46:08.286  1209  3634 V WindowManager: Relayout Window{6dfab1d u0 dismiss-button-overlay}: viewVisibility=4 req=1600x720 d0
06-18 14:46:08.287  1209  3634 W WindowManager: lockNow pending, ignore updating lockscreen timeout
06-18 14:46:08.287  1687  1687 I ViewRootImpl@83f9db7[AssistantMenuFloatingIconUI]: mThreadedRenderer.updateSurface() mSurface={isValid=true 0xb400007be0dc2000}
06-18 14:46:08.288  1687  1687 I ViewRootImpl@83f9db7[AssistantMenuFloatingIconUI]: reportNextDraw android.view.ViewRootImpl.performTraversals:4438 android.view.ViewRootImpl.doTraversal:3116 android.view.ViewRootImpl$TraversalRunnable.run:10885 android.view.Choreographer$CallbackRecord.run:1301 android.view.Choreographer$CallbackRecord.run:1309 
06-18 14:46:08.288  1687  1687 I ViewRootImpl@83f9db7[AssistantMenuFloatingIconUI]: Setup new sync id=740
06-18 14:46:08.288  1687  1687 I ViewRootImpl@83f9db7[AssistantMenuFloatingIconUI]: Setting syncFrameCallback
06-18 14:46:08.288  1687  1687 I ViewRootImpl@83f9db7[AssistantMenuFloatingIconUI]: registerCallbacksForSync syncBuffer=false
06-18 14:46:08.289  1687  2577 I ViewRootImpl@83f9db7[AssistantMenuFloatingIconUI]: Received frameDrawingCallback syncResult=0 frameNum=50.
06-18 14:46:08.289  1687  2577 I ViewRootImpl@83f9db7[AssistantMenuFloatingIconUI]: Setting up sync and frameCommitCallback
06-18 14:46:08.290  3826  3826 I DisplayController: displayId: local:0, navigationMode: NO_BUTTON, displayType: 0, deviceType: 0
06-18 14:46:08.290  3826  3826 I DisplayController: rotation 0 -> 1
06-18 14:46:08.290  3826  3826 I DisplayController: notifyChange flags: 3
06-18 14:46:08.290  3826  3826 I RotationTouchHelper: onDisplayInfoChangedInternal():  info = [e5e4165, rotation=1, navigationMode=NO_BUTTON, currentSize=Point(1600, 720)], flags = [3],  forceRegister = [false]
06-18 14:46:08.290  3826  3826 W SGestureOverlayWindow: removeGestureOverlayWindow return by mOverlayWindow == null
06-18 14:46:08.290  3826  3826 W SGestureOverlayWindow: removeGestureOverlayWindow return by mOverlayWindow == null
06-18 14:46:08.290 20713 23473 W adbd    : timed out while waiting for FUNCTIONFS_BIND, trying again
06-18 14:46:08.290  3826  3826 I RotationTouchHelper: updateGestureTouchRegions, mMode = NO_BUTTON
06-18 14:46:08.290 20713 23473 I adbd    : UsbFfs: connection terminated: monitor thread finished
06-18 14:46:08.290  3826  3826 I OrientationTouchTransformer: createOrAddTouchRegion() called with: info = [com.android.launcher3.util.DisplayController$Info@e5e4165]
06-18 14:46:08.292  1209  2609 D LiftUpHandler: [LTW] Stopped already.
06-18 14:46:08.292 21578 21578 I ViewRootImpl@32f1b[MainActivity]: mThreadedRenderer.updateSurface() mSurface={isValid=true 0xb400007c5eb70800}
06-18 14:46:08.292  1209  1209 E SemInputDeviceManagerService: onDisplayChanged: 1
06-18 14:46:08.292  1209  1209 D SGM:GameManager: onDisplayChanged. displyId: 0, state: 2
06-18 14:46:08.292  1209  1379 D SemInputCommandService: checkTSPCmdlistAndRunCmdNoRead: not supported cmd: lcd_orientation,1
06-18 14:46:08.293  1209  1209 D AODManagerService: requestReCalToTSP IsSingleTouchMode = false / previousDisplayState = ON
06-18 14:46:08.293  1209  1383 D SGM:FgCheckThread: onLooperPrepared(), msg: MSG_LCD_ON
06-18 14:46:08.293  1209  3634 V WindowManager: Relayout hash=6dfab1d, pid=1666, syncId=-1: mAttrs={(0,0)(1600x720) gr=TOP START CENTER sim={adjust=pan} layoutInDisplayCutoutMode=shortEdges ty=2606 fmt=TRANSPARENT
06-18 14:46:08.293  1209  3634 V WindowManager:   fl=1000338
06-18 14:46:08.293  1209  3634 V WindowManager:   pfl=12000050
06-18 14:46:08.293  1209  3634 V WindowManager:   bhv=DEFAULT naviIconColor=0
06-18 14:46:08.293  1209  3634 V WindowManager:   sfl=20000}
06-18 14:46:08.294  1666  1767 D InsetsController: onStateChanged: InsetsState: {mDisplayFrame=Rect(0, 0 - 1600, 720), mDisplayCutout=DisplayCutout{insets=Rect(45, 0 - 0, 0) waterfall=Insets{left=0, top=0, right=0, bottom=0} boundingRect={Bounds=[Rect(0, 272 - 45, 448), Rect(0, 0 - 0, 0), Rect(0, 0 - 0, 0), Rect(0, 0 - 0, 0)]} cutoutPathParserInfo={CutoutPathParserInfo{displayWidth=720 displayHeight=1600 physicalDisplayWidth=720 physicalDisplayHeight=1600 density={1.875} cutoutSpec={M 0,0 H -88 V 45 H 88 V 0 H 0 Z} rotation={1} scale={1.0} physicalPixelDisplaySizeRatio={1.0}}}}, mRoundedCorners=RoundedCorners{[RoundedCorner{position=TopLeft, radius=60, center=Point(60, 60)}, RoundedCorner{position=TopRight, radius=60, center=Point(1540, 60)}, RoundedCorner{position=BottomRight, radius=60, center=Point(1540, 660)}, RoundedCorner{position=BottomLeft, radius=60, center=Point(60, 660)}]}  mRoundedCornerFrame=Rect(0, 0 - 0, 0), mPrivacyIndicatorBounds=PrivacyIndicatorBounds {static bounds=Rect(1517, 0 - 1600, 45) rotation=1}, mSources= { InsetsSource: {mType=ITYPE_STATUS_BAR, mFrame=[0,0][1600,45], mVisible=false, mInsetsRoundedCornerFrame=false}, InsetsSource: {mType=ITYPE_NAVIGATION_BAR, mFrame=[0,692][1600,720], mVisible=false, mInsetsRoundedCornerFrame=false}, InsetsSource: {mType=ITYPE_LEFT_GESTURES, mFrame=[0,0][138,720], mVisible=true, mInsetsRoundedCornerFrame=false}, InsetsSource: {mType=ITYPE_RIGHT_GESTURES, mFrame=[1544,0][1600,720], mVisible=true, mInsetsRoundedCornerFrame=false}, InsetsSource: {mType=ITYPE_TOP_MANDATORY_GESTURES, mFrame=[0,0][1600,45], mVisible=true, mInsetsRoundedCornerFrame=false}, InsetsSource: {mType=ITYPE_BOTTOM_MANDATORY_GESTURES, mFrame=[0,660][1600,720], mVisible=true, mInsetsRoundedCornerFrame=false}, InsetsSource: {mType=ITYPE_LEFT_DISPLAY_CUTOUT, mFrame=[0,0][45,720], mVisible=true, mInsetsRoundedCornerFrame=false}, InsetsSource: {mType=ITYPE_TOP_DISPLAY_CUTOUT, mFrame=[0,0][1600,-100000], mVisible=true, mInsetsRoundedCornerFrame=false}, InsetsSource: {mType=ITYPE_RIGHT_DISPLAY_CUTOUT, mFrame=[100000,0][1600,720], mVisible=true, mInsetsRoundedCornerFrame=false}, InsetsSource: {mType=ITYPE_BOTTOM_DISPLAY_CUTOUT, mFrame=[0,100000][1600,720], mVisible=true, mInsetsRoundedCornerFrame=false}, InsetsSource: {mType=ITYPE_TOP_TAPPABLE_ELEMENT, mFrame=[0,0][1600,45], mVisible=true, mInsetsRoundedCornerFrame=false}, InsetsSource: {mType=ITYPE_BOTTOM_TAPPABLE_ELEMENT, mFrame=[0,0][0,0], mVisible=true, mInsetsRoundedCornerFrame=false} } host=dismiss-button-overlay from=android.view.ViewRootImpl.relayoutWindow:9802
06-18 14:46:08.295  1687  2549 I ViewRootImpl@83f9db7[AssistantMenuFloatingIconUI]: Received frameCommittedCallback lastAttemptedDrawFrameNum=50 didProduceBuffer=true
06-18 14:46:08.295 21578 21578 I ViewRootImpl@32f1b[MainActivity]: reportNextDraw android.view.ViewRootImpl.performTraversals:4438 android.view.ViewRootImpl.doTraversal:3116 android.view.ViewRootImpl$TraversalRunnable.run:10885 android.view.Choreographer$CallbackRecord.run:1301 android.view.Choreographer$CallbackRecord.run:1309 
06-18 14:46:08.296 21578 21578 I ViewRootImpl@32f1b[MainActivity]: Setup new sync id=7
06-18 14:46:08.296 21578 21578 I ViewRootImpl@32f1b[MainActivity]: Setting syncFrameCallback
06-18 14:46:08.296 21578 21578 I ViewRootImpl@32f1b[MainActivity]: registerCallbacksForSync syncBuffer=false
06-18 14:46:08.296 21578 21599 D OpenGLRenderer: setSurface() destroyed EGLSurface
06-18 14:46:08.296 21578 21599 D OpenGLRenderer: destroyEglSurface
06-18 14:46:08.297  3826  3826 W OrientationTouchTransformer: resetSwipeRegions, mCachedDisplayInfo[CachedDisplayInfo{id='', size=Point(1600, 720), rotation=1, cutout=Rect(0, 0 - 0, 0)}] = RectF(0.0, 660.0, 1600.0, 720.0) rotation: 1
06-18 14:46:08.297  1666  1767 I ViewRootImpl@df4fb24[dismiss-button-overlay]: Relayout returned: old=(0,0,720,1600) new=(0,0,1600,720) req=(1600,720)4 dur=24 res=0x0 s={false 0x0} ch=false seqId=0
06-18 14:46:08.297  3826  3826 I OrientationTouchTransformer: createOrAddTouchRegion() called with: info = [com.android.launcher3.util.DisplayController$Info@e5e4165]
06-18 14:46:08.299  1687  1687 I ViewRootImpl@83f9db7[AssistantMenuFloatingIconUI]: onSyncComplete
06-18 14:46:08.299 21578 21599 D OpenGLRenderer: eglCreateWindowSurface
06-18 14:46:08.299  1687  1687 I ViewRootImpl@83f9db7[AssistantMenuFloatingIconUI]: setupSync seqId=172 mSyncId=740 fn=50 caller=android.view.ViewRootImpl$$ExternalSyntheticLambda11.accept:6 android.window.SurfaceSyncer.lambda$setupSync$1$android-window-SurfaceSyncer:128 android.window.SurfaceSyncer$$ExternalSyntheticLambda1.accept:8 android.window.SurfaceSyncer$SyncSet.checkIfSyncIsComplete:382 android.window.SurfaceSyncer$SyncSet.markSyncReady:359 android.window.SurfaceSyncer.markSyncReady:151 android.view.ViewRootImpl.performTraversals:4503 
06-18 14:46:08.299  1687  1687 I ViewRootImpl@83f9db7[AssistantMenuFloatingIconUI]: reportDrawFinished seqId=172 mSyncId=-1 fn=50 mSurfaceChangedTransaction=0xb400007d24b31300
06-18 14:46:08.300  1687  1687 I ViewRootImpl@83f9db7[AssistantMenuFloatingIconUI]: handleResized, msg = 5 frames=ClientWindowFrames{frame=[699,492][765,612] display=[45,0][1600,720] parentFrame=[0,0][0,0] parentClippedByDisplayCutout=false} forceNextWindowRelayout=true displayId=0 resizeMode=-1 frameChanged=false displayFrameChanged=false configChanged=false displayChanged=false
06-18 14:46:08.300  1687  1687 I ViewRootImpl@83f9db7[AssistantMenuFloatingIconUI]: handleResized mSyncSeqId = 172
06-18 14:46:08.300  1687  1687 I ViewRootImpl@83f9db7[AssistantMenuFloatingIconUI]: reportNextDraw android.view.ViewRootImpl.handleResized:2450 android.view.ViewRootImpl.-$$Nest$mhandleResized:0 android.view.ViewRootImpl$ViewRootHandler.handleMessageImpl:6728 android.view.ViewRootImpl$ViewRootHandler.handleMessage:6697 android.os.Handler.dispatchMessage:106 
06-18 14:46:08.300  1687  1687 I ViewRootImpl@83f9db7[AssistantMenuFloatingIconUI]: performTraversals mFirst=false windowShouldResize=false viewVisibilityChanged=false mForceNextWindowRelayout=true params=null
06-18 14:46:08.300 21578 21623 I ViewRootImpl@32f1b[MainActivity]: Received frameDrawingCallback syncResult=0 frameNum=926.
06-18 14:46:08.300 21578 21623 I ViewRootImpl@32f1b[MainActivity]: Setting up sync and frameCommitCallback
06-18 14:46:08.303  3826  3826 W OrientationTouchTransformer: resetSwipeRegions, mCachedDisplayInfo[CachedDisplayInfo{id='', size=Point(1600, 720), rotation=1, cutout=Rect(0, 0 - 0, 0)}] = RectF(0.0, 660.0, 1600.0, 720.0) rotation: 1
06-18 14:46:08.303  3826  3826 I RotationTouchHelper: onDisplayInfoChangedInternal, mPrioritizeDeviceRotation = false, mCurrentAppRotation = 1, mSensorRotation = 0, mInOverview = false, mTaskListFrozen = false
06-18 14:46:08.303  3826  3826 W SGestureOverlayWindow: removeGestureOverlayWindow return by mOverlayWindow == null
06-18 14:46:08.304  3826  3826 I DisplayController: Update info { bounds=Rect(0, 0 - 720, 1600), insets=Rect(0, 45 - 0, 28), 720x1527, rotation=0 }, { bounds=Rect(0, 0 - 720, 1600), insets=Rect(0, 45 - 0, 45), 720x1510, rotation=2 }, { bounds=Rect(0, 0 - 1600, 720), insets=Rect(0, 45 - 45, 28), 1555x647, rotation=3 }, { bounds=Rect(0, 0 - 1600, 720), insets=Rect(45, 45 - 0, 28), 1555x647, rotation=1 }, rotation: 1, screenSize: 345x829, initialDisplaySize: Point(720, 1600) notifyChange end
06-18 14:46:08.304  3826  3826 E ConfigurationWrapper: extraNavBarEnabled
06-18 14:46:08.304  1209  1237 W WindowManager: lockNow pending, ignore updating lockscreen timeout
06-18 14:46:08.308  1666  1666 I FreeformContainer: [Manager] onReceive: android.intent.action.CONFIGURATION_CHANGED, diff=0x20000480, No need to rebuild all
06-18 14:46:08.308  3826  3826 I Launcher.Model: onReceive intent=Intent { act=android.intent.action.CONFIGURATION_CHANGED flg=0x70200010 }
06-18 14:46:08.309  1666  1767 I FreeformContainer: [Manager] handleMessage: FREEFORM_CONTAINER_CONFIGURATION_CHANGED
06-18 14:46:08.309  1209  2165 D WindowManager: finishDrawingWindow: Window{cbc8303 u0 AssistantMenuFloatingIconUI} mDrawState=DRAW_PENDING seqId=172
06-18 14:46:08.309  1209  2165 I WindowManager: finishDrawing of orientation change: Window{cbc8303 u0 AssistantMenuFloatingIconUI} 50ms
06-18 14:46:08.309  1209  1780 V WindowManager: Relayout Window{cbc8303 u0 AssistantMenuFloatingIconUI}: viewVisibility=0 req=66x120 d0
06-18 14:46:08.311  1209  1780 W WindowManager: lockNow pending, ignore updating lockscreen timeout
06-18 14:46:08.311  1209  1780 V WindowManager: performShowLocked: mDrawState=HAS_DRAWN in Window{cbc8303 u0 AssistantMenuFloatingIconUI}
06-18 14:46:08.311  1209  1355 D MotionRecognitionService: Receiver: CONFIGURATION_CHANGED
06-18 14:46:08.311  1209  1780 D AsyncRotation_WindowManager: Complete directly Window{cbc8303 u0 AssistantMenuFloatingIconUI}
06-18 14:46:08.311  1209  1780 D AsyncRotation_WindowManager: finishOp fade-in Window{cbc8303 u0 AssistantMenuFloatingIconUI}
06-18 14:46:08.311  1209  1355 D MotionRecognitionService: Inject auto rotation : 1
06-18 14:46:08.312  1209  1780 D WindowManager: fadeWindowToken, show=true, animationType=token_transform, topWindow=Window{cbc8303 u0 AssistantMenuFloatingIconUI}, token=WindowToken{ab4a48d type=2032 android.os.Binder@8af0124}, caller=com.android.server.wm.AsyncRotationController.fadeWindowToken:599 com.android.server.wm.AsyncRotationController.finishOp:300 com.android.server.wm.AsyncRotationController.completeRotation:367 com.android.server.wm.DisplayContent.finishAsyncRotation:2363 com.android.server.wm.WindowState.setOrientationChanging:1971 
06-18 14:46:08.312  1209  1355 D SensorService: Motion injection
06-18 14:46:08.312  1209  1355 D SensorService: [EAR_TOUCH] : INJECT_AUTO_ROTATION ++++
06-18 14:46:08.313  1209  1780 I WindowManager: Cancelling animation restarting=true, leash=Surface(name=Surface(name=WindowToken{ab4a48d type=2032 android.os.Binder@8af0124})/@0xbbb22d4 - animation-leash of token_transform)/@0xba18ca8
06-18 14:46:08.313  1209  1780 I WindowManager: Reparenting to original parent: Surface(name=Leaf:29:31)/@0x5daa367, destroy=false, surface=Surface(name=WindowToken{ab4a48d type=2032 android.os.Binder@8af0124})/@0xbbb22d4
06-18 14:46:08.313  1209  1780 I WindowManager: Reparenting to leash, surface=Surface(name=WindowToken{ab4a48d type=2032 android.os.Binder@8af0124})/@0xbbb22d4, leashParent=Surface(name=Leaf:29:31)/@0x5daa367
06-18 14:46:08.313  1714  2297 D QSClockBellTower: onReceive(android.intent.action.CONFIGURATION_CHANGED) mTimeZoneString:null
06-18 14:46:08.314   892  1074 I SurfaceFlinger: id=128087 createSurf flag=24004, Surface(name=WindowToken{ab4a48d type=2032 android.os.Binder@8af0124})/@0xbbb22d4 - animation-leash of token_transform#128087
06-18 14:46:08.314  1209  1780 D WindowManager: makeSurface duration=0 leash=Surface(name=Surface(name=WindowToken{ab4a48d type=2032 android.os.Binder@8af0124})/@0xbbb22d4 - animation-leash of token_transform)/@0x962fd6d
06-18 14:46:08.315  1668  2174 I TelephonyProvider: D/TelephonyProvider: subIdString = 7 subId = 7
06-18 14:46:08.315  1668  2174 I TelephonyProvider: D/TelephonyProvider: subIdString = 7 subId = 7
06-18 14:46:08.316  1209  1780 D SurfaceControl: applyGlobalTransaction called, mName=finishDrawing_syncId(172)_AssistantMenuFloatingIconUI
06-18 14:46:08.318 21578 21599 I ViewRootImpl@32f1b[MainActivity]: Received frameCommittedCallback lastAttemptedDrawFrameNum=926 didProduceBuffer=true
06-18 14:46:08.318 21578 21578 I ViewRootImpl@32f1b[MainActivity]: onSyncComplete
06-18 14:46:08.319 21578 21578 I ViewRootImpl@32f1b[MainActivity]: setupSync seqId=0 mSyncId=7 fn=926 caller=android.view.ViewRootImpl$$ExternalSyntheticLambda11.accept:6 android.window.SurfaceSyncer.lambda$setupSync$1$android-window-SurfaceSyncer:128 android.window.SurfaceSyncer$$ExternalSyntheticLambda1.accept:8 android.window.SurfaceSyncer$SyncSet.checkIfSyncIsComplete:382 android.window.SurfaceSyncer$SyncSet.markSyncReady:359 android.window.SurfaceSyncer.markSyncReady:151 android.view.ViewRootImpl.performTraversals:4503 
06-18 14:46:08.319  1209  1780 V WindowManager: Relayout hash=cbc8303, pid=1687, syncId=-1: mAttrs={(654,492)(66x120) gr=TOP LEFT CENTER sim={adjust=pan} ty=2281 fmt=TRANSLUCENT receive insets ignoring z-order
06-18 14:46:08.319  1209  1780 V WindowManager:   fl=1000028
06-18 14:46:08.319  1209  1780 V WindowManager:   pfl=12000000
06-18 14:46:08.319  1209  1780 V WindowManager:   bhv=DEFAULT
06-18 14:46:08.319  1209  1780 V WindowManager:   fitTypes=STATUS_BARS NAVIGATION_BARS CAPTION_BAR IME naviIconColor=0
06-18 14:46:08.319  1209  1780 V WindowManager:   sfl=20000}
06-18 14:46:08.320  1209  1236 D TspStateManager: updateCustomValue customSetting=
06-18 14:46:08.321 21578 21578 I ViewRootImpl@32f1b[MainActivity]: reportDrawFinished seqId=0 mSyncId=-1 fn=926 mSurfaceChangedTransaction=0xb400007c70d4bc00
06-18 14:46:08.325  1209  1236 D TspStateManager: updateCustomValue customSetting=
06-18 14:46:08.326   892   892 I Layer   : id=128085 removeFromCurrentState Surface(name=WindowToken{ab4a48d type=2032 android.os.Binder@8af0124})/@0xbbb22d4 - animation-leash of token_transform#128085 (151)
06-18 14:46:08.327   892   892 I SurfaceFlinger: id=128085 Removed Surface(name=WindowToken{ab4a48d type=2032 android.os.Binder@8af0124})/@0xbbb22d4 - animation-leash of token_transform#128085 (151)
06-18 14:46:08.327   892   892 I Layer   : id=128085 Destroyed Surface(name=WindowToken{ab4a48d type=2032 android.os.Binder@8af0124})/@0xbbb22d4 - animation-leash of token_transform#128085
06-18 14:46:08.327  1687  1687 I ViewRootImpl@83f9db7[AssistantMenuFloatingIconUI]: updateBlastSurfaceIfNeeded mBlastBufferQueue=0xb400007c5ea2bf00 isSameSurfaceControl=true
06-18 14:46:08.327  1209  1236 D TspStateManager: updateCustomValue customSetting=
06-18 14:46:08.328  1687  1687 I BLASTBufferQueue: update, w= 66 h= 120 mName = ViewRootImpl@83f9db7[AssistantMenuFloatingIconUI] mNativeObject= 0xb400007c5ea2bf00 sc.mNativeObject= 0xb400007c70de5d80 format= -3 caller= android.view.ViewRootImpl.updateBlastSurfaceIfNeeded:2898 android.view.ViewRootImpl.relayoutWindow:9847 android.view.ViewRootImpl.performTraversals:3884 android.view.ViewRootImpl.doTraversal:3116 android.view.ViewRootImpl$TraversalRunnable.run:10885 android.view.Choreographer$CallbackRecord.run:1301 
06-18 14:46:08.328  1687  1687 I ViewRootImpl@83f9db7[AssistantMenuFloatingIconUI]: Relayout returned: old=(699,492,765,612) new=(699,492,765,612) req=(66,120)0 dur=27 res=0x0 s={true 0xb400007be0dc2000} ch=false seqId=172
06-18 14:46:08.328  1687  1687 I ViewRootImpl@83f9db7[AssistantMenuFloatingIconUI]: mThreadedRenderer.updateSurface() mSurface={isValid=true 0xb400007be0dc2000}
06-18 14:46:08.328  1687  1687 I ViewRootImpl@83f9db7[AssistantMenuFloatingIconUI]: Setup new sync id=741
06-18 14:46:08.328  1687  1687 I ViewRootImpl@83f9db7[AssistantMenuFloatingIconUI]: Setting syncFrameCallback
06-18 14:46:08.328  1687  1687 I ViewRootImpl@83f9db7[AssistantMenuFloatingIconUI]: registerCallbacksForSync syncBuffer=false
06-18 14:46:08.329  1209  1236 W WindowManager: lockNow pending, ignore updating lockscreen timeout
06-18 14:46:08.330  1687  2578 I ViewRootImpl@83f9db7[AssistantMenuFloatingIconUI]: Received frameDrawingCallback syncResult=0 frameNum=51.
06-18 14:46:08.330  1687  2578 I ViewRootImpl@83f9db7[AssistantMenuFloatingIconUI]: Setting up sync and frameCommitCallback
06-18 14:46:08.331  1209  3642 W WindowManager: Cannot find window which accessibility connection is added to
06-18 14:46:08.332  1209  1209 D WALLPAPER_SVC:SemWallpaperManagerService: onReceive: android.intent.action.CONFIGURATION_CHANGED, densityDpi=300, orientation [old=1, new=2] 
06-18 14:46:08.332  1209  1209 D WALLPAPER_SVC:WallpaperManagerService: orientation is changed, notifySemColorListeners 
06-18 14:46:08.332  1714  1792 D OpenGLRenderer: setSurface called with nullptr
06-18 14:46:08.332  1714  1792 D OpenGLRenderer: setSurface() destroyed EGLSurface
06-18 14:46:08.332  1714  1792 D OpenGLRenderer: destroyEglSurface
06-18 14:46:08.333  1687  2549 I ViewRootImpl@83f9db7[AssistantMenuFloatingIconUI]: Received frameCommittedCallback lastAttemptedDrawFrameNum=51 didProduceBuffer=true
06-18 14:46:08.333  1687  1687 I ViewRootImpl@83f9db7[AssistantMenuFloatingIconUI]: onSyncComplete
06-18 14:46:08.334  1687  1687 I ViewRootImpl@83f9db7[AssistantMenuFloatingIconUI]: setupSync seqId=172 mSyncId=741 fn=51 caller=android.view.ViewRootImpl$$ExternalSyntheticLambda11.accept:6 android.window.SurfaceSyncer.lambda$setupSync$1$android-window-SurfaceSyncer:128 android.window.SurfaceSyncer$$ExternalSyntheticLambda1.accept:8 android.window.SurfaceSyncer$SyncSet.checkIfSyncIsComplete:382 android.window.SurfaceSyncer$SyncSet.markSyncReady:359 android.window.SurfaceSyncer.markSyncReady:151 android.view.ViewRootImpl.performTraversals:4503 
06-18 14:46:08.334  1687  1687 I ViewRootImpl@83f9db7[AssistantMenuFloatingIconUI]: reportDrawFinished seqId=172 mSyncId=-1 fn=51 mSurfaceChangedTransaction=0xb400007d24b31300
06-18 14:46:08.334  1687  1687 I AssistantUIManager: mReceiver onReceive:android.intent.action.CONFIGURATION_CHANGED
06-18 14:46:08.335  1714  1773 I ViewRootImpl@17c214f[StageCoordinatorSplitDivider]: dispatchDetachedFromWindow
06-18 14:46:08.336  1666  1767 I FreeformContainer: [ContainerView] scalePointerPosition, new position=(1454.5,374.5) scale=(1.0,1.0)
06-18 14:46:08.336  1209  1785 D WindowManager: finishDrawingWindow: Window{2d36320 u0 app.netmirror.netmirrornew/app.netmirror.netmirrornew.MainActivity} mDrawState=DRAW_PENDING seqId=0
06-18 14:46:08.336  1209  1785 I WindowManager: finishDrawing of orientation change: Window{2d36320 u0 app.netmirror.netmirrornew/app.netmirror.netmirrornew.MainActivity} 78ms
06-18 14:46:08.339  1209  3578 W WindowManager: Failed looking up window session=Session{3a326d 1714:u0a10065} callers=com.android.server.wm.WindowManagerService.windowForClientLocked:6618 com.android.server.wm.WindowManagerService.removeWindow:2287 com.android.server.wm.Session.remove:236 
06-18 14:46:08.339 20713 20718 I adbd    : opening control endpoint /dev/usb-ffs/adb/ep0
06-18 14:46:08.339  1209  3578 D InputTransport: Input channel destroyed: 'Embedde', fd=656
06-18 14:46:08.339  1209  3578 W InputManager-JNI: Input channel object 'Embedded{StageCoordinatorSplitDivider} (client)' was disposed without first being removed with the input manager!
06-18 14:46:08.339  1209  3578 D InputTransport: Input channel destroyed: 'Embedde', fd=749
06-18 14:46:08.339  1209  1780 D WindowManager: finishDrawingWindow: Window{cbc8303 u0 AssistantMenuFloatingIconUI} mDrawState=HAS_DRAWN seqId=172
06-18 14:46:08.340  1714  1773 D InputTransport: Input channel destroyed: 'Embedde', fd=123
06-18 14:46:08.341 21578 21578 I ViewRootImpl@32f1b[MainActivity]: handleResized, msg = 5 frames=ClientWindowFrames{frame=[0,0][1600,720] display=[-100000,-100000][100000,100000] parentFrame=[0,0][0,0] parentClippedByDisplayCutout=false} forceNextWindowRelayout=true displayId=0 resizeMode=-1 frameChanged=false displayFrameChanged=false configChanged=false displayChanged=false
06-18 14:46:08.341 21578 21578 I ViewRootImpl@32f1b[MainActivity]: handleResized mSyncSeqId = 0
06-18 14:46:08.342 21578 21578 I ViewRootImpl@32f1b[MainActivity]: reportNextDraw android.view.ViewRootImpl.handleResized:2450 android.view.ViewRootImpl.-$$Nest$mhandleResized:0 android.view.ViewRootImpl$ViewRootHandler.handleMessageImpl:6728 android.view.ViewRootImpl$ViewRootHandler.handleMessage:6697 android.os.Handler.dispatchMessage:106 
06-18 14:46:08.343  3867  3867 I HBD     : a [NRIC] resetNoResponseState 
06-18 14:46:08.343  3867  3867 I HBD     : b needOff = true , isForceOff = false, isNullInputClass : true 
06-18 14:46:08.343  3867  3867 I HBD     : b update cached prediction status : false 
06-18 14:46:08.344  3867  3867 I HBD     : HoneyBoardService [PF_OP][onStartInput]  86 ms 
06-18 14:46:08.344  1209  1237 W WindowManager: lockNow pending, ignore updating lockscreen timeout
06-18 14:46:08.344  3867  3867 I HBD     : b updatePredictionStatus : 9, editorOpt 
06-18 14:46:08.345  1209  1237 D SurfaceControl: applyGlobalTransaction called, mName=finishDrawing_syncId(172)_AssistantMenuFloatingIconUI
06-18 14:46:08.345  3867  3867 I HBD     : HoneyBoardService [PF_CF][onConfigurationChanged]  93 ms 
06-18 14:46:08.345  1714  1792 D NativeCustomFrequencyManager: [NativeCFMS] BpCustomFrequencyManager::BpCustomFrequencyManager()
06-18 14:46:08.347  1209  1237 W WindowManager: lockNow pending, ignore updating lockscreen timeout
06-18 14:46:08.347   892   938 I SurfaceFlinger: id=128088 createSurf flag=80004, SplitWindowManager#128088
06-18 14:46:08.347  1209  1237 D ActivityTaskManager: mStartingWindow and mStartingData is null for token=ActivityRecord{6090af u0 app.netmirror.netmirrornew/.MainActivity} t1554}
06-18 14:46:08.347  1209  1237 V WindowManager: performShowLocked: mDrawState=HAS_DRAWN in Window{2d36320 u0 app.netmirror.netmirrornew/app.netmirror.netmirrornew.MainActivity}
06-18 14:46:08.348   892   892 I Layer   : id=128072 removeFromCurrentState StageCoordinatorSplitDivider#128072 (152)
06-18 14:46:08.348   892   892 I Layer   : id=128071 removeFromCurrentState SplitWindowManager#128071 (152)
06-18 14:46:08.348  3867  3867 I ViewRootImpl@b96f523[InputMethod]: performTraversals params={(0,0)(fillxfill) gr=BOTTOM CENTER_VERTICAL sim={adjust=pan} ty=INPUT_METHOD fmt=TRANSPARENT wanim=0x7f1301aa preferredMinDisplayRefreshRate=60.0 receive insets ignoring z-order
06-18 14:46:08.348  3867  3867 I ViewRootImpl@b96f523[InputMethod]:   fl=81800108
06-18 14:46:08.348  3867  3867 I ViewRootImpl@b96f523[InputMethod]:   pfl=12000000
06-18 14:46:08.348  3867  3867 I ViewRootImpl@b96f523[InputMethod]:   bhv=DEFAULT
06-18 14:46:08.348  3867  3867 I ViewRootImpl@b96f523[InputMethod]:   fitTypes=STATUS_BARS NAVIGATION_BARS
06-18 14:46:08.348  3867  3867 I ViewRootImpl@b96f523[InputMethod]:   fitSides=LEFT TOP RIGHT
06-18 14:46:08.348  3867  3867 I ViewRootImpl@b96f523[InputMethod]:   fitIgnoreVis dimDuration=150 naviIconColor=0}
06-18 14:46:08.349   892   892 I SurfaceFlinger: id=128071 Removed SplitWindowManager#128071 (152)
06-18 14:46:08.349   892   892 I SurfaceFlinger: id=128072 Removed StageCoordinatorSplitDivider#128072 (152)
06-18 14:46:08.349   892   938 I SurfaceFlinger: id=128089 createSurf flag=40004, StageCoordinatorSplitDivider#128089
06-18 14:46:08.349   892   892 I Layer   : id=128071 Destroyed SplitWindowManager#128071
06-18 14:46:08.349   892   892 I Layer   : id=128072 Destroyed StageCoordinatorSplitDivider#128072
06-18 14:46:08.350  1209  1237 D ActivityTaskManager: mStartingWindow and mStartingData is null for token=ActivityRecord{6090af u0 app.netmirror.netmirrornew/.MainActivity} t1554}
06-18 14:46:08.350  3867  3867 I ViewRootImpl@b96f523[InputMethod]: performTraversals mFirst=false windowShouldResize=false viewVisibilityChanged=false mForceNextWindowRelayout=false params={(0,0)(fillxfill) gr=BOTTOM CENTER_VERTICAL sim={adjust=pan} ty=INPUT_METHOD fmt=TRANSPARENT wanim=0x7f1301aa preferredMinDisplayRefreshRate=60.0 receive insets ignoring z-order
06-18 14:46:08.350  3867  3867 I ViewRootImpl@b96f523[InputMethod]:   fl=81800108
06-18 14:46:08.350  3867  3867 I ViewRootImpl@b96f523[InputMethod]:   pfl=12000000
06-18 14:46:08.350  3867  3867 I ViewRootImpl@b96f523[InputMethod]:   bhv=DEFAULT
06-18 14:46:08.350  3867  3867 I ViewRootImpl@b96f523[InputMethod]:   fitTypes=STATUS_BARS NAVIGATION_BARS
06-18 14:46:08.350  3867  3867 I ViewRootImpl@b96f523[InputMethod]:   fitSides=LEFT TOP RIGHT
06-18 14:46:08.350  3867  3867 I ViewRootImpl@b96f523[InputMethod]:   fitIgnoreVis dimDuration=150 naviIconColor=0}
06-18 14:46:08.351  1209  3578 V WindowManager: Relayout Window{54d1e54 u0 InputMethod}: viewVisibility=8 req=720x1555 d0
06-18 14:46:08.351 21578 21578 I ViewRootImpl@32f1b[MainActivity]: performTraversals mFirst=false windowShouldResize=false viewVisibilityChanged=false mForceNextWindowRelayout=true params=null
06-18 14:46:08.352  1209  3578 W WindowManager: lockNow pending, ignore updating lockscreen timeout
06-18 14:46:08.354  1209  3578 I WindowManager: doStopFreezingDisplayLocked(MultiFreeze): Screen(#0) frozen for 173ms, dc=Display{#0 state=ON size=1600x720 ROTATION_90}com.android.server.wm.WindowManagerService.stopFreezingDisplayLocked:7085 com.android.server.wm.WindowManagerService.lambda$stopFreezingDisplayLocked$11:6980 com.android.server.wm.WindowManagerService.$r8$lambda$F5vAqSXWTdDItbQFPxsgmD3gEkI:0 com.android.server.wm.WindowManagerService$$ExternalSyntheticLambda1.accept:4 com.android.server.wm.RootWindowContainer.forAllDisplays:1556 com.android.server.wm.WindowManagerService.stopFreezingDisplayLocked:6979 com.android.server.wm.RootWindowContainer.performSurfacePlacementNoTrace:1076 com.android.server.wm.RootWindowContainer.performSurfacePlacement:950 
06-18 14:46:08.354  1209  3578 D InputDispatcher: setInputDispatchMode: enabled=1, frozen=0
06-18 14:46:08.354  1209  3578 I WindowManager: Screen frozen for +171ms due to Window{2d36320 u0 app.netmirror.netmirrornew/app.netmirror.netmirrornew.MainActivity}
06-18 14:46:08.357   892   892 I Layer   : id=128090 Destroyed Screenshot Parent#128090
06-18 14:46:08.361  1209  3578 W ImageReader_JNI: Unable to acquire a buffer item, very likely client tried to acquire more than maxImages buffers
06-18 14:46:08.366  1209  3578 I WindowManager: Reparenting to leash, surface=Surface(name=WindowedMagnification:0:31)/@0x13b57b, leashParent=Surface(name=Display 0 name="Built-in Screen")/@0x689baff
06-18 14:46:08.366   892   938 I SurfaceFlinger: id=128091 createSurf flag=24000, Surface(name=WindowedMagnification:0:31)/@0x13b57b - animation-leash of screen_rotation#128091
06-18 14:46:08.367  1209  3578 D WindowManager: makeSurface duration=1 leash=Surface(name=Surface(name=WindowedMagnification:0:31)/@0x13b57b - animation-leash of screen_rotation)/@0x863629e
06-18 14:46:08.367  1209  3578 I WindowManager: Reparenting to leash, surface=Surface(name=RotationLayer)/@0xe91517f, leashParent=Surface(name=Display Overlays)/@0x22da965
06-18 14:46:08.367   892   938 I SurfaceFlinger: id=128092 createSurf flag=24000, Surface(name=RotationLayer)/@0xe91517f - animation-leash of screen_rotation#128092
06-18 14:46:08.368  1209  3578 D WindowManager: makeSurface duration=1 leash=Surface(name=Surface(name=RotationLayer)/@0xe91517f - animation-leash of screen_rotation)/@0x1ee954c
06-18 14:46:08.369  1209  3578 D AppPairController: onStopFreezingDisplayLocked=null
06-18 14:46:08.370  1209  1780 D InputTransport: Input channel constructed: 'Embedde', fd=656
06-18 14:46:08.370  1209  1780 D InputTransport: Input channel constructed: 'Embedde', fd=737
06-18 14:46:08.371  1209  1780 D InputTransport: Input channel constructed: 'Embedde', fd=745
06-18 14:46:08.371  1209  3578 V WindowManager: Relayout hash=54d1e54, pid=3867, syncId=-1: mAttrs={(0,0)(fillxfill) gr=BOTTOM CENTER_VERTICAL sim={adjust=pan} ty=INPUT_METHOD fmt=TRANSPARENT wanim=0x7f1301aa preferredMinDisplayRefreshRate=60.0 receive insets ignoring z-order
06-18 14:46:08.371  1209  3578 V WindowManager:   fl=81800108
06-18 14:46:08.371  1209  3578 V WindowManager:   pfl=12000000
06-18 14:46:08.371  1209  3578 V WindowManager:   bhv=DEFAULT
06-18 14:46:08.371  1209  3578 V WindowManager:   fitTypes=STATUS_BARS NAVIGATION_BARS
06-18 14:46:08.371  1209  3578 V WindowManager:   fitSides=LEFT TOP RIGHT
06-18 14:46:08.371  1209  3578 V WindowManager:   fitIgnoreVis dimDuration=150 naviIconColor=0}
06-18 14:46:08.372  1209  1780 D InputTransport: Input channel destroyed: 'Embedde', fd=745
06-18 14:46:08.374  1209  3642 V WindowManager: Relayout Window{2d36320 u0 app.netmirror.netmirrornew/app.netmirror.netmirrornew.MainActivity}: viewVisibility=0 req=1600x720 d0
06-18 14:46:08.374  3867  3867 I ViewRootImpl@b96f523[InputMethod]: Relayout returned: old=(0,45,720,1600) new=(0,45,720,1600) req=(720,1555)8 dur=24 res=0x0 s={false 0x0} ch=false seqId=0
06-18 14:46:08.375  1209  3642 W WindowManager: lockNow pending, ignore updating lockscreen timeout
06-18 14:46:08.376  3867  3867 I HBD     : b inset is lower than 0 
06-18 14:46:08.377  1687  1687 I AssistantMenuFloatingIconUI: iconDisplayableBound : [0,0][1555,720]
06-18 14:46:08.378  1209  3642 V WindowManager: Relayout hash=2d36320, pid=21578, syncId=-1: mAttrs={(0,0)(fillxfill) sim={adjust=resize} layoutInDisplayCutoutMode=shortEdges ty=BASE_APPLICATION wanim=0x1030309
06-18 14:46:08.378  1209  3642 V WindowManager:   fl=8d810700
06-18 14:46:08.378  1209  3642 V WindowManager:   pfl=1e020040
06-18 14:46:08.378  1209  3642 V WindowManager:   vsysui=700
06-18 14:46:08.378  1209  3642 V WindowManager:   bhv=SHOW_TRANSIENT_BARS_BY_SWIPE
06-18 14:46:08.378  1209  3642 V WindowManager:   fitSides= naviIconColor=0}
06-18 14:46:08.379  1209  1780 W WindowManager: lockNow pending, ignore updating lockscreen timeout
06-18 14:46:08.379 21578 21578 I ViewRootImpl@32f1b[MainActivity]: updateBlastSurfaceIfNeeded mBlastBufferQueue=0xb400007be7947500 isSameSurfaceControl=true
06-18 14:46:08.380 21578 21578 I BLASTBufferQueue: update, w= 1600 h= 720 mName = ViewRootImpl@32f1b[MainActivity] mNativeObject= 0xb400007be7947500 sc.mNativeObject= 0xb4000079aa922620 format= -1 caller= android.view.ViewRootImpl.updateBlastSurfaceIfNeeded:2898 android.view.ViewRootImpl.relayoutWindow:9847 android.view.ViewRootImpl.performTraversals:3884 android.view.ViewRootImpl.doTraversal:3116 android.view.ViewRootImpl$TraversalRunnable.run:10885 android.view.Choreographer$CallbackRecord.run:1301 
06-18 14:46:08.380 21578 21578 I ViewRootImpl@32f1b[MainActivity]: Relayout returned: old=(0,0,1600,720) new=(0,0,1600,720) req=(1600,720)0 dur=28 res=0x0 s={true 0xb400007c5eb70800} ch=false seqId=0
06-18 14:46:08.380 21578 21578 I ViewRootImpl@32f1b[MainActivity]: mThreadedRenderer.updateSurface() mSurface={isValid=true 0xb400007c5eb70800}
06-18 14:46:08.380 21578 21599 D OpenGLRenderer: setSurface() destroyed EGLSurface
06-18 14:46:08.380 21578 21599 D OpenGLRenderer: destroyEglSurface
06-18 14:46:08.381 21578 21578 I ViewRootImpl@32f1b[MainActivity]: Setup new sync id=8
06-18 14:46:08.381 21578 21578 I ViewRootImpl@32f1b[MainActivity]: Setting syncFrameCallback
06-18 14:46:08.381 21578 21578 I ViewRootImpl@32f1b[MainActivity]: registerCallbacksForSync syncBuffer=false
06-18 14:46:08.381 21578 21599 D OpenGLRenderer: eglCreateWindowSurface
06-18 14:46:08.382 21578 21624 I ViewRootImpl@32f1b[MainActivity]: Received frameDrawingCallback syncResult=0 frameNum=927.
06-18 14:46:08.382 21578 21624 I ViewRootImpl@32f1b[MainActivity]: Setting up sync and frameCommitCallback
06-18 14:46:08.383  3867  3867 I HBD     : b inset is lower than 0 
06-18 14:46:08.383  1714  1714 D LockscreenNotificationManager: Orientation updated : 2
06-18 14:46:08.383  1714  1714 D DeviceState: getDisplayWidth portrait? false  displayWidth= 1600
06-18 14:46:08.384  1714  1714 D SecPanelConfigurationBellTower: New Cs.15201 (cSeq.15132 : vSeq.14602) dState(dW:1600, dH:720) rPicker(pW:1120, pH:675, adH:675, cH:0, nbH:0) Rotation(1, c:1, v:1) newOri:2
06-18 14:46:08.384  1687  1687 I ViewRootImpl@83f9db7[AssistantMenuFloatingIconUI]: performTraversals params={(492,0)(120x66) gr=TOP LEFT CENTER sim={adjust=pan} ty=2281 fmt=TRANSLUCENT receive insets ignoring z-order
06-18 14:46:08.384  1687  1687 I ViewRootImpl@83f9db7[AssistantMenuFloatingIconUI]:   fl=1000028
06-18 14:46:08.384  1687  1687 I ViewRootImpl@83f9db7[AssistantMenuFloatingIconUI]:   pfl=12000000
06-18 14:46:08.384  1687  1687 I ViewRootImpl@83f9db7[AssistantMenuFloatingIconUI]:   bhv=DEFAULT
06-18 14:46:08.384  1687  1687 I ViewRootImpl@83f9db7[AssistantMenuFloatingIconUI]:   fitTypes=STATUS_BARS NAVIGATION_BARS CAPTION_BAR IME naviIconColor=0
06-18 14:46:08.384  1687  1687 I ViewRootImpl@83f9db7[AssistantMenuFloatingIconUI]:   sfl=20000}
06-18 14:46:08.385  1687  1687 I ViewRootImpl@83f9db7[AssistantMenuFloatingIconUI]: performTraversals mFirst=false windowShouldResize=true viewVisibilityChanged=false mForceNextWindowRelayout=false params={(492,0)(120x66) gr=TOP LEFT CENTER sim={adjust=pan} ty=2281 fmt=TRANSLUCENT receive insets ignoring z-order
06-18 14:46:08.385  1687  1687 I ViewRootImpl@83f9db7[AssistantMenuFloatingIconUI]:   fl=1000028
06-18 14:46:08.385  1687  1687 I ViewRootImpl@83f9db7[AssistantMenuFloatingIconUI]:   pfl=12000000
06-18 14:46:08.385  1687  1687 I ViewRootImpl@83f9db7[AssistantMenuFloatingIconUI]:   bhv=DEFAULT
06-18 14:46:08.385  1687  1687 I ViewRootImpl@83f9db7[AssistantMenuFloatingIconUI]:   fitTypes=STATUS_BARS NAVIGATION_BARS CAPTION_BAR IME naviIconColor=0
06-18 14:46:08.385  1687  1687 I ViewRootImpl@83f9db7[AssistantMenuFloatingIconUI]:   sfl=20000}
06-18 14:46:08.386  1209  1780 V WindowManager: Relayout Window{cbc8303 u0 AssistantMenuFloatingIconUI}: viewVisibility=0 req=120x66 d0
06-18 14:46:08.387  1209  1780 W WindowManager: lockNow pending, ignore updating lockscreen timeout
06-18 14:46:08.388  1209  1780 I WindowManager: Reparenting to leash, surface=Surface(name=cbc8303 AssistantMenuFloatingIconUI)/@0x9790027, leashParent=Surface(name=WindowToken{ab4a48d type=2032 android.os.Binder@8af0124})/@0xbbb22d4
06-18 14:46:08.389   892   938 I SurfaceFlinger: id=128093 createSurf flag=24000, Surface(name=cbc8303 AssistantMenuFloatingIconUI)/@0x9790027 - animation-leash of window_animation#128093
06-18 14:46:08.389  1714  1714 V SecQsTransitionAnimator: restorePanelView
06-18 14:46:08.389  1209  1780 D WindowManager: makeSurface duration=1 leash=Surface(name=Surface(name=cbc8303 AssistantMenuFloatingIconUI)/@0x9790027 - animation-leash of window_animation)/@0x78841e4
06-18 14:46:08.389  1714  1714 D MultiSIMPreferredSlotBar: setExpanded : false mShowing : false
06-18 14:46:08.389  1714  1714 D MultiSIMController: unRegisterSimCardManagerCallback : mSimCardManagerService is null 
06-18 14:46:08.390 21578 21599 I ViewRootImpl@32f1b[MainActivity]: Received frameCommittedCallback lastAttemptedDrawFrameNum=927 didProduceBuffer=true
06-18 14:46:08.391 21578 21578 I ViewRootImpl@32f1b[MainActivity]: onSyncComplete
06-18 14:46:08.391 21578 21578 I ViewRootImpl@32f1b[MainActivity]: setupSync seqId=0 mSyncId=8 fn=927 caller=android.view.ViewRootImpl$$ExternalSyntheticLambda11.accept:6 android.window.SurfaceSyncer.lambda$setupSync$1$android-window-SurfaceSyncer:128 android.window.SurfaceSyncer$$ExternalSyntheticLambda1.accept:8 android.window.SurfaceSyncer$SyncSet.checkIfSyncIsComplete:382 android.window.SurfaceSyncer$SyncSet.markSyncReady:359 android.window.SurfaceSyncer.markSyncReady:151 android.view.ViewRootImpl.performTraversals:4503 
06-18 14:46:08.392  1714  1714 D [QuickStar]_ExpandQSAtOnceController: updateResources(before), enabled:false, SidePosition:null, Ratio:0.0(setting:0), Width:0
06-18 14:46:08.392 21578 21578 I ViewRootImpl@32f1b[MainActivity]: reportDrawFinished seqId=0 mSyncId=-1 fn=927 mSurfaceChangedTransaction=0xb400007c70d4bc00
06-18 14:46:08.393  1687 14843 I ViewRootImpl@83f9db7[AssistantMenuFloatingIconUI]: Resizing android.view.ViewRootImpl@4dcb489: frame = [537,0][657,66] reportDraw = false forceLayout = false syncSeqId = 172
06-18 14:46:08.394  1714  1714 D IndicatorGardenInputProperty: updateRotation() prv:0 >> new:1
06-18 14:46:08.394  1714  1714 D IndicatorBasicGardener: PhoneStatusBarViewController is done to update (IndicatorGardenModel) lp:39, lc:688, cc:101, rc:688, rp:39, h:45, ctm:false, ctms:8
06-18 14:46:08.395  1714  1714 D SecQSLayoutDetail: Recommend onConfigChanged() ori: 2
06-18 14:46:08.396  1209  1780 V WindowManager: Relayout hash=cbc8303, pid=1687, syncId=-1: mAttrs={(492,0)(120x66) gr=TOP LEFT CENTER sim={adjust=pan} ty=2281 fmt=TRANSLUCENT receive insets ignoring z-order
06-18 14:46:08.396  1209  1780 V WindowManager:   fl=1000028
06-18 14:46:08.396  1209  1780 V WindowManager:   pfl=12000000
06-18 14:46:08.396  1209  1780 V WindowManager:   bhv=DEFAULT
06-18 14:46:08.396  1209  1780 V WindowManager:   fitTypes=STATUS_BARS NAVIGATION_BARS CAPTION_BAR IME naviIconColor=0
06-18 14:46:08.396  1209  1780 V WindowManager:   sfl=20000}
06-18 14:46:08.396  1714  1714 V Navbar.Store: handleEvent(0) OnRotationChanged(rotation=1, displayId=0) [Module] NavigationBar
06-18 14:46:08.396  1209  3578 D WALLPAPER_SVC:WallpaperManagerService: getWallpaperSafeLocked, userId = 0, which = 1, caller = com.android.server.wallpaper.WallpaperManagerService.semGetWallpaperType:6817 
06-18 14:46:08.397  1209  3578 D WallpaperManagerService: which : 1, return type : 0 (called by userId= 0)
06-18 14:46:08.397  3826 13659 I TouchInteractionService: onActiveNavBarRegionChanges, region : SkRegion()
06-18 14:46:08.397  1714  1714 V Navbar.Store: handleEvent(0) OnSetGestureHintVisibility(displayId=0, recentVisible=true, homeVisible=true, backVisible=true) [Module] SamsungNavigationBarView
06-18 14:46:08.398  1714  1714 V Navbar.Store: [Band]GESTURE_PACK_SET_HINT_VISIBILITY
06-18 14:46:08.398  1714  1714 V Navbar.Store: [Band] (afterAction) GESTURE_PACK_SET_HINT_VISIBILITY
06-18 14:46:08.398  1714  1714 V Navbar.Store: apply(0) UpdateGestureHintVisibility
06-18 14:46:08.398  1714  1714 V Navbar.Store: NavBarStates canShowGestureHint: true
06-18 14:46:08.398  1687  1687 I ViewRootImpl@83f9db7[AssistantMenuFloatingIconUI]: updateBlastSurfaceIfNeeded mBlastBufferQueue=0xb400007c5ea2bf00 isSameSurfaceControl=true
06-18 14:46:08.398  1209  1830 W WindowManager: Cannot find window which accessibility connection is added to
06-18 14:46:08.398  1714  1865 I ImageWallpaperRenderer: updateWallpaperOffset 0 lastCropOffset -717 , wp Type 0 , rotation 1 , allowed true, screenSize=(1600, 720), origTopPos 0.624375 , calcTopPos 1791.9281, scaledHeight 2869.955 , 1434 , 0.5 , smartCropCenterY 2151.9282 Do not change Display offset -717
06-18 14:46:08.398  1714  1714 V Navbar.Store: handleEvent(0) OnUpdateSysUiStateFlag(noArguments=true) [Module] SamsungNavigationBarView
06-18 14:46:08.398  1714  1714 V Navbar.Store: [Band]GESTURE_PACK_UPDATE_SYSTEMUI_STATE_FLAG
06-18 14:46:08.398  1714  1714 V Navbar.Store: [Band] (afterAction) GESTURE_PACK_UPDATE_SYSTEMUI_STATE_FLAG
06-18 14:46:08.398  1687  1687 I BLASTBufferQueue: update, w= 120 h= 66 mName = ViewRootImpl@83f9db7[AssistantMenuFloatingIconUI] mNativeObject= 0xb400007c5ea2bf00 sc.mNativeObject= 0xb400007c5ea431e0 format= -3 caller= android.view.ViewRootImpl.updateBlastSurfaceIfNeeded:2898 android.view.ViewRootImpl.relayoutWindow:9847 android.view.ViewRootImpl.performTraversals:3884 android.view.ViewRootImpl.doTraversal:3116 android.view.ViewRootImpl$TraversalRunnable.run:10885 android.view.Choreographer$CallbackRecord.run:1301 
06-18 14:46:08.398  1714  1714 V Navbar.Store: NavBarStates isGameMode: false
06-18 14:46:08.398  1714  1714 V Navbar.Store: apply(0) UpdateSysUiFlags
06-18 14:46:08.398  1714  1714 V Navbar.Store: set 1073741824 : false
06-18 14:46:08.398  1714  1714 V Navbar.Store: set 67108864 : false
06-18 14:46:08.398  1687  1687 I ViewRootImpl@83f9db7[AssistantMenuFloatingIconUI]: Relayout returned: old=(699,492,765,612) new=(537,0,657,66) req=(120,66)0 dur=12 res=0x0 s={true 0xb400007be0dc2000} ch=false seqId=172
06-18 14:46:08.398  1714  1773 I ViewRootImpl@d376164[StageCoordinatorSplitDivider]: setView = com.android.wm.shell.common.split.DividerView@c304dda TM=true
06-18 14:46:08.399  1687  1687 I ViewRootImpl@83f9db7[AssistantMenuFloatingIconUI]: mThreadedRenderer.updateSurface() mSurface={isValid=true 0xb400007be0dc2000}
06-18 14:46:08.399  1714  1714 V Navbar.Store: handleEvent(0) OnNavBarUpdateA11YService(clickable=false, longClickable=false) [Module] NavigationBar
06-18 14:46:08.399  1714  1714 V Navbar.Store: [Band]SETUPWIZARD_PACK_UPDATE_A11Y_SERVICE
06-18 14:46:08.400  1209  1785 D WindowManager: finishDrawingWindow: Window{2d36320 u0 app.netmirror.netmirrornew/app.netmirror.netmirrornew.MainActivity} mDrawState=HAS_DRAWN seqId=0
06-18 14:46:08.401  1209  1237 W WindowManager: lockNow pending, ignore updating lockscreen timeout
06-18 14:46:08.401  1714  1865 I ImageWallpaperRenderer:  onConfigurationChanged   {1.1 404mcc97mnc [en_GB] ldltr sw384dp w829dp h345dp 300dpi nrml long land night finger -keyb/v/h -nav/h winConfig={ mBounds=Rect(0, 0 - 1600, 720) mAppBounds=Rect(45, 0 - 1600, 692) mMaxBounds=Rect(0, 0 - 1600, 720) mDisplayRotation=ROTATION_90 mWindowingMode=fullscreen mDisplayWindowingMode=fullscreen mActivityType=undefined mAlwaysOnTop=undefined mRotation=ROTATION_90 mPopOver=undefined mStageConfig=undefined mFreeformTaskPinningState=undefined mFreeformStashState=undefined} s.15201 fontWeightAdjustment=0 ff=0 bf=0 bts=0 themeSeq=0 nightDim=-1} isNeedReDraw false
06-18 14:46:08.403   892   892 D SurfaceFlinger: Display 0 HWC layers:
06-18 14:46:08.403   892   892 D SurfaceFlinger:  SOLID_COLOR |              | 0000 |  Unknown  |    0.0    0.0    0.0    0.0 |    0    0  720 1600 | BackColorSurface#128080
06-18 14:46:08.403   892   892 D SurfaceFlinger:      CLIENT | 0xb400007585c9e300 | 0102 | RGBA_8888    |    0.0  438.0  720.0 1162.0 |    0  435  720 1165 | app.netmirror.netmirrornew/app.netmi[...]mirrornew.MainActivity$_21578#128047
06-18 14:46:08.403   892   892 D SurfaceFlinger:      CLIENT | 0xb400007585c2c100 | 0100 | RGBA_8888    |    0.0    0.0  120.0   66.0 |  258  931  324 1052 | AssistantMenuFloatingIconUI$_1687#126621
06-18 14:46:08.403   892   892 D SurfaceFlinger:      CLIENT | 0xb400007562bb4280 | 0002 | RGBA_8888    |    0.0    0.0  720.0 1600.0 |    0    0  720 1600 | RotationLayer#128081
06-18 14:46:08.403   892   892 D SurfaceFlinger: 
06-18 14:46:08.403  1687  1687 I ViewRootImpl@83f9db7[AssistantMenuFloatingIconUI]: handleResized, msg = 4 frames=ClientWindowFrames{frame=[537,0][657,66] display=[45,0][1600,720] parentFrame=[0,0][0,0] parentClippedByDisplayCutout=false} forceNextWindowRelayout=false displayId=0 resizeMode=-1 frameChanged=false displayFrameChanged=false configChanged=false displayChanged=false
06-18 14:46:08.404   892  1416 D NativeSemDvfsManager: acquire:: timeout = 2000 mIsAcquired = 1  mTagName : SurfaceFlinger 
06-18 14:46:08.404   892  1416 E NativeCustomFrequencyManager: [NativeCFMS] BpCustomFrequencyManager::acquire()
06-18 14:46:08.405  1209  1785 I SemDvfsHyPerManager: acquire hyper - AMS_RELAUNCH_RESUME/1209@12, type = -999
06-18 14:46:08.405  1209  1785 D ActivityManagerPerformance: AMP_acquire() RELAUNCH_RESUME
06-18 14:46:08.406   851   912 I HYPER-HAL: [RequestManager.cpp]acquire(): Acquired ID : 1791778  [892 / 1000]    HINT : SF_GPU_MINLOCK    list : [TIMEOUT / 2000] 
06-18 14:46:08.407   851   912 I HYPER-HAL: [RequestManager.cpp]acquire(): Acquired ID : 746043  [1209 / 12]    HINT : AMS_RELAUNCH_RESUME    list : 
06-18 14:46:08.407  1209  1785 W WindowManager: lockNow pending, ignore updating lockscreen timeout
06-18 14:46:08.413 21578 21578 I DecorView: notifyKeepScreenOnChanged: keepScreenOn=false
06-18 14:46:08.414  1714  1773 I ViewRootImpl@d376164[StageCoordinatorSplitDivider]: performTraversals params={(0,0)(135x720) sim={adjust=pan} ty=DOCK_DIVIDER fmt=TRANSLUCENT
06-18 14:46:08.414  1714  1773 I ViewRootImpl@d376164[StageCoordinatorSplitDivider]:   fl=21840028
06-18 14:46:08.414  1714  1773 I ViewRootImpl@d376164[StageCoordinatorSplitDivider]:   pfl=62000040
06-18 14:46:08.414  1714  1773 I ViewRootImpl@d376164[StageCoordinatorSplitDivider]:   bhv=DEFAULT
06-18 14:46:08.414  1714  1773 I ViewRootImpl@d376164[StageCoordinatorSplitDivider]:   fitTypes=STATUS_BARS NAVIGATION_BARS CAPTION_BAR naviIconColor=0}
06-18 14:46:08.416  1714  1773 I ViewRootImpl@d376164[StageCoordinatorSplitDivider]: performTraversals mFirst=true windowShouldResize=true viewVisibilityChanged=false mForceNextWindowRelayout=false params={(0,0)(135x720) sim={adjust=pan} ty=DOCK_DIVIDER fmt=TRANSLUCENT
06-18 14:46:08.416  1714  1773 I ViewRootImpl@d376164[StageCoordinatorSplitDivider]:   fl=21840028
