06-18 14:46:16.287 23521 23521 D CellBroadcastReceiver: onReceive Intent { act=android.intent.action.SERVICE_STATE flg=0x1000010 cmp=com.google.android.cellbroadcastreceiver/com.android.cellbroadcastreceiver.CellBroadcastReceiver (has extras) }
06-18 14:46:16.297 23521 23521 D CellBroadcastReceiver: onServiceStateChanged, ss: 0
06-18 14:46:16.298 23521 23521 D CellBroadcastReceiver: networkOperator: 40410
06-18 14:46:16.303 23521 23521 D CellBroadcastReceiver: update supported roaming operator as 
06-18 14:46:16.308  1209  1830 I ActivityManager: Killing 21406:com.sec.android.app.soundalive/u0a118 (adj 985): empty #25
06-18 14:46:16.317  1209  1249 I libprocessgroup: Successfully killed process cgroup uid 10118 pid 21406 in 7ms
06-18 14:46:16.327   870  2360 I AudioFlinger: removeDlbCodecCallback pid:21406 type:-1
06-18 14:46:16.329   827   827 I Zygote  : Process 21406 exited due to signal 9 (Killed)
06-18 14:46:16.448   396   396 D io_stats: !@ 179,0 r 44809614 790179407 w 18127411 187994444 d 1196669 58392776 f 0 0 iot 25137052 0 th 0 0 0 pt 0 inp 0 0 536677.697
06-18 14:46:16.636  1021  1561 I bauth_FPBAuthService: pcf : 0x1012, 0 ,2 ,0 ,0 ,0 ,2, 7.0.0.1
06-18 14:46:16.636  1021  1561 I bauth_FPBAuthService: thread id : 2, preenroll_flag : 0, nd cnt : 1, cso : 1, et : 0
06-18 14:46:16.636  1021  1561 I bauth_FPBAuthService: FPBAuthService, 11463
06-18 14:46:16.646 27731 27731 I wpa_supplicant: Heartbeat 238
06-18 14:46:16.681 20713 23520 W adbd    : timed out while waiting for FUNCTIONFS_BIND, trying again
06-18 14:46:16.682 20713 23520 I adbd    : UsbFfs: connection terminated: monitor thread finished
06-18 14:46:16.718 20713 20718 I adbd    : opening control endpoint /dev/usb-ffs/adb/ep0
06-18 14:46:16.771  1209  1563 D SemNscXgbMsL1: Probability - Cloud gaming: [0.10266419]
06-18 14:46:16.772  1209  1563 D SemNscXgbMsL1: Probability - Real time: [0.8909555]
06-18 14:46:16.772  1209  1563 D SemNscXgbMsL1: Probability - Non real time: [0.8404697]
06-18 14:46:16.772  1209  1563 D SemNscXgbMsL1: 1 sample inference time: 0.667038 msecs
06-18 14:46:16.773  1209  1563 D SemNscXgbL2Rt: L2 RT 1 sample inference time: 0.915231 msecs
06-18 14:46:16.774  1209  1563 D SemNscXgbL2Nrt: L2 NRT 1 sample inference time: 0.787693 msecs
06-18 14:46:17.263  1714  1821 D MobileStatusTracker(0/7): onSignalStrengthsChanged level=4, vendorLevel=4
06-18 14:46:17.266  1714  1821 D MobileSignalController(0/7): notifyListener: enabled=true, connected=true, dataConnected=false, networkType=LTE (4G), emergencyOnly=false, roaming=false, isDefault=false, dataActivity=, level=4, ca=false, mmWave=false, disabledDataIcon=false, simCard=AIRTEL
06-18 14:46:17.267  1714  1821 D NetworkController: SignalStrength from intent slotId=0
06-18 14:46:17.274  1209  1563 D SemNscXgbMsL1: Probability - Cloud gaming: [0.0442909]
06-18 14:46:17.275  1209  1563 D SemNscXgbMsL1: Probability - Real time: [0.9658672]
06-18 14:46:17.275  1209  1563 D SemNscXgbMsL1: Probability - Non real time: [0.76914376]
06-18 14:46:17.275  1209  1563 D SemNscXgbMsL1: 1 sample inference time: 0.661308 msecs
06-18 14:46:17.276  1209  1563 D SemNscXgbL2Rt: L2 RT 1 sample inference time: 0.798847 msecs
06-18 14:46:17.276  1209  1563 D SemNscXgbL2Nrt: L2 NRT 1 sample inference time: 0.679192 msecs
06-18 14:46:17.636  1021  1561 I bauth_FPBAuthService: pcf : 0x1012, 0 ,2 ,0 ,0 ,0 ,2, 7.0.0.1
06-18 14:46:17.636  1021  1561 I bauth_FPBAuthService: thread id : 2, preenroll_flag : 0, nd cnt : 1, cso : 1, et : 0
06-18 14:46:17.636  1021  1561 I bauth_FPBAuthService: FPBAuthService, 11463
06-18 14:46:17.722 20713 23537 W adbd    : timed out while waiting for FUNCTIONFS_BIND, trying again
06-18 14:46:17.722 20713 23537 I adbd    : UsbFfs: connection terminated: monitor thread finished
06-18 14:46:17.754  1209  1366 D InputReader: Input event(8): value=1 when=536679.004136
06-18 14:46:17.756  1209  1366 D WindowManager: interceptKeyTq keycode=24 interactive=true keyguardActive=false policyFlags=22000000
06-18 14:46:17.757  1209  1366 D SingleKeyGesture: reset counter=1 mActiveRule=KeyCode=KEYCODE_POWER, LongPress=true, MaxMultiPressCount=5 Callers(5)=com.android.server.policy.SingleKeyGestureDetector.interceptKeyDown:453 com.android.server.policy.SingleKeyGestureDetector.interceptKey:399 com.android.server.policy.PhoneWindowManager.handleKeyGesture:5028 com.android.server.policy.PhoneWindowManager.interceptKeyBeforeQueueing:4558 com.android.server.wm.InputManagerCallback.interceptKeyBeforeQueueing:156 
06-18 14:46:17.757  1209  1366 D PhoneWindowManagerExt: interceptKeyTq code=24 down=true repeatCount=0 displayId=-1 interactive=true
06-18 14:46:17.760  1209  1366 D WindowManager: interceptKeyTq interceptKeyResult=1
06-18 14:46:17.760  1209  1366 I EasyMuteController: UnRegister failed. no registered
06-18 14:46:17.760  1209  1366 D VibratorManagerService: Canceling vibration
06-18 14:46:17.761  1209  1234 D CompatibilityChangeReporter: Compat change id reported: 173031413; UID 1000; state: ENABLED
06-18 14:46:17.761  1209  1366 I Telecom:SamsungTelecomServiceImpl: isRinging - callingPackage : android
06-18 14:46:17.764  1209  1366 I Telecom:SamsungTelecomServiceImpl: isInCall - callingPackage : android
06-18 14:46:17.765  1209  1209 D InputDispatcher: Inject key (0/0): action=0, f=0x8, d=-1, time=536679004136000
06-18 14:46:17.765  1209  1365 D PowerManagerService: [api] userActivityFromNative :  (event: 1 flags: 32768 displayId: 0) eventTime = 536679004
06-18 14:46:17.767 20713 20718 I adbd    : opening control endpoint /dev/usb-ffs/adb/ep0
06-18 14:46:17.769  1209  1365 D WindowManager: interceptKeyTi keyCode=24 down=true repeatCount=0 keyguardOn=false canceled=false
06-18 14:46:17.769  1209  1365 D InputDispatcher: We will try again in 136 msec by PWM
06-18 14:46:17.777  1209  1563 D SemNscXgbMsL1: Probability - Cloud gaming: [0.09250818]
06-18 14:46:17.777  1209  1563 D SemNscXgbMsL1: Probability - Real time: [0.9622339]
06-18 14:46:17.778  1209  1563 D SemNscXgbMsL1: Probability - Non real time: [0.77796173]
06-18 14:46:17.778  1209  1563 D SemNscXgbMsL1: 1 sample inference time: 0.598115 msecs
06-18 14:46:17.779  1209  1563 D SemNscXgbL2Rt: L2 RT 1 sample inference time: 0.8635 msecs
06-18 14:46:17.780  1209  1563 D SemNscXgbL2Nrt: L2 NRT 1 sample inference time: 0.950192 msecs
06-18 14:46:17.842  1209 23502 I SystemUiVisibilityPolicyController: handleMessage: entry what = 101
06-18 14:46:17.905  1209  1365 D WindowManager: interceptKeyTi keyCode=24 down=true repeatCount=0 keyguardOn=false canceled=false
06-18 14:46:17.907  1209  1365 D PhoneWindowManagerExt: interceptKeyTi code=24 down=true repeatCount=0 displayId=-1 interactive=true
06-18 14:46:17.912  1209  1365 I InputDispatcher: Delivering key to (21578): VU action: 0x0 (0), f=0x8, m=0x0, d=0, '2d36320'
06-18 14:46:17.912  3867  3867 I HBD     : b skip onKeyDown as physical keyboard not connected 
06-18 14:46:17.913  3867  3867 I HBD     : HoneyBoardService onKeyDown r:0611876e consumed:false 1 
06-18 14:46:17.914 21578 21578 I ViewRootImpl@32f1b[MainActivity]: ViewPostIme key 0
06-18 14:46:17.929  1209  1964 D MediaSessionService: dispatchVolumeKeyEvent, pkg=app.netmirror.netmirrornew, opPkg=app.netmirror.netmirrornew, pid=21578, uid=10633, asSystem=true, event=KeyEvent { action=ACTION_DOWN, keyCode=KEYCODE_VOLUME_UP, scanCode=115, metaState=0, flags=0x8, repeatCount=0, eventTime=536679004136000, downTime=536679004136000, deviceId=3, source=0x101, displayId=-1 }, stream=-2147483648, musicOnly=false
06-18 14:46:17.930  1209  1964 D MediaSessionService: Adjusting suggestedStream=-2147483648 by 1. flags=4113, preferSuggestedStream=false, session=null
06-18 14:46:17.930  1209  1366 D InputReader: Input event(8): value=0 when=536679.180124
06-18 14:46:17.931  1209  1209 D AS.AudioService: adjustSuggestedStreamVolume() stream=-2147483648, flags=4113, caller=android, volControlStream=-1, userSelect=false
06-18 14:46:17.931  1209  1366 D WindowManager: interceptKeyTq keycode=24 interactive=true keyguardActive=false policyFlags=22000000
06-18 14:46:17.931  1209  1366 D PhoneWindowManagerExt: interceptKeyTq code=24 down=false repeatCount=0 displayId=-1 interactive=true
06-18 14:46:17.931  1209  1366 D WindowManager: interceptKeyTq interceptKeyResult=1
06-18 14:46:17.932  1209  1209 I Telecom:SamsungTelecomServiceImpl: isInCall - callingPackage : android
06-18 14:46:17.933  1209  1209 I Telecom:SamsungTelecomServiceImpl: isInCall - callingPackage : android
06-18 14:46:17.934   870  2397 V APM_AudioPolicyManager: getAudioPolicyConfig: audioParam;l_stream_active
06-18 14:46:17.934  1209  1209 V AS.AudioHelper: getActiveStreamTypeInternal: forcing STREAM_MUSIC
06-18 14:46:17.935  1209  1209 D AS.AudioService: adjustStreamVolume() stream=3, dir=1, flags=4113, caller=android
06-18 14:46:17.937  1209  1209 I Telecom:SamsungTelecomServiceImpl: isInCall - callingPackage : android
06-18 14:46:17.940   870  2397 V APM_AudioPolicyManager: getAudioPolicyConfig: audioParam;l_fmradio_record_active
06-18 14:46:17.948  1209  1209 D BluetoothA2dp: getActiveDevice()
06-18 14:46:17.953  1209  1209 D AS.AudioService: isBluetoothDualModeActive=false
06-18 14:46:17.954  1209  1209 D BluetoothA2dp: getActiveDevice()
06-18 14:46:17.959  1209  1209 D AS.AudioService: isBluetoothDualModeActive=false
06-18 14:46:17.965  1209  1209 D BluetoothA2dp: getActiveDevice()
06-18 14:46:17.969  1209  1209 D AS.AudioService: isBluetoothDualModeActive=false
06-18 14:46:17.969  1209  1526 D BluetoothA2dp: getActiveDevice()
06-18 14:46:17.970  1209  1209 D AS.AudioService: adjustSreamVolume: postSetAvrcpAbsoluteVolumeIndex index=30stream=3
06-18 14:46:17.972  1209  1527 I AS.BtHelper: setAvrcpAbsoluteVolumeIndex index=30
06-18 14:46:17.973  1209  1527 D BluetoothA2dp: setA2dpMediaVolume(4142A2_3) gain : 0.0089125, volume : 30
06-18 14:46:17.973  1209  1527 D BluetoothA2dp: getActiveDevice()
06-18 14:46:17.974  1209  1526 D AS.AudioService: isBluetoothDualModeActive=false
06-18 14:46:17.977 27630 31248 D A2dpService: setA2dpMediaVolume 4142A2_3 gain : 0.0089125, volume : 30
06-18 14:46:17.977 27630 31248 D AvrcpTargetService: isAVCSupported: device=4142A2_3
06-18 14:46:17.978 27630 31248 W LeAudioService: getLeAudioService(): service is NULL
06-18 14:46:17.978 27630 31248 D AvrcpVolumeManager: 4142A2_3 - 30 (set)
06-18 14:46:17.979 27630 31248 D AvrcpTargetJni: sendVolumeChangedNative
06-18 14:46:17.979 27630 31248 E bt_btif : set_device_volume bd_addr 4142a2_3 gain 1.00
06-18 14:46:17.979 27630 28093 I bt_stack: [INFO:device.cc(1030)]  : 4142a2 : SetVolume: volume=26
06-18 14:46:17.979 27630 28093 I bt_stack: [INFO:connection_handler.cc(787)] SendMessage to handle=0000, ctype: 0000
06-18 14:46:17.979 27630 28093 E bt_btif : SetVolume: peer 4142a2_3 gain 1.00
06-18 14:46:17.979 27630 28093 W bt_btif : bta_av_set_volume 64 65 gain 1.00 4142a2_3
06-18 14:46:17.979 27630 28093 W bt_btif : bta_av_set_volume 64 65 gain skip 0.00 000000_0
06-18 14:46:17.981  1209  1526 D BluetoothA2dp: getActiveDevice()
06-18 14:46:17.986  1209  1526 D AS.AudioService: isBluetoothDualModeActive=false
06-18 14:46:17.987   870  2397 V APM_AudioPolicyManager: setStreamVolumeIndex: stream AUDIO_STREAM_ACCESSIBILITY attributes={ Content type: AUDIO_CONTENT_TYPE_UNKNOWN Usage: AUDIO_USAGE_ASSISTANCE_ACCESSIBILITY Source: AUDIO_SOURCE_DEFAULT Flags: 0x0 Tags:  }
06-18 14:46:17.987   870  2397 V APM_AudioPolicyManager: setVolumeIndexForAttributes: group 1 matching with { Content type: AUDIO_CONTENT_TYPE_UNKNOWN Usage: AUDIO_USAGE_ASSISTANCE_ACCESSIBILITY Source: AUDIO_SOURCE_DEFAULT Flags: 0x0 Tags:  }
06-18 14:46:17.987   870  2397 V APM_AudioPolicyManager: setVolumeCurveIndex device 00000080, index 15
06-18 14:46:17.988  1209  1526 D BluetoothA2dp: getActiveDevice()
06-18 14:46:17.992  1209  1526 D AS.AudioService: isBluetoothDualModeActive=false
06-18 14:46:17.992   870  2397 V APM_AudioPolicyManager: setStreamVolumeIndex: stream AUDIO_STREAM_TTS attributes={ Content type: AUDIO_CONTENT_TYPE_UNKNOWN Usage: AUDIO_USAGE_UNKNOWN Source: AUDIO_SOURCE_DEFAULT Flags: 0x8 Tags:  }
06-18 14:46:17.992   870  2397 V APM_AudioPolicyManager: setVolumeIndexForAttributes: group 12 matching with { Content type: AUDIO_CONTENT_TYPE_UNKNOWN Usage: AUDIO_USAGE_UNKNOWN Source: AUDIO_SOURCE_DEFAULT Flags: 0x8 Tags:  }
06-18 14:46:17.992   870  2397 V APM_AudioPolicyManager: setVolumeCurveIndex device 00000080, index 15
06-18 14:46:17.993   870  2397 V APM_AudioPolicyManager: setStreamVolumeIndex: stream AUDIO_STREAM_TTS attributes={ Content type: AUDIO_CONTENT_TYPE_UNKNOWN Usage: AUDIO_USAGE_UNKNOWN Source: AUDIO_SOURCE_DEFAULT Flags: 0x8 Tags:  }
06-18 14:46:17.993   870  2397 V APM_AudioPolicyManager: setVolumeIndexForAttributes: group 12 matching with { Content type: AUDIO_CONTENT_TYPE_UNKNOWN Usage: AUDIO_USAGE_UNKNOWN Source: AUDIO_SOURCE_DEFAULT Flags: 0x8 Tags:  }
06-18 14:46:17.993   870  2397 V APM_AudioPolicyManager: setVolumeCurveIndex device 00000001, index 3
06-18 14:46:17.994   870  2397 V APM_AudioPolicyManager: setStreamVolumeIndex: stream AUDIO_STREAM_TTS attributes={ Content type: AUDIO_CONTENT_TYPE_UNKNOWN Usage: AUDIO_USAGE_UNKNOWN Source: AUDIO_SOURCE_DEFAULT Flags: 0x8 Tags:  }
06-18 14:46:17.994   870  2397 V APM_AudioPolicyManager: setVolumeIndexForAttributes: group 12 matching with { Content type: AUDIO_CONTENT_TYPE_UNKNOWN Usage: AUDIO_USAGE_UNKNOWN Source: AUDIO_SOURCE_DEFAULT Flags: 0x8 Tags:  }
06-18 14:46:17.995   870  2397 V APM_AudioPolicyManager: setVolumeCurveIndex device 00000002, index 3
06-18 14:46:17.996   870  2397 V APM_AudioPolicyManager: setAudioPolicyConfig: audioParam;l_volume_fine_key;index=150;device=128
06-18 14:46:17.996   870  2397 V APM_AudioPolicyManager: setSemStreamVolumeIndex: stream AUDIO_STREAM_MUSIC attributes={ Content type: AUDIO_CONTENT_TYPE_UNKNOWN Usage: AUDIO_USAGE_MEDIA Source: AUDIO_SOURCE_DEFAULT Flags: 0x0 Tags:  }
06-18 14:46:17.996   870  2397 V APM_AudioPolicyManager: setVolumeIndexForAttributes: group 6 matching with { Content type: AUDIO_CONTENT_TYPE_UNKNOWN Usage: AUDIO_USAGE_MEDIA Source: AUDIO_SOURCE_DEFAULT Flags: 0x0 Tags:  }
06-18 14:46:17.996   870  2397 V APM_AudioPolicyManager: setVolumeCurveIndex device 00000080, index 15
06-18 14:46:17.997   870  2397 V APM_AudioPolicyManager: computeVolume: stream 3, index 15, volume 1.000000, deviceTypes 0x80
06-18 14:46:17.997   870  2397 V APM_AudioPolicyManager: computeVolume: stream 3, index 15, volume 1.000000, deviceTypes 0x80
06-18 14:46:17.999   870  2397 V APM_AudioPolicyManager: getNewOutputDevices selected devices AUDIO_DEVICE_NONE
06-18 14:46:17.999   870  2397 V APM_AudioPolicyManager: getNewOutputDevices selected devices {AUDIO_DEVICE_OUT_BLUETOOTH_A2DP, @:SUPPRESSED}
06-18 14:46:17.999   870  2397 V APM_AudioPolicyManager: computeVolume: stream 3, index 15, volume 1.000000, deviceTypes 0x80
06-18 14:46:17.999   870  2397 V APM_AudioPolicyManager: computeVolume: stream 3, index 15, volume 1.000000, deviceTypes 0x80
06-18 14:46:18.000  1209  1209 D InputDispatcher: Inject key (0/0): action=1, f=0x8, d=-1, time=536679180124000
06-18 14:46:18.001   870  2397 V APM_AudioPolicyManager: computeVolume: stream 3, index 15, volume 1.000000, deviceTypes 0x80
06-18 14:46:18.001   870  2397 V APM_AudioPolicyManager: computeVolume: stream 3, index 15, volume 1.000000, deviceTypes 0x80
06-18 14:46:18.001  1209  1365 D WindowManager: interceptKeyTi keyCode=24 down=false repeatCount=0 keyguardOn=false canceled=false
06-18 14:46:18.001  1209  1365 D PhoneWindowManagerExt: interceptKeyTi code=24 down=false repeatCount=0 displayId=-1 interactive=true
06-18 14:46:18.002  1209  1365 I InputDispatcher: Delivering key to (21578): VU action: 0x1 (0), f=0x8, m=0x0, d=0, '2d36320'
06-18 14:46:18.003  3867  3867 I HBD     : HoneyBoardService onKeyUp r:e2d4da23 consumed:false 0 
06-18 14:46:18.003   870 21383 D AudioFlinger: ro.audio.silent is ignored since no output device is set
06-18 14:46:18.003  1209  1526 I AS.AudioService: fine volume : l_volume_fine_key;index=150;device=128
06-18 14:46:18.004 21578 21578 I ViewRootImpl@32f1b[MainActivity]: ViewPostIme key 1
06-18 14:46:18.005  1209  3640 D MediaSessionService: dispatchVolumeKeyEvent, pkg=app.netmirror.netmirrornew, opPkg=app.netmirror.netmirrornew, pid=21578, uid=10633, asSystem=true, event=KeyEvent { action=ACTION_UP, keyCode=KEYCODE_VOLUME_UP, scanCode=115, metaState=0, flags=0x8, repeatCount=0, eventTime=536679180124000, downTime=536679004136000, deviceId=3, source=0x101, displayId=-1 }, stream=-2147483648, musicOnly=false
06-18 14:46:18.005  1209  3640 D MediaSessionService: Adjusting suggestedStream=-2147483648 by 0. flags=4116, preferSuggestedStream=false, session=null
06-18 14:46:18.005  1209  1209 D AS.AudioService: adjustSuggestedStreamVolume() stream=-2147483648, flags=4116, caller=android, volControlStream=-1, userSelect=false
06-18 14:46:18.006  1209  1209 I Telecom:SamsungTelecomServiceImpl: isInCall - callingPackage : android
06-18 14:46:18.007  1209  1209 I Telecom:SamsungTelecomServiceImpl: isInCall - callingPackage : android
06-18 14:46:18.008   870  2397 V APM_AudioPolicyManager: getAudioPolicyConfig: audioParam;l_stream_active
06-18 14:46:18.008  1209  1209 V AS.AudioHelper: getActiveStreamTypeInternal: forcing STREAM_MUSIC
06-18 14:46:18.009  1209  1209 D AS.AudioService: adjustStreamVolume() stream=3, dir=0, flags=4116, caller=android
06-18 14:46:18.009  1209  1209 I Telecom:SamsungTelecomServiceImpl: isInCall - callingPackage : android
06-18 14:46:18.010 27630 28093 I bt_stack: [INFO:connection_handler.cc(580)] Message received on handle 0000
06-18 14:46:18.010 27630 28093 I bt_stack: [INFO:device.cc(1382)]  : 4142a2 : MessageReceived: opcode=Opcode::VENDOR
06-18 14:46:18.010 27630 28093 I bt_stack: [INFO:device.cc(190)]  : 4142a2 : VendorPacketHandler: pdu=CommandPdu::SET_ABSOLUTE_VOLUME
06-18 14:46:18.010 27630 28093 I bt_stack: [INFO:device.cc(248)] VendorPacketHandler: SET_ABSOLUTE_VOLUME=0x02, volume_: 0x1a, last vol: 0x1a
06-18 14:46:18.011  1714  2288 I vol.Events: writeEvent active_stream_changed STREAM_MUSIC
06-18 14:46:18.012  1209  3640 D AS.AudioService: forceVolumeControlStream(3)
06-18 14:46:18.013  1714  2288 I vol.Events: writeEvent level_changed STREAM_MUSIC 300
06-18 14:46:18.013  1714  2288 D vol.VolumeDialogControl: onVolumeChangedW stream = 3, flags = 135185, lastAudibleStreamVolume = 300, changed = true, showUI = true, dualAudio = false
06-18 14:46:18.014  1714  2288 D SystemUIAnalytics: sendEventLog , 
06-18 14:46:18.014  1714  1714 D SecVolume.SecVolumeStore: dispatch [ACTION_STATE_CHANGED] with [STATE_NO_DISPATCH]
06-18 14:46:18.014  1714  1714 D SmartViewInteractor: isSmartViewEnabled=false
06-18 14:46:18.015  1714  1714 D BluetoothA2dp: getActiveDevice()
06-18 14:46:18.016  1714  2288 I vol.Events: writeEvent key STREAM_MUSIC 300
06-18 14:46:18.024  1714  2288 D vol.VolumeDialogControl: onVolumeChangedW stream = 3, flags = 4112, lastAudibleStreamVolume = 300, changed = false, showUI = false, dualAudio = false
06-18 14:46:18.024  1714  5771 D SamsungAnalytics605033: SendLog Result = 0
06-18 14:46:18.025  1714  1714 D SecVolume.SecVolumeStore:   > New State : [STATE_UPDATE]
06-18 14:46:18.028  1714  1714 D SecVolume.JSonLogger: applyVolumeRow 3:{"mBool":{"DYNAMIC":false,"ACTIVE_NOW":false,"ICON_ENABLED":false,"SLIDER_ENABLED":true,"ICON_CLICKABLE":true,"VISIBILITY":true,"TRACKING":false,"MUTED":false,"IMPORTANT":true,"ROUTED_TO_BLUETOOTH":true},"mInt":{"LEVEL":300,"REAL_LEVEL":300,"ORIGINAL_PRIORITY":5,"LEVEL_MIN":0,"LEVEL_MAX":15,"PRIORITY":0,"EAR_PROTECT_LEVEL":-1,"ICON_TYPE":2,"AUDIBLE_LEVEL":300},"mLong":{"USER_ATTEMPT_TIME":261213150},"mStreamType":3,"mString":{"REMOTE_LABEL":"Airdrops 171 x","NAME_RES":"com.android.systemui:string/volumepanel_media","DUAL_BT_DEVICE_ADDRESS":"41:42:A2:38:B9:A3"}}
06-18 14:46:18.028  1714  1714 D SecVolume.SecVolumeStore: dispatch [ACTION_PANEL_SHOW] with [STATE_UPDATE]
06-18 14:46:18.033  1209  1832 V AS.AudioDeviceBroker: requestedCommunicationDevice, device: null mode owner pid: 0
06-18 14:46:18.033  1209  1832 D AS.AudioDeviceBroker: updateActiveCommunicationDevice mActiveCommunicationDevice = 8
06-18 14:46:18.034  1209  1832 D AS.AudioService: getCommunicationDevice deviceType = 8
06-18 14:46:18.034   870  2397 V APM_AudioPolicyManager: listAudioPorts() role 0 type 0 num_ports 0 ports 0xb400007d2ffcec38
06-18 14:46:18.034   870  2397 V APM_AudioPolicyManager: listAudioPorts() got 0 ports needed 14
06-18 14:46:18.034   870  2397 V APM_AudioPolicyManager: listAudioPorts() role 0 type 0 num_ports 14 ports 0xb400007d0c9cd640
06-18 14:46:18.035   870  2397 V APM_AudioPolicyManager: listAudioPorts() got 14 ports needed 14
06-18 14:46:18.039  1714  1714 D AudioManagerController: device=80, pinDevice=0, isSmartView=false, isImportant=false
06-18 14:46:18.045  1714  1714 D SecVolume.SecVolumeStore:   > New State : [STATE_SHOW]
06-18 14:46:18.045  1714 23539 E ActivityThread: Failed to find provider info for com.samsung.android.bixby.agent.settings
06-18 14:46:18.047  1209  1832 D PowerManagerService: [api] userActivity : event: 0 flags: 0 (uid: 10065 pid: 1714) eventTime = 536679296 displayId = 0
06-18 14:46:18.049  1209  1832 D AS.AudioService: Volume controller visible: true
06-18 14:46:18.078  1714  1714 I DecorView: getCurrentDensityDpi: from app context. densityDpi=300 msg=remove_caption
06-18 14:46:18.079  1714  1714 I DecorView: [INFO] isPopOver=false config=true
06-18 14:46:18.079  1714  1714 I DecorView: updateCaptionType: isFloating=true isApplication=false hasWindowDecorCaption=false this=DecorView@5f7cd5[VolumePanelView]
06-18 14:46:18.079  1714  1714 D DecorView: setCaptionType = 0, this = DecorView@5f7cd5[VolumePanelView]
06-18 14:46:18.081  1714  1714 I MSHandlerLifeCycle: check: return. pkg=com.android.systemui isActivity=false callers=com.android.internal.policy.DecorView.onConfigurationChanged:3363 android.view.View.dispatchConfigurationChanged:16145 android.view.ViewGroup.dispatchConfigurationChanged:1646 android.app.Dialog.show:467 com.android.systemui.volume.view.VolumePanelView.onShow:326 
06-18 14:46:18.081  1714  1714 I MSHandlerLifeCycle: removeMultiSplitHandler: no exist. decor=DecorView@5f7cd5[VolumePanelView]
06-18 14:46:18.085  1714  1792 D NativeCustomFrequencyManager: [NativeCFMS] BpCustomFrequencyManager::BpCustomFrequencyManager()
06-18 14:46:18.086  1714  1714 I DecorView: notifyKeepScreenOnChanged: keepScreenOn=false
06-18 14:46:18.088   892  1074 I SurfaceFlinger: id=128101 createSurf flag=80004, WindowToken{583e26c type=2020 android.os.BinderProxy@2651f1f}#128101
06-18 14:46:18.089  1209  1832 D InputTransport: Input channel constructed: '3ac8035', fd=745
06-18 14:46:18.089  1209  1832 D InputTransport: Input channel constructed: '3ac8035', fd=749
06-18 14:46:18.090  1209  1832 D InputTransport: Input channel constructed: '3ac8035', fd=765
06-18 14:46:18.090   892  1074 I SurfaceFlinger: id=128102 createSurf flag=80004, 3ac8035 VolumePanelView#128102
06-18 14:46:18.091  1209  1832 D InputTransport: Input channel destroyed: '3ac8035', fd=765
06-18 14:46:18.093  1714  1714 D InsetsController: onStateChanged: InsetsState: {mDisplayFrame=Rect(0, 0 - 1600, 720), mDisplayCutout=DisplayCutout{insets=Rect(45, 0 - 0, 0) waterfall=Insets{left=0, top=0, right=0, bottom=0} boundingRect={Bounds=[Rect(0, 272 - 45, 448), Rect(0, 0 - 0, 0), Rect(0, 0 - 0, 0), Rect(0, 0 - 0, 0)]} cutoutPathParserInfo={CutoutPathParserInfo{displayWidth=720 displayHeight=1600 physicalDisplayWidth=720 physicalDisplayHeight=1600 density={1.875} cutoutSpec={M 0,0 H -88 V 45 H 88 V 0 H 0 Z} rotation={1} scale={1.0} physicalPixelDisplaySizeRatio={1.0}}}}, mRoundedCorners=RoundedCorners{[RoundedCorner{position=TopLeft, radius=60, center=Point(60, 60)}, RoundedCorner{position=TopRight, radius=60, center=Point(1540, 60)}, RoundedCorner{position=BottomRight, radius=60, center=Point(1540, 660)}, RoundedCorner{position=BottomLeft, radius=60, center=Point(60, 660)}]}  mRoundedCornerFrame=Rect(0, 0 - 0, 0), mPrivacyIndicatorBounds=PrivacyIndicatorBounds {static bounds=Rect(1517, 0 - 1600, 45) rotation=1}, mSources= { InsetsSource: {mType=ITYPE_NAVIGATION_BAR, mFrame=[0,692][1600,720], mVisible=false, mInsetsRoundedCornerFrame=false}, InsetsSource: {mType=ITYPE_LEFT_GESTURES, mFrame=[0,0][138,720], mVisible=true, mInsetsRoundedCornerFrame=false}, InsetsSource: {mType=ITYPE_RIGHT_GESTURES, mFrame=[1544,0][1600,720], mVisible=true, mInsetsRoundedCornerFrame=false}, InsetsSource: {mType=ITYPE_TOP_MANDATORY_GESTURES, mFrame=[0,0][1600,45], mVisible=true, mInsetsRoundedCornerFrame=false}, InsetsSource: {mType=ITYPE_BOTTOM_MANDATORY_GESTURES, mFrame=[0,660][1600,720], mVisible=true, mInsetsRoundedCornerFrame=false}, InsetsSource: {mType=ITYPE_LEFT_DISPLAY_CUTOUT, mFrame=[0,0][45,720], mVisible=true, mInsetsRoundedCornerFrame=false}, InsetsSource: {mType=ITYPE_TOP_DISPLAY_CUTOUT, mFrame=[0,0][1600,-100000], mVisible=true, mInsetsRoundedCornerFrame=false}, InsetsSource: {mType=ITYPE_RIGHT_DISPLAY_CUTOUT, mFrame=[100000,0][1600,720], mVisible=true, mInsetsRoundedCornerFrame=false}, InsetsSource: {mType=ITYPE_BOTTOM_DISPLAY_CUTOUT, mFrame=[0,100000][1600,720], mVisible=true, mInsetsRoundedCornerFrame=false}, InsetsSource: {mType=ITYPE_BOTTOM_TAPPABLE_ELEMENT, mFrame=[0,0][0,0], mVisible=true, mInsetsRoundedCornerFrame=false} } host=VolumePanelView from=android.view.ViewRootImpl.setView:1732
06-18 14:46:18.096  1209  1832 D CoreBackPreview: Window{3ac8035 u0 VolumePanelView}: Setting back callback OnBackInvokedCallbackInfo{mCallback=android.window.IOnBackInvokedCallback$Stub$Proxy@6468e3b, mPriority=0}
06-18 14:46:18.099  1714  1714 I ViewRootImpl@ce82c6f[VolumePanelView]: setView = com.android.internal.policy.DecorView@5f7cd5 TM=true
06-18 14:46:18.099  1714  1714 D SecVolume.SecVolumeStore: dispatch [ACTION_CAPTION_COMPONENT_CHANGED] with [STATE_SHOW]
06-18 14:46:18.100  1714  1714 D SecVolume.SecVolumeStore:   > New State : [STATE_CAPTION_COMPONENT_CHANGED]
06-18 14:46:18.103  1209  1270 D PowerManagerService: UserActivityStateListenerState: 0
06-18 14:46:18.105  1714  1714 D VolumePanelView: enableRefreshRateMinLimit
06-18 14:46:18.108  1714  1714 I ViewRootImpl@ce82c6f[VolumePanelView]: performTraversals params={(0,129)(wrapxwrap) gr=TOP RIGHT CENTER sim={adjust=pan forwardNavigation} ty=VOLUME_OVERLAY fmt=TRANSPARENT wanim=0xffffffff surfaceInsets=Rect(5, 5 - 5, 5)
06-18 14:46:18.108  1714  1714 I ViewRootImpl@ce82c6f[VolumePanelView]:   fl=58c0528
06-18 14:46:18.108  1714  1714 I ViewRootImpl@ce82c6f[VolumePanelView]:   pfl=12000000
06-18 14:46:18.108  1714  1714 I ViewRootImpl@ce82c6f[VolumePanelView]:   vsysui=500
06-18 14:46:18.108  1714  1714 I ViewRootImpl@ce82c6f[VolumePanelView]:   bhv=SHOW_TRANSIENT_BARS_BY_SWIPE
06-18 14:46:18.108  1714  1714 I ViewRootImpl@ce82c6f[VolumePanelView]:   fitTypes=NAVIGATION_BARS
06-18 14:46:18.108  1714  1714 I ViewRootImpl@ce82c6f[VolumePanelView]:  dimAmount=0.65 dimDuration=150 naviIconColor=0}
06-18 14:46:18.109  1714  1714 I ViewRootImpl@ce82c6f[VolumePanelView]: performTraversals mFirst=true windowShouldResize=false viewVisibilityChanged=false mForceNextWindowRelayout=false params={(0,129)(wrapxwrap) gr=TOP RIGHT CENTER sim={adjust=pan forwardNavigation} ty=VOLUME_OVERLAY fmt=TRANSPARENT wanim=0xffffffff surfaceInsets=Rect(5, 5 - 5, 5)
06-18 14:46:18.109  1714  1714 I ViewRootImpl@ce82c6f[VolumePanelView]:   fl=58c0528
06-18 14:46:18.109  1714  1714 I ViewRootImpl@ce82c6f[VolumePanelView]:   pfl=12000000
06-18 14:46:18.109  1714  1714 I ViewRootImpl@ce82c6f[VolumePanelView]:   vsysui=500
06-18 14:46:18.109  1714  1714 I ViewRootImpl@ce82c6f[VolumePanelView]:   bhv=SHOW_TRANSIENT_BARS_BY_SWIPE
06-18 14:46:18.109  1714  1714 I ViewRootImpl@ce82c6f[VolumePanelView]:   fitTypes=NAVIGATION_BARS
06-18 14:46:18.109  1714  1714 I ViewRootImpl@ce82c6f[VolumePanelView]:  dimAmount=0.65 dimDuration=150 naviIconColor=0}
06-18 14:46:18.109  1209  1832 V WindowManager: Relayout Window{3ac8035 u0 VolumePanelView}: viewVisibility=0 req=138x476 d0
06-18 14:46:18.110  1209  1832 D RestrictionPolicy: isScreenCaptureEnabled : ret=true userId=0
06-18 14:46:18.110   892   937 I SurfaceFlinger: id=128103 createSurf flag=40004, VolumePanelView$_1714#128103
06-18 14:46:18.111  1209  1832 D WindowManager: makeSurface duration=1 name=VolumePanelView$_1714
06-18 14:46:18.112  1209  1832 W WindowManager: lockNow pending, ignore updating lockscreen timeout
06-18 14:46:18.115  1209  1832 V WindowManager: Relayout hash=3ac8035, pid=1714, syncId=-1: mAttrs={(0,129)(wrapxwrap) gr=TOP RIGHT CENTER sim={adjust=pan forwardNavigation} ty=VOLUME_OVERLAY fmt=TRANSPARENT wanim=0xffffffff surfaceInsets=Rect(5, 5 - 5, 5)
06-18 14:46:18.115  1209  1832 V WindowManager:   fl=58c0528
06-18 14:46:18.115  1209  1832 V WindowManager:   pfl=12000000
06-18 14:46:18.115  1209  1832 V WindowManager:   vsysui=500
06-18 14:46:18.115  1209  1832 V WindowManager:   bhv=SHOW_TRANSIENT_BARS_BY_SWIPE
06-18 14:46:18.115  1209  1832 V WindowManager:   fitTypes=NAVIGATION_BARS
06-18 14:46:18.115  1209  1832 V WindowManager:  dimAmount=0.65 dimDuration=150 naviIconColor=0}
06-18 14:46:18.117  1714  1714 I ViewRootImpl@ce82c6f[VolumePanelView]: updateBlastSurfaceIfNeeded mBlastBufferQueue=null isSameSurfaceControl=false
06-18 14:46:18.118  1714  1714 I BLASTBufferQueue: new BLASTBufferQueue, mName= ViewRootImpl@ce82c6f[VolumePanelView] mNativeObject= 0xb400007bc8c99500 sc.mNativeObject= 0xb400007bbe6a5f20 caller= android.view.ViewRootImpl.updateBlastSurfaceIfNeeded:2909 android.view.ViewRootImpl.relayoutWindow:9847 android.view.ViewRootImpl.performTraversals:3884 android.view.ViewRootImpl.doTraversal:3116 android.view.ViewRootImpl$TraversalRunnable.run:10885 android.view.Choreographer$CallbackRecord.run:1301 android.view.Choreographer$CallbackRecord.run:1309 android.view.Choreographer.doCallbacks:923 android.view.Choreographer.doFrame:852 android.view.Choreographer$FrameDisplayEventReceiver.run:1283 
06-18 14:46:18.118  1714  1714 I BLASTBufferQueue: update, w= 148 h= 486 mName = ViewRootImpl@ce82c6f[VolumePanelView] mNativeObject= 0xb400007bc8c99500 sc.mNativeObject= 0xb400007bbe6a5f20 format= -2 caller= android.graphics.BLASTBufferQueue.<init>:84 android.view.ViewRootImpl.updateBlastSurfaceIfNeeded:2909 android.view.ViewRootImpl.relayoutWindow:9847 android.view.ViewRootImpl.performTraversals:3884 android.view.ViewRootImpl.doTraversal:3116 android.view.ViewRootImpl$TraversalRunnable.run:10885 
06-18 14:46:18.119  1714  1714 I ViewRootImpl@ce82c6f[VolumePanelView]: Relayout returned: old=(45,0,1600,720) new=(1462,129,1600,605) req=(138,476)0 dur=8 res=0x3 s={true 0xb400007bb09ff800} ch=true seqId=0
06-18 14:46:18.120  1714  1714 I ViewRootImpl@ce82c6f[VolumePanelView]: mThreadedRenderer.initialize() mSurface={isValid=true 0xb400007bb09ff800} hwInitialized=true
06-18 14:46:18.121  1714  1792 D OpenGLRenderer: eglCreateWindowSurface
06-18 14:46:18.123  1714  1714 I ViewRootImpl@ce82c6f[VolumePanelView]: reportNextDraw android.view.ViewRootImpl.performTraversals:4438 android.view.ViewRootImpl.doTraversal:3116 android.view.ViewRootImpl$TraversalRunnable.run:10885 android.view.Choreographer$CallbackRecord.run:1301 android.view.Choreographer$CallbackRecord.run:1309 
06-18 14:46:18.123  1714  1714 I ViewRootImpl@ce82c6f[VolumePanelView]: Setup new sync id=0
06-18 14:46:18.123  1714  1714 I ViewRootImpl@ce82c6f[VolumePanelView]: Setting syncFrameCallback
06-18 14:46:18.123  1714  1714 I ViewRootImpl@ce82c6f[VolumePanelView]: registerCallbacksForSync syncBuffer=false
06-18 14:46:18.125  1714  1833 I ViewRootImpl@ce82c6f[VolumePanelView]: Received frameDrawingCallback syncResult=0 frameNum=1.
06-18 14:46:18.125  1714  1833 I ViewRootImpl@ce82c6f[VolumePanelView]: Setting up sync and frameCommitCallback
06-18 14:46:18.129  1714  1792 I BLASTBufferQueue: [ViewRootImpl@ce82c6f[VolumePanelView]#9323](f:0,a:0) onFrameAvailable the first frame is available
06-18 14:46:18.130  1714  1792 I ViewRootImpl@ce82c6f[VolumePanelView]: Received frameCommittedCallback lastAttemptedDrawFrameNum=1 didProduceBuffer=true
06-18 14:46:18.132  1714  1792 D OpenGLRenderer: CFMS:: SetUp Pid : 1714    Tid : 1792
06-18 14:46:18.134  1714  1714 I ViewRootImpl@ce82c6f[VolumePanelView]: onSyncComplete
06-18 14:46:18.134  1714  1714 I ViewRootImpl@ce82c6f[VolumePanelView]: setupSync seqId=0 mSyncId=0 fn=1 caller=android.view.ViewRootImpl$$ExternalSyntheticLambda11.accept:6 android.window.SurfaceSyncer.lambda$setupSync$1$android-window-SurfaceSyncer:128 android.window.SurfaceSyncer$$ExternalSyntheticLambda1.accept:8 android.window.SurfaceSyncer$SyncSet.checkIfSyncIsComplete:382 android.window.SurfaceSyncer$SyncSet.markSyncReady:359 android.window.SurfaceSyncer.markSyncReady:151 android.view.ViewRootImpl.performTraversals:4503 
06-18 14:46:18.134  1714  1714 I ViewRootImpl@ce82c6f[VolumePanelView]: reportDrawFinished seqId=0 mSyncId=-1 fn=1 mSurfaceChangedTransaction=0xb400007bf1ef5300
06-18 14:46:18.136  1209  1830 D WindowManager: finishDrawingWindow: Window{3ac8035 u0 VolumePanelView} mDrawState=DRAW_PENDING seqId=0
06-18 14:46:18.137  1209  1832 D WindowManager: takeScreenshotToTargetWindow: display=0, target=2036, containsTarget=true, crop=Rect(162, 1497 - 556, 1565), w=394, h=68, useIdentityTransform=true, ignorePolicy=true, caller=com.android.server.wm.WindowManagerService.takeScreenshotToTargetWindow:11226 android.view.IWindowManager$Stub.onTransact:3755 com.android.server.wm.WindowManagerService.onTransact:1608 
06-18 14:46:18.138  1209  1237 W WindowManager: lockNow pending, ignore updating lockscreen timeout
06-18 14:46:18.148  1209  1237 E system_server: No package ID ff found for ID 0xffffffff.
06-18 14:46:18.148  1209  1237 V WindowManager: performShowLocked: mDrawState=HAS_DRAWN in Window{3ac8035 u0 VolumePanelView}
06-18 14:46:18.151  1209  1832 D WindowManager: takeScreenshotToTargetWindow: targetSurface=null, sourceCrop=Rect(162, 1497 - 556, 1565)
06-18 14:46:18.160   892   892 I Layer   : Layer [VolumePanelView$_1714#128103] hidden!! flag(0)
06-18 14:46:18.164   892   892 D SurfaceFlinger: Display 0 HWC layers:
06-18 14:46:18.164   892   892 D SurfaceFlinger:      DEVICE | 0xb400007556b3ee80 | 0102 | RGBA_8888    |    0.0    0.0  720.0 1600.0 |    0    0  720 1600 | app.netmirror.netmirrornew/app.netmi[...]mirrornew.MainActivity$_21578#128047
06-18 14:46:18.164   892   892 D SurfaceFlinger:      DEVICE | 0xb400007556573f80 | 0100 | RGBA_8888    |    0.0    0.0  486.0  143.0 |  110 1457  596 1600 | VolumePanelView$_1714#128103
06-18 14:46:18.164   892   892 D SurfaceFlinger:      DEVICE | 0xb400007556573e00 | 0100 | RGBA_8888    |    0.0    0.0  128.0   30.0 |  428   45  556   75 | $_1714#127812
06-18 14:46:18.164   892   892 D SurfaceFlinger:      DEVICE | 0xb400007556b3e700 | 0100 | RGBA_8888    |    0.0    0.0   66.0  120.0 |  654  537  720  657 | AssistantMenuFloatingIconUI$_1687#126621
06-18 14:46:18.164   892   892 D SurfaceFlinger: 
06-18 14:46:18.188  1714  1714 D SecVolume.SecVolumeStore: dispatch [ACTION_SEND_ACCESSIBILITY_EVENT] with [STATE_CAPTION_COMPONENT_CHANGED]
06-18 14:46:18.188  1714  1714 D SecVolume.SecVolumeStore:   > New State : [STATE_RESCHEDULE_TIME_OUT]
06-18 14:46:18.188  1714  1714 D SecVolume.SecVolumeStore: dispatch [ACTION_SEND_ACCESSIBILITY_EVENT] with [STATE_RESCHEDULE_TIME_OUT]
06-18 14:46:18.189  1714  1714 D SecVolume.SecVolumeStore:   > New State : [STATE_RESCHEDULE_TIME_OUT]
06-18 14:46:18.270  3536  4361 I SDHMS:D : SIOP:: AP:445 BAT:337 USB:0 CHG:414 PA:464 BLK:0 SUBBAT:0 SKIN:355 SKINF:355 SKINB:353 LRP:355 LRF:355 LRB:353 
06-18 14:46:18.304  1209 25662 D SemWifiUsabilityStatsMonitor: onWifiUsabilityStats - seqNum 80292, isSameBssidAndFreq true
06-18 14:46:18.308  1209  1565 I SemWifiLinkQualityMonitor: Link Qos Query: 0.429 ms / 18.670 Mbps (65 / 0.000 / 3.482)
06-18 14:46:18.331 27630 27871 D BtGatt.GattService: onScanResult to scannerId: 3- eventType=0x10, addressType=1, address=2C9F4C_E, primaryPhy=1, secondaryPhy=0, advertisingSid=0xff, txPower=127, rssi=-78, periodicAdvInt=0x0
06-18 14:46:18.449   396   396 D io_stats: !@ 179,0 r 44809808 790180767 w 18127426 187994504 d 1196669 58392776 f 0 0 iot 25137092 0 th 0 0 0 pt 0 inp 0 0 536679.698
06-18 14:46:18.497  1209  1526 D BluetoothA2dp: getActiveDevice()
06-18 14:46:18.505  1209  1526 D AS.AudioService: isBluetoothDualModeActive=false
06-18 14:46:18.505  1209  1526 D SettingsProvider: isChangeAllowed() : name = volume_music_bt_a2dp
06-18 14:46:18.505  1209  1526 I GenerationRegistry: mBackingStore.isClosed() : false
06-18 14:46:18.636 21578 21578 I DecorView: notifyKeepScreenOnChanged: keepScreenOn=true
06-18 14:46:18.637  1021  1561 I bauth_FPBAuthService: pcf : 0x1012, 0 ,2 ,0 ,0 ,0 ,2, 7.0.0.1
06-18 14:46:18.637  1021  1561 I bauth_FPBAuthService: thread id : 2, preenroll_flag : 0, nd cnt : 1, cso : 1, et : 0
06-18 14:46:18.637  1021  1561 I bauth_FPBAuthService: FPBAuthService, 11463
06-18 14:46:18.642 21578 21578 I ViewRootImpl@32f1b[MainActivity]: performTraversals params={(0,0)(fillxfill) sim={adjust=resize} layoutInDisplayCutoutMode=shortEdges ty=BASE_APPLICATION wanim=0x1030309
06-18 14:46:18.642 21578 21578 I ViewRootImpl@32f1b[MainActivity]:   fl=8d810780
06-18 14:46:18.642 21578 21578 I ViewRootImpl@32f1b[MainActivity]:   pfl=1e020040
06-18 14:46:18.642 21578 21578 I ViewRootImpl@32f1b[MainActivity]:   vsysui=700
06-18 14:46:18.642 21578 21578 I ViewRootImpl@32f1b[MainActivity]:   bhv=SHOW_TRANSIENT_BARS_BY_SWIPE
06-18 14:46:18.642 21578 21578 I ViewRootImpl@32f1b[MainActivity]:   fitSides= naviIconColor=0}
06-18 14:46:18.644 21578 21578 I ViewRootImpl@32f1b[MainActivity]: performTraversals mFirst=false windowShouldResize=false viewVisibilityChanged=false mForceNextWindowRelayout=false params={(0,0)(fillxfill) sim={adjust=resize} layoutInDisplayCutoutMode=shortEdges ty=BASE_APPLICATION wanim=0x1030309
06-18 14:46:18.644 21578 21578 I ViewRootImpl@32f1b[MainActivity]:   fl=8d810780
06-18 14:46:18.644 21578 21578 I ViewRootImpl@32f1b[MainActivity]:   pfl=1e020040
06-18 14:46:18.644 21578 21578 I ViewRootImpl@32f1b[MainActivity]:   vsysui=700
06-18 14:46:18.644 21578 21578 I ViewRootImpl@32f1b[MainActivity]:   bhv=SHOW_TRANSIENT_BARS_BY_SWIPE
06-18 14:46:18.644 21578 21578 I ViewRootImpl@32f1b[MainActivity]:   fitSides= naviIconColor=0}
06-18 14:46:18.644  1209  1832 V WindowManager: Relayout Window{2d36320 u0 app.netmirror.netmirrornew/app.netmirror.netmirrornew.MainActivity}: viewVisibility=0 req=1600x720 d0
06-18 14:46:18.645  1209  1832 W WindowManager: lockNow pending, ignore updating lockscreen timeout
06-18 14:46:18.650  1209  1832 V WindowManager: Relayout hash=2d36320, pid=21578, syncId=-1: mAttrs={(0,0)(fillxfill) sim={adjust=resize} layoutInDisplayCutoutMode=shortEdges ty=BASE_APPLICATION wanim=0x1030309
06-18 14:46:18.650  1209  1832 V WindowManager:   fl=8d810780
06-18 14:46:18.650  1209  1832 V WindowManager:   pfl=1e020040
06-18 14:46:18.650  1209  1832 V WindowManager:   vsysui=700
06-18 14:46:18.650  1209  1832 V WindowManager:   bhv=SHOW_TRANSIENT_BARS_BY_SWIPE
06-18 14:46:18.650  1209  1832 V WindowManager:   fitSides= naviIconColor=0}
06-18 14:46:18.651 21578 21578 I ViewRootImpl@32f1b[MainActivity]: updateBlastSurfaceIfNeeded mBlastBufferQueue=0xb400007be7947500 isSameSurfaceControl=true
06-18 14:46:18.652 21578 21578 I BLASTBufferQueue: update, w= 1600 h= 720 mName = ViewRootImpl@32f1b[MainActivity] mNativeObject= 0xb400007be7947500 sc.mNativeObject= 0xb4000079b3de7f00 format= -1 caller= android.view.ViewRootImpl.updateBlastSurfaceIfNeeded:2898 android.view.ViewRootImpl.relayoutWindow:9847 android.view.ViewRootImpl.performTraversals:3884 android.view.ViewRootImpl.doTraversal:3116 android.view.ViewRootImpl$TraversalRunnable.run:10885 android.view.Choreographer$CallbackRecord.run:1301 
06-18 14:46:18.652 21578 21578 I ViewRootImpl@32f1b[MainActivity]: Relayout returned: old=(0,0,1600,720) new=(0,0,1600,720) req=(1600,720)0 dur=7 res=0x0 s={true 0xb400007c5eb70800} ch=false seqId=0
06-18 14:46:18.769 20713 23538 W adbd    : timed out while waiting for FUNCTIONFS_BIND, trying again
06-18 14:46:18.769 20713 23538 I adbd    : UsbFfs: connection terminated: monitor thread finished
06-18 14:46:18.768  1209  1563 D SemNscXgbMsL1: Probability - Cloud gaming: [0.060186088]
06-18 14:46:18.769  1209  1563 D SemNscXgbMsL1: Probability - Real time: [0.97329605]
06-18 14:46:18.770  1209  1563 D SemNscXgbMsL1: Probability - Non real time: [0.72882426]
06-18 14:46:18.770  1209  1563 D SemNscXgbMsL1: 1 sample inference time: 1.355077 msecs
06-18 14:46:18.772  1209  1563 D SemNscXgbL2Rt: L2 RT 1 sample inference time: 2.113731 msecs
06-18 14:46:18.773  1209  1563 D SemNscXgbL2Nrt: L2 NRT 1 sample inference time: 0.701962 msecs
06-18 14:46:18.819 20713 20718 I adbd    : opening control endpoint /dev/usb-ffs/adb/ep0
06-18 14:46:18.887  1209  1487 D NetworkPolicy: Ultra data saving mode enabled
06-18 14:46:18.888  1209  1487 D NetworkPolicy: Ultra data saving mode installed then go to Devicecare
06-18 14:46:18.889  1209  1487 D ApplicationPolicy: isStatusBarNotificationAllowedAsUser: packageName = android,userId = 0
06-18 14:46:18.889  1209  1487 D ApplicationPolicy: isStatusBarNotificationAllowedAsUser: packageName = android,userId = -1
06-18 14:46:18.889  1209  1487 D ApplicationPolicy: isStatusBarNotificationAllowedAsUser: converting userId from USER_ALLto 0
06-18 14:46:18.890  1209  1487 E NotificationService: Suppressing notification from package android by user request.
06-18 14:46:18.924  1668  1989 D PhoneInterfaceManager: setDataEnabledForReason() Reason=1 Pid=1209 App=system
06-18 14:46:19.180 27630 27871 D BtGatt.GattService: onScanResult to scannerId: 3- eventType=0x10, addressType=1, address=2C9F4C_E, primaryPhy=1, secondaryPhy=0, advertisingSid=0xff, txPower=127, rssi=-77, periodicAdvInt=0x0
06-18 14:46:19.273  1209  1563 D SemNscXgbMsL1: Probability - Cloud gaming: [0.048226453]
06-18 14:46:19.273  1209  1563 D SemNscXgbMsL1: Probability - Real time: [0.98770124]
06-18 14:46:19.273  1209  1563 D SemNscXgbMsL1: Probability - Non real time: [0.566759]
06-18 14:46:19.273  1209  1563 D SemNscXgbMsL1: 1 sample inference time: 0.638077 msecs
06-18 14:46:19.274  1209  1563 D SemNscXgbL2Rt: L2 RT 1 sample inference time: 0.861923 msecs
06-18 14:46:19.275  1209  1563 D SemNscXgbL2Nrt: L2 NRT 1 sample inference time: 0.896269 msecs
06-18 14:46:19.316  1829 27765 D IpClient/wlan0: interfaceLinkStateChanged: ifindex 12 up
06-18 14:46:19.638  1021  1561 I bauth_FPBAuthService: pcf : 0x1012, 0 ,2 ,0 ,0 ,0 ,2, 7.0.0.1
06-18 14:46:19.638  1021  1561 I bauth_FPBAuthService: thread id : 2, preenroll_flag : 0, nd cnt : 1, cso : 1, et : 0
06-18 14:46:19.638  1021  1561 I bauth_FPBAuthService: FPBAuthService, 11463
06-18 14:46:19.776  1209  1563 D SemNscXgbMsL1: Probability - Cloud gaming: [0.030066479]
06-18 14:46:19.776  1209  1563 D SemNscXgbMsL1: Probability - Real time: [0.9882731]
06-18 14:46:19.776  1209  1563 D SemNscXgbMsL1: Probability - Non real time: [0.5506391]
06-18 14:46:19.776  1209  1563 D SemNscXgbMsL1: 1 sample inference time: 0.576154 msecs
06-18 14:46:19.777  1209  1563 D SemNscXgbL2Rt: L2 RT 1 sample inference time: 0.7895 msecs
06-18 14:46:19.778  1209  1563 D SemNscXgbL2Nrt: L2 NRT 1 sample inference time: 1.149 msecs
06-18 14:46:19.822 20713 23542 W adbd    : timed out while waiting for FUNCTIONFS_BIND, trying again
06-18 14:46:19.822 20713 23542 I adbd    : UsbFfs: connection terminated: monitor thread finished
06-18 14:46:19.871 20713 20718 I adbd    : opening control endpoint /dev/usb-ffs/adb/ep0
06-18 14:46:20.279  1209  1563 D SemNscXgbMsL1: Probability - Cloud gaming: [0.083955675]
06-18 14:46:20.280  1209  1563 D SemNscXgbMsL1: Probability - Real time: [0.9916853]
06-18 14:46:20.280  1209  1563 D SemNscXgbMsL1: Probability - Non real time: [0.47724956]
06-18 14:46:20.280  1209  1563 D SemNscXgbMsL1: 1 sample inference time: 0.631192 msecs
06-18 14:46:20.282  1209  1563 D SemNscXgbL2Rt: L2 RT 1 sample inference time: 2.165961 msecs
06-18 14:46:20.283  1209  1563 D SemNscXgbL2Nrt: L2 NRT 1 sample inference time: 0.723385 msecs
06-18 14:46:20.449   396   396 D io_stats: !@ 179,0 r 44809809 790180771 w 18127468 187995976 d 1196669 58392776 f 0 0 iot 25137200 0 th 0 0 0 pt 0 inp 0 0 536681.699
06-18 14:46:20.638  1021  1561 I bauth_FPBAuthService: pcf : 0x1012, 0 ,2 ,0 ,0 ,0 ,2, 7.0.0.1
06-18 14:46:20.638  1021  1561 I bauth_FPBAuthService: thread id : 2, preenroll_flag : 0, nd cnt : 1, cso : 1, et : 0
06-18 14:46:20.638  1021  1561 I bauth_FPBAuthService: FPBAuthService, 11463
06-18 14:46:20.784  1209  1563 D SemNscXgbMsL1: Probability - Cloud gaming: [0.14218469]
06-18 14:46:20.784  1209  1563 D SemNscXgbMsL1: Probability - Real time: [0.89400977]
06-18 14:46:20.784  1209  1563 D SemNscXgbMsL1: Probability - Non real time: [0.6168131]
06-18 14:46:20.785  1209  1563 D SemNscXgbMsL1: 1 sample inference time: 0.758577 msecs
06-18 14:46:20.786  1209  1563 D SemNscXgbL2Rt: L2 RT 1 sample inference time: 1.501962 msecs
06-18 14:46:20.789  1209  1563 D SemNscXgbL2Nrt: L2 NRT 1 sample inference time: 2.577115 msecs
06-18 14:46:20.876 20713 23543 W adbd    : timed out while waiting for FUNCTIONFS_BIND, trying again
06-18 14:46:20.876 20713 23543 I adbd    : UsbFfs: connection terminated: monitor thread finished
06-18 14:46:20.927 20713 20718 I adbd    : opening control endpoint /dev/usb-ffs/adb/ep0
06-18 14:46:21.127 21578 21835 D or.netmirrornew: PlayerBase::~PlayerBase()
06-18 14:46:21.131  1714  1821 D MobileStatusTracker(0/7): onSignalStrengthsChanged level=4, vendorLevel=4
06-18 14:46:21.135  1714  1821 D MobileSignalController(0/7): notifyListener: enabled=true, connected=true, dataConnected=false, networkType=LTE (4G), emergencyOnly=false, roaming=false, isDefault=false, dataActivity=, level=4, ca=false, mmWave=false, disabledDataIcon=false, simCard=AIRTEL
06-18 14:46:21.135  1714  1821 D NetworkController: SignalStrength from intent slotId=0
06-18 14:46:21.138 27630 27871 D BtGatt.GattService: onScanResult to scannerId: 3- eventType=0x0, addressType=1, address=1314E4_5, primaryPhy=1, secondaryPhy=1, advertisingSid=0x1, txPower=127, rssi=-83, periodicAdvInt=0x0
06-18 14:46:21.170 27630 27871 D BtGatt.GattService: onScanResult to scannerId: 3- eventType=0x10, addressType=1, address=2C9F4C_E, primaryPhy=1, secondaryPhy=0, advertisingSid=0xff, txPower=127, rssi=-89, periodicAdvInt=0x0
06-18 14:46:21.189  1714  1714 D SecVolume.SecVolumeStore: dispatch [ACTION_TIME_OUT] with [STATE_RESCHEDULE_TIME_OUT]
06-18 14:46:21.189  1714  1714 D SecVolume.SecVolumeStore:   > New State : [STATE_DISMISS_VOLUME_PANEL]
06-18 14:46:21.190  1714  1714 D SecVolume.SecVolumeStore: dispatch [ACTION_ANIMATION_START] with [STATE_DISMISS_VOLUME_PANEL]
06-18 14:46:21.190  1714  1714 D SecVolume.SecVolumeStore:   > New State : [STATE_NO_DISPATCH]
06-18 14:46:21.314  1209 25662 D SemWifiUsabilityStatsMonitor: onWifiUsabilityStats - seqNum 80293, isSameBssidAndFreq true
06-18 14:46:21.316  1209  1565 I SemWifiLinkQualityMonitor: Link Qos Query: 0.265 ms / 30.206 Mbps (65 / 0.000 / 2.152)
06-18 14:46:21.369  1209  1585 D WifiConnectivityMonitor.NetworkStatsAnalyzer: Backhaul result - RSSI:-47, CE:24, PE:24, TI:30, PTI:30, TW:1, PTW:1, Tx:1281, Rx:1317, TxS:1209, RxS:1266, RESULT:true, IC:0, ICT:5, WC:0, WCT:5, R:0, RC:0, IE:0, EC:0
06-18 14:46:21.549  1209  1832 D CoreBackPreview: Window{3ac8035 u0 VolumePanelView}: Setting back callback null
06-18 14:46:21.551  1714  1714 I MSHandlerLifeCycle: removeMultiSplitHandler: no exist. decor=DecorView@5f7cd5[VolumePanelView]
06-18 14:46:21.553  1714  1792 D OpenGLRenderer: setSurface called with nullptr
06-18 14:46:21.553  1714  1792 D OpenGLRenderer: setSurface() destroyed EGLSurface
06-18 14:46:21.553  1714  1792 D OpenGLRenderer: destroyEglSurface
06-18 14:46:21.555  1714  1714 I ViewRootImpl@ce82c6f[VolumePanelView]: dispatchDetachedFromWindow
06-18 14:46:21.557  1209  1832 D InputTransport: Input channel destroyed: '3ac8035', fd=745
06-18 14:46:21.557  1209  1832 W InputManager-JNI: Input channel object '3ac8035 VolumePanelView (client)' was disposed without first being removed with the input manager!
06-18 14:46:21.557  1209  1832 D InputTransport: Input channel destroyed: '3ac8035', fd=749
06-18 14:46:21.557  1209  1832 V WindowManager: Remove Window{3ac8035 u0 VolumePanelView}: mSurfaceController=Surface(name=VolumePanelView$_1714)/@0x86fc61b mAnimatingExit=false mRemoveOnExit=false mHasSurface=true surfaceShowing=true animating=false app-animation=false mWillReplaceWindow=false mDisplayFrozen=false callers=com.android.server.wm.WindowState.removeIfPossible:3041 com.android.server.wm.WindowManagerService.removeWindow:2289 com.android.server.wm.Session.remove:236 android.view.IWindowSession$Stub.onTransact:743 com.android.server.wm.Session.onTransact:188 android.os.Binder.execTransactInternal:1321 
06-18 14:46:21.558  1209  1832 I WindowManager: Destroying surface Surface(name=VolumePanelView$_1714)/@0x86fc61b called by com.android.server.wm.WindowStateAnimator.destroySurface:942 com.android.server.wm.WindowStateAnimator.destroySurfaceLocked:536 com.android.server.wm.WindowState.removeImmediately:2969 com.android.server.wm.WindowState.removeIfPossible:3228 com.android.server.wm.WindowState.removeIfPossible:3041 com.android.server.wm.WindowManagerService.removeWindow:2289 com.android.server.wm.Session.remove:236 android.view.IWindowSession$Stub.onTransact:743 
06-18 14:46:21.559   870 21381 D DlbDap2Process: process() called [16500] times with input format 0x22 and channel mask 0x3 (ProcessingMode=1), htEnable=0(0, 0, 0)
06-18 14:46:21.561  1209  1832 W WindowManager: lockNow pending, ignore updating lockscreen timeout
06-18 14:46:21.565  1714  1714 D InputTransport: Input channel destroyed: '3ac8035', fd=320
